#! /usr/bin/vvp
:ivl_version "12.0 (stable)";
:ivl_delay_selection "TYPICAL";
:vpi_time_precision + 0;
:vpi_module "/usr/lib/x86_64-linux-gnu/ivl/system.vpi";
:vpi_module "/usr/lib/x86_64-linux-gnu/ivl/vhdl_sys.vpi";
:vpi_module "/usr/lib/x86_64-linux-gnu/ivl/vhdl_textio.vpi";
:vpi_module "/usr/lib/x86_64-linux-gnu/ivl/v2005_math.vpi";
:vpi_module "/usr/lib/x86_64-linux-gnu/ivl/va_math.vpi";
S_0x5ad159a17300 .scope module, "ConversorBin_TB" "ConversorBin_TB" 2 1;
 .timescale 0 0;
v0x5ad159a61d50_0 .var "bcd", 19 0;
v0x5ad159a61e30_0 .net "binario", 15 0, L_0x5ad159a63f80;  1 drivers
v0x5ad159a61ef0_0 .var "clk", 0 0;
v0x5ad159a61f90_0 .net "done", 0 0, v0x5ad159a15c00_0;  1 drivers
v0x5ad159a62080_0 .var "init", 0 0;
v0x5ad159a621c0_0 .var "rst_n", 0 0;
S_0x5ad159a16f00 .scope module, "dut" "ConversorBin" 2 8, 3 1 0, S_0x5ad159a17300;
 .timescale 0 0;
    .port_info 0 /INPUT 1 "clk";
    .port_info 1 /INPUT 1 "rst_n";
    .port_info 2 /INPUT 1 "init";
    .port_info 3 /INPUT 20 "bcd";
    .port_info 4 /OUTPUT 16 "binario";
    .port_info 5 /OUTPUT 1 "done";
v0x5ad159a60e90_0 .net "bcd", 19 0, v0x5ad159a61d50_0;  1 drivers
v0x5ad159a60f70_0 .net "binario", 15 0, L_0x5ad159a63f80;  alias, 1 drivers
v0x5ad159a61030_0 .net "clk", 0 0, v0x5ad159a61ef0_0;  1 drivers
v0x5ad159a61160_0 .net "dec", 0 0, v0x5ad159a15060_0;  1 drivers
v0x5ad159a61200_0 .net "done", 0 0, v0x5ad159a15c00_0;  alias, 1 drivers
v0x5ad159a612a0_0 .net "init", 0 0, v0x5ad159a62080_0;  1 drivers
v0x5ad159a61340_0 .net "ld", 0 0, v0x5ad159a5c250_0;  1 drivers
v0x5ad159a61470_0 .net "rst_n", 0 0, v0x5ad159a621c0_0;  1 drivers
v0x5ad159a615a0_0 .net "shift", 0 0, v0x5ad159a5c500_0;  1 drivers
v0x5ad159a616d0_0 .net "subtract", 0 0, v0x5ad159a5c6a0_0;  1 drivers
v0x5ad159a61770_0 .net "zero", 0 0, L_0x5ad159a63ee0;  1 drivers
S_0x5ad159a16ac0 .scope module, "u_control" "Control" 3 12, 4 1 0, S_0x5ad159a16f00;
 .timescale 0 0;
    .port_info 0 /INPUT 1 "clk";
    .port_info 1 /INPUT 1 "rst_n";
    .port_info 2 /INPUT 1 "init";
    .port_info 3 /INPUT 1 "zero";
    .port_info 4 /OUTPUT 1 "ld";
    .port_info 5 /OUTPUT 1 "shift";
    .port_info 6 /OUTPUT 1 "dec";
    .port_info 7 /OUTPUT 1 "subtract";
    .port_info 8 /OUTPUT 1 "done";
P_0x5ad159a3d420 .param/l "S_CHECK1" 1 4 14, C4<001>;
P_0x5ad159a3d460 .param/l "S_CHECK2" 1 4 16, C4<011>;
P_0x5ad159a3d4a0 .param/l "S_FINAL" 1 4 15, C4<010>;
P_0x5ad159a3d4e0 .param/l "S_SHIFTDEC" 1 4 18, C4<101>;
P_0x5ad159a3d520 .param/l "S_START" 1 4 13, C4<000>;
P_0x5ad159a3d560 .param/l "S_SUBTRACT" 1 4 17, C4<100>;
v0x5ad159a3df60_0 .net "clk", 0 0, v0x5ad159a61ef0_0;  alias, 1 drivers
v0x5ad159a15060_0 .var "dec", 0 0;
v0x5ad159a15c00_0 .var "done", 0 0;
v0x5ad159a31b50_0 .net "init", 0 0, v0x5ad159a62080_0;  alias, 1 drivers
v0x5ad159a5c250_0 .var "ld", 0 0;
v0x5ad159a5c360_0 .var "next_state", 2 0;
v0x5ad159a5c440_0 .net "rst_n", 0 0, v0x5ad159a621c0_0;  alias, 1 drivers
v0x5ad159a5c500_0 .var "shift", 0 0;
v0x5ad159a5c5c0_0 .var "state", 2 0;
v0x5ad159a5c6a0_0 .var "subtract", 0 0;
v0x5ad159a5c760_0 .net "zero", 0 0, L_0x5ad159a63ee0;  alias, 1 drivers
E_0x5ad159a22d30 .event anyedge, v0x5ad159a5c5c0_0;
E_0x5ad159a231e0 .event anyedge, v0x5ad159a5c5c0_0, v0x5ad159a31b50_0, v0x5ad159a5c760_0;
E_0x5ad159a23650/0 .event negedge, v0x5ad159a5c440_0;
E_0x5ad159a23650/1 .event posedge, v0x5ad159a3df60_0;
E_0x5ad159a23650 .event/or E_0x5ad159a23650/0, E_0x5ad159a23650/1;
S_0x5ad159a5c940 .scope module, "u_datapath" "CaminoDeDatos" 3 24, 5 1 0, S_0x5ad159a16f00;
 .timescale 0 0;
    .port_info 0 /INPUT 1 "clk";
    .port_info 1 /INPUT 1 "rst_n";
    .port_info 2 /INPUT 1 "ld";
    .port_info 3 /INPUT 1 "shift";
    .port_info 4 /INPUT 1 "dec";
    .port_info 5 /INPUT 1 "subtract";
    .port_info 6 /INPUT 20 "bcd";
    .port_info 7 /OUTPUT 16 "binario";
    .port_info 8 /OUTPUT 1 "zero";
v0x5ad159a602d0_0 .net "bcd", 19 0, v0x5ad159a61d50_0;  alias, 1 drivers
v0x5ad159a603b0_0 .net "binario", 15 0, L_0x5ad159a63f80;  alias, 1 drivers
v0x5ad159a60470_0 .net "c_out", 4 0, v0x5ad159a5fd90_0;  1 drivers
v0x5ad159a60560_0 .net "clk", 0 0, v0x5ad159a61ef0_0;  alias, 1 drivers
v0x5ad159a60600_0 .net "dec", 0 0, v0x5ad159a15060_0;  alias, 1 drivers
v0x5ad159a60740_0 .net "ld", 0 0, v0x5ad159a5c250_0;  alias, 1 drivers
v0x5ad159a607e0_0 .net "reg_corrected", 35 0, L_0x5ad159a63ba0;  1 drivers
v0x5ad159a608f0_0 .net "reg_out", 35 0, v0x5ad159a5f800_0;  1 drivers
v0x5ad159a60a00_0 .net "rst_n", 0 0, v0x5ad159a621c0_0;  alias, 1 drivers
v0x5ad159a60aa0_0 .net "shift", 0 0, v0x5ad159a5c500_0;  alias, 1 drivers
v0x5ad159a60b40_0 .net "subtract", 0 0, v0x5ad159a5c6a0_0;  alias, 1 drivers
v0x5ad159a60c30_0 .net "zero", 0 0, L_0x5ad159a63ee0;  alias, 1 drivers
L_0x5ad159a63f80 .part v0x5ad159a5f800_0, 0, 16;
S_0x5ad159a5cc20 .scope module, "u_comp" "Comp" 5 40, 6 1 0, S_0x5ad159a5c940;
 .timescale 0 0;
    .port_info 0 /INPUT 5 "c_in";
    .port_info 1 /OUTPUT 1 "zero";
L_0x7662649292e8 .functor BUFT 1, C4<00000>, C4<0>, C4<0>, C4<0>;
v0x5ad159a5ce20_0 .net/2u *"_ivl_0", 4 0, L_0x7662649292e8;  1 drivers
v0x5ad159a5cf20_0 .net "c_in", 4 0, v0x5ad159a5fd90_0;  alias, 1 drivers
v0x5ad159a5d000_0 .net "zero", 0 0, L_0x5ad159a63ee0;  alias, 1 drivers
L_0x5ad159a63ee0 .cmp/eq 5, v0x5ad159a5fd90_0, L_0x7662649292e8;
S_0x5ad159a5d0c0 .scope module, "u_correction" "CorrectionBin" 5 27, 7 1 0, S_0x5ad159a5c940;
 .timescale 0 0;
    .port_info 0 /INPUT 36 "reg_in";
    .port_info 1 /OUTPUT 36 "reg_corrected";
L_0x766264929018 .functor BUFT 1, C4<1000>, C4<0>, C4<0>, C4<0>;
v0x5ad159a5d2a0_0 .net/2u *"_ivl_10", 3 0, L_0x766264929018;  1 drivers
v0x5ad159a5d3a0_0 .net *"_ivl_12", 0 0, L_0x5ad159a62610;  1 drivers
L_0x766264929060 .functor BUFT 1, C4<0011>, C4<0>, C4<0>, C4<0>;
v0x5ad159a5d460_0 .net/2u *"_ivl_14", 3 0, L_0x766264929060;  1 drivers
v0x5ad159a5d520_0 .net *"_ivl_16", 3 0, L_0x5ad159a62740;  1 drivers
L_0x7662649290a8 .functor BUFT 1, C4<1000>, C4<0>, C4<0>, C4<0>;
v0x5ad159a5d600_0 .net/2u *"_ivl_20", 3 0, L_0x7662649290a8;  1 drivers
v0x5ad159a5d730_0 .net *"_ivl_22", 0 0, L_0x5ad159a62a00;  1 drivers
L_0x7662649290f0 .functor BUFT 1, C4<0011>, C4<0>, C4<0>, C4<0>;
v0x5ad159a5d7f0_0 .net/2u *"_ivl_24", 3 0, L_0x7662649290f0;  1 drivers
v0x5ad159a5d8d0_0 .net *"_ivl_26", 3 0, L_0x5ad159a62b40;  1 drivers
L_0x766264929138 .functor BUFT 1, C4<1000>, C4<0>, C4<0>, C4<0>;
v0x5ad159a5d9b0_0 .net/2u *"_ivl_30", 3 0, L_0x766264929138;  1 drivers
v0x5ad159a5db20_0 .net *"_ivl_32", 0 0, L_0x5ad159a62e10;  1 drivers
L_0x766264929180 .functor BUFT 1, C4<0011>, C4<0>, C4<0>, C4<0>;
v0x5ad159a5dbe0_0 .net/2u *"_ivl_34", 3 0, L_0x766264929180;  1 drivers
v0x5ad159a5dcc0_0 .net *"_ivl_36", 3 0, L_0x5ad159a62fc0;  1 drivers
L_0x7662649291c8 .functor BUFT 1, C4<1000>, C4<0>, C4<0>, C4<0>;
v0x5ad159a5dda0_0 .net/2u *"_ivl_40", 3 0, L_0x7662649291c8;  1 drivers
v0x5ad159a5de80_0 .net *"_ivl_42", 0 0, L_0x5ad159a632b0;  1 drivers
L_0x766264929210 .functor BUFT 1, C4<0011>, C4<0>, C4<0>, C4<0>;
v0x5ad159a5df40_0 .net/2u *"_ivl_44", 3 0, L_0x766264929210;  1 drivers
v0x5ad159a5e020_0 .net *"_ivl_46", 3 0, L_0x5ad159a633f0;  1 drivers
L_0x766264929258 .functor BUFT 1, C4<1000>, C4<0>, C4<0>, C4<0>;
v0x5ad159a5e100_0 .net/2u *"_ivl_50", 3 0, L_0x766264929258;  1 drivers
v0x5ad159a5e1e0_0 .net *"_ivl_52", 0 0, L_0x5ad159a63780;  1 drivers
L_0x7662649292a0 .functor BUFT 1, C4<0011>, C4<0>, C4<0>, C4<0>;
v0x5ad159a5e2a0_0 .net/2u *"_ivl_54", 3 0, L_0x7662649292a0;  1 drivers
v0x5ad159a5e380_0 .net *"_ivl_56", 3 0, L_0x5ad159a63910;  1 drivers
v0x5ad159a5e460_0 .net *"_ivl_61", 15 0, L_0x5ad159a63870;  1 drivers
v0x5ad159a5e540_0 .net "d0", 3 0, L_0x5ad159a62260;  1 drivers
v0x5ad159a5e620_0 .net "d0_c", 3 0, L_0x5ad159a62830;  1 drivers
v0x5ad159a5e700_0 .net "d1", 3 0, L_0x5ad159a62300;  1 drivers
v0x5ad159a5e7e0_0 .net "d1_c", 3 0, L_0x5ad159a62c90;  1 drivers
v0x5ad159a5e8c0_0 .net "d2", 3 0, L_0x5ad159a62430;  1 drivers
v0x5ad159a5e9a0_0 .net "d2_c", 3 0, L_0x5ad159a630b0;  1 drivers
v0x5ad159a5ea80_0 .net "d3", 3 0, L_0x5ad159a624d0;  1 drivers
v0x5ad159a5eb60_0 .net "d3_c", 3 0, L_0x5ad159a63570;  1 drivers
v0x5ad159a5ec40_0 .net "d4", 3 0, L_0x5ad159a62570;  1 drivers
v0x5ad159a5ed20_0 .net "d4_c", 3 0, L_0x5ad159a63a00;  1 drivers
v0x5ad159a5ee00_0 .net "reg_corrected", 35 0, L_0x5ad159a63ba0;  alias, 1 drivers
v0x5ad159a5eee0_0 .net "reg_in", 35 0, v0x5ad159a5f800_0;  alias, 1 drivers
L_0x5ad159a62260 .part v0x5ad159a5f800_0, 16, 4;
L_0x5ad159a62300 .part v0x5ad159a5f800_0, 20, 4;
L_0x5ad159a62430 .part v0x5ad159a5f800_0, 24, 4;
L_0x5ad159a624d0 .part v0x5ad159a5f800_0, 28, 4;
L_0x5ad159a62570 .part v0x5ad159a5f800_0, 32, 4;
L_0x5ad159a62610 .cmp/ge 4, L_0x5ad159a62260, L_0x766264929018;
L_0x5ad159a62740 .arith/sub 4, L_0x5ad159a62260, L_0x766264929060;
L_0x5ad159a62830 .functor MUXZ 4, L_0x5ad159a62260, L_0x5ad159a62740, L_0x5ad159a62610, C4<>;
L_0x5ad159a62a00 .cmp/ge 4, L_0x5ad159a62300, L_0x7662649290a8;
L_0x5ad159a62b40 .arith/sub 4, L_0x5ad159a62300, L_0x7662649290f0;
L_0x5ad159a62c90 .functor MUXZ 4, L_0x5ad159a62300, L_0x5ad159a62b40, L_0x5ad159a62a00, C4<>;
L_0x5ad159a62e10 .cmp/ge 4, L_0x5ad159a62430, L_0x766264929138;
L_0x5ad159a62fc0 .arith/sub 4, L_0x5ad159a62430, L_0x766264929180;
L_0x5ad159a630b0 .functor MUXZ 4, L_0x5ad159a62430, L_0x5ad159a62fc0, L_0x5ad159a62e10, C4<>;
L_0x5ad159a632b0 .cmp/ge 4, L_0x5ad159a624d0, L_0x7662649291c8;
L_0x5ad159a633f0 .arith/sub 4, L_0x5ad159a624d0, L_0x766264929210;
L_0x5ad159a63570 .functor MUXZ 4, L_0x5ad159a624d0, L_0x5ad159a633f0, L_0x5ad159a632b0, C4<>;
L_0x5ad159a63780 .cmp/ge 4, L_0x5ad159a62570, L_0x766264929258;
L_0x5ad159a63910 .arith/sub 4, L_0x5ad159a62570, L_0x7662649292a0;
L_0x5ad159a63a00 .functor MUXZ 4, L_0x5ad159a62570, L_0x5ad159a63910, L_0x5ad159a63780, C4<>;
L_0x5ad159a63870 .part v0x5ad159a5f800_0, 0, 16;
LS_0x5ad159a63ba0_0_0 .concat [ 16 4 4 4], L_0x5ad159a63870, L_0x5ad159a62830, L_0x5ad159a62c90, L_0x5ad159a630b0;
LS_0x5ad159a63ba0_0_4 .concat [ 4 4 0 0], L_0x5ad159a63570, L_0x5ad159a63a00;
L_0x5ad159a63ba0 .concat [ 28 8 0 0], LS_0x5ad159a63ba0_0_0, LS_0x5ad159a63ba0_0_4;
S_0x5ad159a5f230 .scope module, "u_reg_bcd" "RegBCD" 5 16, 8 1 0, S_0x5ad159a5c940;
 .timescale 0 0;
    .port_info 0 /INPUT 1 "clk";
    .port_info 1 /INPUT 1 "rst_n";
    .port_info 2 /INPUT 1 "ld";
    .port_info 3 /INPUT 1 "shift";
    .port_info 4 /INPUT 1 "subtract";
    .port_info 5 /INPUT 20 "bcd_in";
    .port_info 6 /INPUT 36 "corrected_in";
    .port_info 7 /OUTPUT 36 "reg_out";
v0x5ad159a5f4e0_0 .net "bcd_in", 19 0, v0x5ad159a61d50_0;  alias, 1 drivers
v0x5ad159a5f5a0_0 .net "clk", 0 0, v0x5ad159a61ef0_0;  alias, 1 drivers
v0x5ad159a5f660_0 .net "corrected_in", 35 0, L_0x5ad159a63ba0;  alias, 1 drivers
v0x5ad159a5f730_0 .net "ld", 0 0, v0x5ad159a5c250_0;  alias, 1 drivers
v0x5ad159a5f800_0 .var "reg_out", 35 0;
v0x5ad159a5f8f0_0 .net "rst_n", 0 0, v0x5ad159a621c0_0;  alias, 1 drivers
v0x5ad159a5f9c0_0 .net "shift", 0 0, v0x5ad159a5c500_0;  alias, 1 drivers
v0x5ad159a5fa90_0 .net "subtract", 0 0, v0x5ad159a5c6a0_0;  alias, 1 drivers
S_0x5ad159a5fbd0 .scope module, "u_reg_c" "RegC" 5 32, 9 1 0, S_0x5ad159a5c940;
 .timescale 0 0;
    .port_info 0 /INPUT 1 "clk";
    .port_info 1 /INPUT 1 "rst_n";
    .port_info 2 /INPUT 1 "ld";
    .port_info 3 /INPUT 1 "dec";
    .port_info 4 /OUTPUT 5 "c_out";
v0x5ad159a5fd90_0 .var "c_out", 4 0;
v0x5ad159a5fea0_0 .net "clk", 0 0, v0x5ad159a61ef0_0;  alias, 1 drivers
v0x5ad159a5ff90_0 .net "dec", 0 0, v0x5ad159a15060_0;  alias, 1 drivers
v0x5ad159a60060_0 .net "ld", 0 0, v0x5ad159a5c250_0;  alias, 1 drivers
v0x5ad159a60150_0 .net "rst_n", 0 0, v0x5ad159a621c0_0;  alias, 1 drivers
S_0x5ad159a61890 .scope task, "run_test" "run_test" 2 26, 2 26 0, S_0x5ad159a17300;
 .timescale 0 0;
v0x5ad159a61a60_0 .var "value", 19 0;
E_0x5ad159a24490 .event anyedge, v0x5ad159a15c00_0;
TD_ConversorBin_TB.run_test ;
    %load/vec4 v0x5ad159a61a60_0;
    %store/vec4 v0x5ad159a61d50_0, 0, 20;
    %pushi/vec4 1, 0, 1;
    %store/vec4 v0x5ad159a62080_0, 0, 1;
    %fork TD_ConversorBin_TB.step, S_0x5ad159a61b60;
    %join;
    %pushi/vec4 0, 0, 1;
    %store/vec4 v0x5ad159a62080_0, 0, 1;
T_0.0 ;
    %load/vec4 v0x5ad159a61f90_0;
    %cmpi/ne 1, 0, 1;
    %jmp/0xz T_0.1, 6;
    %wait E_0x5ad159a24490;
    %jmp T_0.0;
T_0.1 ;
    %fork TD_ConversorBin_TB.step, S_0x5ad159a61b60;
    %join;
    %end;
S_0x5ad159a61b60 .scope task, "step" "step" 2 19, 2 19 0, S_0x5ad159a17300;
 .timescale 0 0;
E_0x5ad159a61cf0 .event posedge, v0x5ad159a3df60_0;
TD_ConversorBin_TB.step ;
    %wait E_0x5ad159a61cf0;
    %delay 1, 0;
    %end;
    .scope S_0x5ad159a16ac0;
T_2 ;
    %wait E_0x5ad159a23650;
    %load/vec4 v0x5ad159a5c440_0;
    %nor/r;
    %flag_set/vec4 8;
    %jmp/0xz  T_2.0, 8;
    %pushi/vec4 0, 0, 3;
    %assign/vec4 v0x5ad159a5c5c0_0, 0;
    %jmp T_2.1;
T_2.0 ;
    %load/vec4 v0x5ad159a5c360_0;
    %assign/vec4 v0x5ad159a5c5c0_0, 0;
T_2.1 ;
    %jmp T_2;
    .thread T_2;
    .scope S_0x5ad159a16ac0;
T_3 ;
    %wait E_0x5ad159a231e0;
    %load/vec4 v0x5ad159a5c5c0_0;
    %dup/vec4;
    %pushi/vec4 0, 0, 3;
    %cmp/u;
    %jmp/1 T_3.0, 6;
    %dup/vec4;
    %pushi/vec4 1, 0, 3;
    %cmp/u;
    %jmp/1 T_3.1, 6;
    %dup/vec4;
    %pushi/vec4 2, 0, 3;
    %cmp/u;
    %jmp/1 T_3.2, 6;
    %dup/vec4;
    %pushi/vec4 3, 0, 3;
    %cmp/u;
    %jmp/1 T_3.3, 6;
    %dup/vec4;
    %pushi/vec4 4, 0, 3;
    %cmp/u;
    %jmp/1 T_3.4, 6;
    %dup/vec4;
    %pushi/vec4 5, 0, 3;
    %cmp/u;
    %jmp/1 T_3.5, 6;
    %pushi/vec4 0, 0, 3;
    %store/vec4 v0x5ad159a5c360_0, 0, 3;
    %jmp T_3.7;
T_3.0 ;
    %load/vec4 v0x5ad159a31b50_0;
    %flag_set/vec4 8;
    %jmp/0 T_3.8, 8;
    %pushi/vec4 1, 0, 3;
    %jmp/1 T_3.9, 8;
T_3.8 ; End of true expr.
    %pushi/vec4 0, 0, 3;
    %jmp/0 T_3.9, 8;
 ; End of false expr.
    %blend;
T_3.9;
    %store/vec4 v0x5ad159a5c360_0, 0, 3;
    %jmp T_3.7;
T_3.1 ;
    %load/vec4 v0x5ad159a5c760_0;
    %flag_set/vec4 8;
    %jmp/0 T_3.10, 8;
    %pushi/vec4 2, 0, 3;
    %jmp/1 T_3.11, 8;
T_3.10 ; End of true expr.
    %pushi/vec4 3, 0, 3;
    %jmp/0 T_3.11, 8;
 ; End of false expr.
    %blend;
T_3.11;
    %store/vec4 v0x5ad159a5c360_0, 0, 3;
    %jmp T_3.7;
T_3.2 ;
    %pushi/vec4 0, 0, 3;
    %store/vec4 v0x5ad159a5c360_0, 0, 3;
    %jmp T_3.7;
T_3.3 ;
    %pushi/vec4 4, 0, 3;
    %store/vec4 v0x5ad159a5c360_0, 0, 3;
    %jmp T_3.7;
T_3.4 ;
    %pushi/vec4 5, 0, 3;
    %store/vec4 v0x5ad159a5c360_0, 0, 3;
    %jmp T_3.7;
T_3.5 ;
    %pushi/vec4 1, 0, 3;
    %store/vec4 v0x5ad159a5c360_0, 0, 3;
    %jmp T_3.7;
T_3.7 ;
    %pop/vec4 1;
    %jmp T_3;
    .thread T_3, $push;
    .scope S_0x5ad159a16ac0;
T_4 ;
    %wait E_0x5ad159a22d30;
    %pushi/vec4 0, 0, 1;
    %store/vec4 v0x5ad159a5c250_0, 0, 1;
    %pushi/vec4 0, 0, 1;
    %store/vec4 v0x5ad159a5c500_0, 0, 1;
    %pushi/vec4 0, 0, 1;
    %store/vec4 v0x5ad159a15060_0, 0, 1;
    %pushi/vec4 0, 0, 1;
    %store/vec4 v0x5ad159a5c6a0_0, 0, 1;
    %pushi/vec4 0, 0, 1;
    %store/vec4 v0x5ad159a15c00_0, 0, 1;
    %load/vec4 v0x5ad159a5c5c0_0;
    %dup/vec4;
    %pushi/vec4 0, 0, 3;
    %cmp/u;
    %jmp/1 T_4.0, 6;
    %dup/vec4;
    %pushi/vec4 4, 0, 3;
    %cmp/u;
    %jmp/1 T_4.1, 6;
    %dup/vec4;
    %pushi/vec4 5, 0, 3;
    %cmp/u;
    %jmp/1 T_4.2, 6;
    %dup/vec4;
    %pushi/vec4 2, 0, 3;
    %cmp/u;
    %jmp/1 T_4.3, 6;
    %jmp T_4.5;
T_4.0 ;
    %pushi/vec4 1, 0, 1;
    %store/vec4 v0x5ad159a5c250_0, 0, 1;
    %jmp T_4.5;
T_4.1 ;
    %pushi/vec4 1, 0, 1;
    %store/vec4 v0x5ad159a5c6a0_0, 0, 1;
    %jmp T_4.5;
T_4.2 ;
    %pushi/vec4 1, 0, 1;
    %store/vec4 v0x5ad159a5c500_0, 0, 1;
    %pushi/vec4 1, 0, 1;
    %store/vec4 v0x5ad159a15060_0, 0, 1;
    %jmp T_4.5;
T_4.3 ;
    %pushi/vec4 1, 0, 1;
    %store/vec4 v0x5ad159a15c00_0, 0, 1;
    %jmp T_4.5;
T_4.5 ;
    %pop/vec4 1;
    %jmp T_4;
    .thread T_4, $push;
    .scope S_0x5ad159a5f230;
T_5 ;
    %wait E_0x5ad159a23650;
    %load/vec4 v0x5ad159a5f8f0_0;
    %nor/r;
    %flag_set/vec4 8;
    %jmp/0xz  T_5.0, 8;
    %pushi/vec4 0, 0, 36;
    %assign/vec4 v0x5ad159a5f800_0, 0;
    %jmp T_5.1;
T_5.0 ;
    %load/vec4 v0x5ad159a5f730_0;
    %flag_set/vec4 8;
    %jmp/0xz  T_5.2, 8;
    %load/vec4 v0x5ad159a5f4e0_0;
    %concati/vec4 0, 0, 16;
    %assign/vec4 v0x5ad159a5f800_0, 0;
    %jmp T_5.3;
T_5.2 ;
    %load/vec4 v0x5ad159a5fa90_0;
    %flag_set/vec4 8;
    %jmp/0xz  T_5.4, 8;
    %load/vec4 v0x5ad159a5f660_0;
    %assign/vec4 v0x5ad159a5f800_0, 0;
    %jmp T_5.5;
T_5.4 ;
    %load/vec4 v0x5ad159a5f9c0_0;
    %flag_set/vec4 8;
    %jmp/0xz  T_5.6, 8;
    %load/vec4 v0x5ad159a5f800_0;
    %ix/load 4, 1, 0;
    %flag_set/imm 4, 0;
    %shiftr 4;
    %assign/vec4 v0x5ad159a5f800_0, 0;
T_5.6 ;
T_5.5 ;
T_5.3 ;
T_5.1 ;
    %jmp T_5;
    .thread T_5;
    .scope S_0x5ad159a5fbd0;
T_6 ;
    %wait E_0x5ad159a23650;
    %load/vec4 v0x5ad159a60150_0;
    %nor/r;
    %flag_set/vec4 8;
    %jmp/0xz  T_6.0, 8;
    %pushi/vec4 0, 0, 5;
    %assign/vec4 v0x5ad159a5fd90_0, 0;
    %jmp T_6.1;
T_6.0 ;
    %load/vec4 v0x5ad159a60060_0;
    %flag_set/vec4 8;
    %jmp/0xz  T_6.2, 8;
    %pushi/vec4 16, 0, 5;
    %assign/vec4 v0x5ad159a5fd90_0, 0;
    %jmp T_6.3;
T_6.2 ;
    %load/vec4 v0x5ad159a5ff90_0;
    %flag_set/vec4 8;
    %jmp/0xz  T_6.4, 8;
    %load/vec4 v0x5ad159a5fd90_0;
    %subi 1, 0, 5;
    %assign/vec4 v0x5ad159a5fd90_0, 0;
T_6.4 ;
T_6.3 ;
T_6.1 ;
    %jmp T_6;
    .thread T_6;
    .scope S_0x5ad159a17300;
T_7 ;
    %delay 5, 0;
    %load/vec4 v0x5ad159a61ef0_0;
    %inv;
    %store/vec4 v0x5ad159a61ef0_0, 0, 1;
    %jmp T_7;
    .thread T_7;
    .scope S_0x5ad159a17300;
T_8 ;
    %pushi/vec4 0, 0, 1;
    %store/vec4 v0x5ad159a61ef0_0, 0, 1;
    %pushi/vec4 0, 0, 1;
    %store/vec4 v0x5ad159a621c0_0, 0, 1;
    %pushi/vec4 0, 0, 1;
    %store/vec4 v0x5ad159a62080_0, 0, 1;
    %pushi/vec4 0, 0, 20;
    %store/vec4 v0x5ad159a61d50_0, 0, 20;
    %vpi_call 2 39 "$dumpfile", "ConversorBin_TB.vcd" {0 0 0};
    %vpi_call 2 40 "$dumpvars", 32'sb00000000000000000000000000000000, S_0x5ad159a17300 {0 0 0};
    %fork TD_ConversorBin_TB.step, S_0x5ad159a61b60;
    %join;
    %pushi/vec4 1, 0, 1;
    %store/vec4 v0x5ad159a621c0_0, 0, 1;
    %fork TD_ConversorBin_TB.step, S_0x5ad159a61b60;
    %join;
    %pushi/vec4 0, 0, 20;
    %store/vec4 v0x5ad159a61a60_0, 0, 20;
    %fork TD_ConversorBin_TB.run_test, S_0x5ad159a61890;
    %join;
    %pushi/vec4 1, 0, 20;
    %store/vec4 v0x5ad159a61a60_0, 0, 20;
    %fork TD_ConversorBin_TB.run_test, S_0x5ad159a61890;
    %join;
    %pushi/vec4 16, 0, 20;
    %store/vec4 v0x5ad159a61a60_0, 0, 20;
    %fork TD_ConversorBin_TB.run_test, S_0x5ad159a61890;
    %join;
    %pushi/vec4 4660, 0, 20;
    %store/vec4 v0x5ad159a61a60_0, 0, 20;
    %fork TD_ConversorBin_TB.run_test, S_0x5ad159a61890;
    %join;
    %vpi_call 2 51 "$finish" {0 0 0};
    %end;
    .thread T_8;
# The file index is used to find the file name in the following table.
:file_names 10;
    "N/A";
    "<interactive>";
    "ConversorBin_TB.v";
    "ConversorBin.v";
    "Control.v";
    "CaminoDeDatos.v";
    "Comp.v";
    "CorrectionBin.v";
    "RegBCD.v";
    "RegC.v";
