#! /usr/bin/vvp
:ivl_version "12.0 (stable)";
:ivl_delay_selection "TYPICAL";
:vpi_time_precision + 0;
:vpi_module "/usr/lib/x86_64-linux-gnu/ivl/system.vpi";
:vpi_module "/usr/lib/x86_64-linux-gnu/ivl/vhdl_sys.vpi";
:vpi_module "/usr/lib/x86_64-linux-gnu/ivl/vhdl_textio.vpi";
:vpi_module "/usr/lib/x86_64-linux-gnu/ivl/v2005_math.vpi";
:vpi_module "/usr/lib/x86_64-linux-gnu/ivl/va_math.vpi";
S_0x57bfad352140 .scope module, "RaizCuadrada_TB" "RaizCuadrada_TB" 2 1;
 .timescale 0 0;
v0x57bfad395230_0 .net "DONE", 0 0, v0x57bfad393bb0_0;  1 drivers
v0x57bfad3952f0_0 .var "INIT", 0 0;
v0x57bfad3953b0_0 .var "Radicando", 15 0;
v0x57bfad395450_0 .net "Raiz", 7 0, v0x57bfad391ab0_0;  1 drivers
v0x57bfad395580_0 .var "clk", 0 0;
v0x57bfad395620_0 .var "rst", 0 0;
S_0x57bfad3522d0 .scope task, "correr" "correr" 2 18, 2 18 0, S_0x57bfad352140;
 .timescale 0 0;
v0x57bfad36fb80_0 .var "valor", 15 0;
E_0x57bfad359f20 .event anyedge, v0x57bfad393bb0_0;
E_0x57bfad35b330 .event posedge, v0x57bfad390850_0;
TD_RaizCuadrada_TB.correr ;
    %load/vec4 v0x57bfad36fb80_0;
    %store/vec4 v0x57bfad3953b0_0, 0, 16;
    %wait E_0x57bfad35b330;
    %pushi/vec4 1, 0, 1;
    %store/vec4 v0x57bfad395620_0, 0, 1;
    %wait E_0x57bfad35b330;
    %pushi/vec4 0, 0, 1;
    %store/vec4 v0x57bfad395620_0, 0, 1;
    %pushi/vec4 1, 0, 1;
    %store/vec4 v0x57bfad3952f0_0, 0, 1;
    %wait E_0x57bfad35b330;
    %pushi/vec4 0, 0, 1;
    %store/vec4 v0x57bfad3952f0_0, 0, 1;
T_0.0 ;
    %load/vec4 v0x57bfad395230_0;
    %cmpi/ne 1, 0, 1;
    %jmp/0xz T_0.1, 6;
    %wait E_0x57bfad359f20;
    %jmp T_0.0;
T_0.1 ;
    %delay 40, 0;
    %end;
S_0x57bfad38f150 .scope module, "uut" "RaizCuadrada" 2 9, 3 1 0, S_0x57bfad352140;
 .timescale 0 0;
    .port_info 0 /INPUT 1 "clk";
    .port_info 1 /INPUT 1 "rst";
    .port_info 2 /INPUT 1 "INIT";
    .port_info 3 /INPUT 16 "Radicando";
    .port_info 4 /OUTPUT 8 "Raiz";
    .port_info 5 /OUTPUT 1 "DONE";
v0x57bfad394730_0 .net "DEC", 0 0, v0x57bfad393aa0_0;  1 drivers
v0x57bfad3947f0_0 .net "DONE", 0 0, v0x57bfad393bb0_0;  alias, 1 drivers
v0x57bfad3948b0_0 .net "INIT", 0 0, v0x57bfad3952f0_0;  1 drivers
v0x57bfad394950_0 .net "LD", 0 0, v0x57bfad393d10_0;  1 drivers
v0x57bfad3949f0_0 .net "MAYORIGUAL", 0 0, L_0x57bfad3a5d90;  1 drivers
v0x57bfad394b70_0 .net "Radicando", 15 0, v0x57bfad3953b0_0;  1 drivers
v0x57bfad394c10_0 .net "Raiz", 7 0, v0x57bfad391ab0_0;  alias, 1 drivers
v0x57bfad394cb0_0 .net "SETRAIZ", 0 0, v0x57bfad393ea0_0;  1 drivers
v0x57bfad394d50_0 .net "SHIFT", 0 0, v0x57bfad393f90_0;  1 drivers
v0x57bfad394f10_0 .net "SUBTRACT", 0 0, v0x57bfad394110_0;  1 drivers
v0x57bfad394fb0_0 .net "ZERO", 0 0, L_0x57bfad3a5ec0;  1 drivers
v0x57bfad395050_0 .net "clk", 0 0, v0x57bfad395580_0;  1 drivers
v0x57bfad3950f0_0 .net "rst", 0 0, v0x57bfad395620_0;  1 drivers
S_0x57bfad38f350 .scope module, "caminoDeDatos0" "CaminoDeDatos" 3 18, 4 1 0, S_0x57bfad38f150;
 .timescale 0 0;
    .port_info 0 /INPUT 1 "clk";
    .port_info 1 /INPUT 16 "Radicando";
    .port_info 2 /INPUT 1 "LD";
    .port_info 3 /INPUT 1 "SHIFT";
    .port_info 4 /INPUT 1 "SUBTRACT";
    .port_info 5 /INPUT 1 "SETRAIZ";
    .port_info 6 /INPUT 1 "DEC";
    .port_info 7 /OUTPUT 1 "ZERO";
    .port_info 8 /OUTPUT 1 "MAYORIGUAL";
    .port_info 9 /OUTPUT 8 "Raiz";
v0x57bfad392640_0 .net "DEC", 0 0, v0x57bfad393aa0_0;  alias, 1 drivers
v0x57bfad392700_0 .net "LD", 0 0, v0x57bfad393d10_0;  alias, 1 drivers
v0x57bfad3927a0_0 .net "MAYORIGUAL", 0 0, L_0x57bfad3a5d90;  alias, 1 drivers
v0x57bfad392840_0 .net "Rad", 15 0, v0x57bfad3912d0_0;  1 drivers
v0x57bfad3928e0_0 .net "RadTop", 1 0, L_0x57bfad395710;  1 drivers
v0x57bfad3929d0_0 .net "Radicando", 15 0, v0x57bfad3953b0_0;  alias, 1 drivers
v0x57bfad392aa0_0 .net "Raiz", 7 0, v0x57bfad391ab0_0;  alias, 1 drivers
v0x57bfad392b90_0 .net "Residuo", 15 0, v0x57bfad392300_0;  1 drivers
v0x57bfad392c80_0 .net "SETRAIZ", 0 0, v0x57bfad393ea0_0;  alias, 1 drivers
v0x57bfad392d20_0 .net "SHIFT", 0 0, v0x57bfad393f90_0;  alias, 1 drivers
v0x57bfad392dc0_0 .net "SUBTRACT", 0 0, v0x57bfad394110_0;  alias, 1 drivers
v0x57bfad392e60_0 .net "T", 15 0, L_0x57bfad3a5be0;  1 drivers
v0x57bfad392f00_0 .net "ZERO", 0 0, L_0x57bfad3a5ec0;  alias, 1 drivers
v0x57bfad392fa0_0 .net "clk", 0 0, v0x57bfad395580_0;  alias, 1 drivers
v0x57bfad3930d0_0 .net "count", 3 0, v0x57bfad390910_0;  1 drivers
L_0x57bfad395710 .part v0x57bfad3912d0_0, 14, 2;
S_0x57bfad38f630 .scope module, "comp1_0" "Comp1" 4 55, 5 1 0, S_0x57bfad38f350;
 .timescale 0 0;
    .port_info 0 /INPUT 16 "Residuo";
    .port_info 1 /INPUT 16 "T";
    .port_info 2 /OUTPUT 1 "MAYORIGUAL";
v0x57bfad345460_0 .net "MAYORIGUAL", 0 0, L_0x57bfad3a5d90;  alias, 1 drivers
v0x57bfad341ab0_0 .net "Residuo", 15 0, v0x57bfad392300_0;  alias, 1 drivers
v0x57bfad345e90_0 .net "T", 15 0, L_0x57bfad3a5be0;  alias, 1 drivers
L_0x57bfad3a5d90 .cmp/ge 16, v0x57bfad392300_0, L_0x57bfad3a5be0;
S_0x57bfad38f9c0 .scope module, "comp2_0" "Comp2" 4 76, 6 1 0, S_0x57bfad38f350;
 .timescale 0 0;
    .port_info 0 /INPUT 4 "count";
    .port_info 1 /OUTPUT 1 "ZERO";
v0x57bfad33fb30_0 .net "ZERO", 0 0, L_0x57bfad3a5ec0;  alias, 1 drivers
L_0x766a2b9570f0 .functor BUFT 1, C4<0000>, C4<0>, C4<0>, C4<0>;
v0x57bfad33fe60_0 .net/2u *"_ivl_0", 3 0, L_0x766a2b9570f0;  1 drivers
v0x57bfad38fc20_0 .net "count", 3 0, v0x57bfad390910_0;  alias, 1 drivers
L_0x57bfad3a5ec0 .cmp/eq 4, v0x57bfad390910_0, L_0x766a2b9570f0;
S_0x57bfad38fd40 .scope module, "generadorT0" "GeneradorT" 4 50, 7 1 0, S_0x57bfad38f350;
 .timescale 0 0;
    .port_info 0 /INPUT 8 "Raiz";
    .port_info 1 /OUTPUT 16 "T";
v0x57bfad38ff20_0 .net "Raiz", 7 0, v0x57bfad391ab0_0;  alias, 1 drivers
v0x57bfad390000_0 .net "T", 15 0, L_0x57bfad3a5be0;  alias, 1 drivers
L_0x766a2b957018 .functor BUFT 1, C4<00000000>, C4<0>, C4<0>, C4<0>;
v0x57bfad3900c0_0 .net/2u *"_ivl_0", 7 0, L_0x766a2b957018;  1 drivers
L_0x766a2b9570a8 .functor BUFT 1, C4<0000000000000001>, C4<0>, C4<0>, C4<0>;
v0x57bfad390160_0 .net/2u *"_ivl_10", 15 0, L_0x766a2b9570a8;  1 drivers
v0x57bfad390240_0 .net *"_ivl_2", 15 0, L_0x57bfad3958b0;  1 drivers
v0x57bfad390370_0 .net *"_ivl_4", 15 0, L_0x57bfad395a90;  1 drivers
v0x57bfad390450_0 .net *"_ivl_6", 13 0, L_0x57bfad3959a0;  1 drivers
L_0x766a2b957060 .functor BUFT 1, C4<00>, C4<0>, C4<0>, C4<0>;
v0x57bfad390530_0 .net *"_ivl_8", 1 0, L_0x766a2b957060;  1 drivers
L_0x57bfad3958b0 .concat [ 8 8 0 0], v0x57bfad391ab0_0, L_0x766a2b957018;
L_0x57bfad3959a0 .part L_0x57bfad3958b0, 0, 14;
L_0x57bfad395a90 .concat [ 2 14 0 0], L_0x766a2b957060, L_0x57bfad3959a0;
L_0x57bfad3a5be0 .arith/sum 16, L_0x57bfad395a90, L_0x766a2b9570a8;
S_0x57bfad390670 .scope module, "regC0" "RegC" 4 69, 8 1 0, S_0x57bfad38f350;
 .timescale 0 0;
    .port_info 0 /INPUT 1 "clk";
    .port_info 1 /INPUT 1 "ld";
    .port_info 2 /INPUT 1 "dec";
    .port_info 3 /OUTPUT 4 "count";
v0x57bfad390850_0 .net "clk", 0 0, v0x57bfad395580_0;  alias, 1 drivers
v0x57bfad390910_0 .var "cnt", 3 0;
v0x57bfad3909f0_0 .net "count", 3 0, v0x57bfad390910_0;  alias, 1 drivers
v0x57bfad390af0_0 .net "dec", 0 0, v0x57bfad393aa0_0;  alias, 1 drivers
v0x57bfad390b90_0 .net "ld", 0 0, v0x57bfad393d10_0;  alias, 1 drivers
S_0x57bfad390d20 .scope module, "regRad0" "RegRad" 4 32, 9 1 0, S_0x57bfad38f350;
 .timescale 0 0;
    .port_info 0 /INPUT 1 "clk";
    .port_info 1 /INPUT 1 "ld";
    .port_info 2 /INPUT 1 "shift";
    .port_info 3 /INPUT 16 "Radicando";
    .port_info 4 /OUTPUT 16 "Rad";
v0x57bfad390f50_0 .net "Rad", 15 0, v0x57bfad3912d0_0;  alias, 1 drivers
v0x57bfad391050_0 .net "Radicando", 15 0, v0x57bfad3953b0_0;  alias, 1 drivers
v0x57bfad391130_0 .net "clk", 0 0, v0x57bfad395580_0;  alias, 1 drivers
v0x57bfad391200_0 .net "ld", 0 0, v0x57bfad393d10_0;  alias, 1 drivers
v0x57bfad3912d0_0 .var "reg_rad", 15 0;
v0x57bfad3913c0_0 .net "shift", 0 0, v0x57bfad393f90_0;  alias, 1 drivers
S_0x57bfad391500 .scope module, "regRaiz0" "RegRaiz" 4 61, 10 1 0, S_0x57bfad38f350;
 .timescale 0 0;
    .port_info 0 /INPUT 1 "clk";
    .port_info 1 /INPUT 1 "ld";
    .port_info 2 /INPUT 1 "setraiz";
    .port_info 3 /INPUT 1 "MAYORIGUAL";
    .port_info 4 /OUTPUT 8 "Raiz";
v0x57bfad3916e0_0 .net "MAYORIGUAL", 0 0, L_0x57bfad3a5d90;  alias, 1 drivers
v0x57bfad3917d0_0 .net "Raiz", 7 0, v0x57bfad391ab0_0;  alias, 1 drivers
v0x57bfad3918a0_0 .net "clk", 0 0, v0x57bfad395580_0;  alias, 1 drivers
v0x57bfad3919c0_0 .net "ld", 0 0, v0x57bfad393d10_0;  alias, 1 drivers
v0x57bfad391ab0_0 .var "reg_raiz", 7 0;
v0x57bfad391ba0_0 .net "setraiz", 0 0, v0x57bfad393ea0_0;  alias, 1 drivers
S_0x57bfad391d00 .scope module, "regResiduo0" "RegResiduo" 4 40, 11 1 0, S_0x57bfad38f350;
 .timescale 0 0;
    .port_info 0 /INPUT 1 "clk";
    .port_info 1 /INPUT 1 "ld";
    .port_info 2 /INPUT 1 "subtract";
    .port_info 3 /INPUT 1 "shift";
    .port_info 4 /INPUT 2 "ShiftIn";
    .port_info 5 /INPUT 16 "T";
    .port_info 6 /OUTPUT 16 "Residuo";
v0x57bfad391ee0_0 .net "Residuo", 15 0, v0x57bfad392300_0;  alias, 1 drivers
v0x57bfad391fc0_0 .net "ShiftIn", 1 0, L_0x57bfad395710;  alias, 1 drivers
v0x57bfad392080_0 .net "T", 15 0, L_0x57bfad3a5be0;  alias, 1 drivers
v0x57bfad392170_0 .net "clk", 0 0, v0x57bfad395580_0;  alias, 1 drivers
v0x57bfad392210_0 .net "ld", 0 0, v0x57bfad393d10_0;  alias, 1 drivers
v0x57bfad392300_0 .var "reg_residuo", 15 0;
v0x57bfad3923e0_0 .net "shift", 0 0, v0x57bfad393f90_0;  alias, 1 drivers
v0x57bfad392480_0 .net "subtract", 0 0, v0x57bfad394110_0;  alias, 1 drivers
S_0x57bfad393290 .scope module, "control0" "Control" 3 31, 12 1 0, S_0x57bfad38f150;
 .timescale 0 0;
    .port_info 0 /INPUT 1 "clk";
    .port_info 1 /INPUT 1 "rst";
    .port_info 2 /INPUT 1 "INIT";
    .port_info 3 /INPUT 1 "ZERO";
    .port_info 4 /INPUT 1 "MAYORIGUAL";
    .port_info 5 /OUTPUT 1 "LD";
    .port_info 6 /OUTPUT 1 "SHIFT";
    .port_info 7 /OUTPUT 1 "SUBTRACT";
    .port_info 8 /OUTPUT 1 "SETRAIZ";
    .port_info 9 /OUTPUT 1 "DEC";
    .port_info 10 /OUTPUT 1 "DONE";
P_0x57bfad393490 .param/l "Check1" 0 12 28, C4<001>;
P_0x57bfad3934d0 .param/l "Check2" 0 12 30, C4<011>;
P_0x57bfad393510 .param/l "Dec" 0 12 33, C4<110>;
P_0x57bfad393550 .param/l "Final" 0 12 34, C4<111>;
P_0x57bfad393590 .param/l "Shift1" 0 12 29, C4<010>;
P_0x57bfad3935d0 .param/l "Shift2" 0 12 32, C4<101>;
P_0x57bfad393610 .param/l "Start" 0 12 27, C4<000>;
P_0x57bfad393650 .param/l "Update" 0 12 31, C4<100>;
v0x57bfad393aa0_0 .var "DEC", 0 0;
v0x57bfad393bb0_0 .var "DONE", 0 0;
v0x57bfad393c70_0 .net "INIT", 0 0, v0x57bfad3952f0_0;  alias, 1 drivers
v0x57bfad393d10_0 .var "LD", 0 0;
v0x57bfad393db0_0 .net "MAYORIGUAL", 0 0, L_0x57bfad3a5d90;  alias, 1 drivers
v0x57bfad393ea0_0 .var "SETRAIZ", 0 0;
v0x57bfad393f90_0 .var "SHIFT", 0 0;
v0x57bfad394030_0 .var "STATE", 2 0;
v0x57bfad394110_0 .var "SUBTRACT", 0 0;
v0x57bfad394240_0 .net "ZERO", 0 0, L_0x57bfad3a5ec0;  alias, 1 drivers
v0x57bfad394330_0 .net "clk", 0 0, v0x57bfad395580_0;  alias, 1 drivers
v0x57bfad3943d0_0 .var "estado_nombre", 160 1;
v0x57bfad3944b0_0 .net "rst", 0 0, v0x57bfad395620_0;  alias, 1 drivers
E_0x57bfad332270 .event anyedge, v0x57bfad394030_0;
E_0x57bfad393a40 .event posedge, v0x57bfad3944b0_0, v0x57bfad390850_0;
    .scope S_0x57bfad390d20;
T_1 ;
    %wait E_0x57bfad35b330;
    %load/vec4 v0x57bfad391200_0;
    %flag_set/vec4 8;
    %jmp/0xz  T_1.0, 8;
    %load/vec4 v0x57bfad391050_0;
    %assign/vec4 v0x57bfad3912d0_0, 0;
    %jmp T_1.1;
T_1.0 ;
    %load/vec4 v0x57bfad3913c0_0;
    %flag_set/vec4 8;
    %jmp/0xz  T_1.2, 8;
    %load/vec4 v0x57bfad3912d0_0;
    %parti/s 14, 0, 2;
    %concati/vec4 0, 0, 2;
    %assign/vec4 v0x57bfad3912d0_0, 0;
T_1.2 ;
T_1.1 ;
    %jmp T_1;
    .thread T_1;
    .scope S_0x57bfad391d00;
T_2 ;
    %wait E_0x57bfad35b330;
    %load/vec4 v0x57bfad392210_0;
    %flag_set/vec4 8;
    %jmp/0xz  T_2.0, 8;
    %pushi/vec4 0, 0, 16;
    %assign/vec4 v0x57bfad392300_0, 0;
    %jmp T_2.1;
T_2.0 ;
    %load/vec4 v0x57bfad392480_0;
    %flag_set/vec4 8;
    %jmp/0xz  T_2.2, 8;
    %load/vec4 v0x57bfad392300_0;
    %load/vec4 v0x57bfad392080_0;
    %sub;
    %assign/vec4 v0x57bfad392300_0, 0;
    %jmp T_2.3;
T_2.2 ;
    %load/vec4 v0x57bfad3923e0_0;
    %flag_set/vec4 8;
    %jmp/0xz  T_2.4, 8;
    %load/vec4 v0x57bfad392300_0;
    %parti/s 14, 0, 2;
    %load/vec4 v0x57bfad391fc0_0;
    %concat/vec4; draw_concat_vec4
    %assign/vec4 v0x57bfad392300_0, 0;
T_2.4 ;
T_2.3 ;
T_2.1 ;
    %jmp T_2;
    .thread T_2;
    .scope S_0x57bfad391500;
T_3 ;
    %wait E_0x57bfad35b330;
    %load/vec4 v0x57bfad3919c0_0;
    %flag_set/vec4 8;
    %jmp/0xz  T_3.0, 8;
    %pushi/vec4 0, 0, 8;
    %assign/vec4 v0x57bfad391ab0_0, 0;
    %jmp T_3.1;
T_3.0 ;
    %load/vec4 v0x57bfad391ba0_0;
    %flag_set/vec4 8;
    %jmp/0xz  T_3.2, 8;
    %load/vec4 v0x57bfad391ab0_0;
    %parti/s 7, 0, 2;
    %load/vec4 v0x57bfad3916e0_0;
    %concat/vec4; draw_concat_vec4
    %assign/vec4 v0x57bfad391ab0_0, 0;
T_3.2 ;
T_3.1 ;
    %jmp T_3;
    .thread T_3;
    .scope S_0x57bfad390670;
T_4 ;
    %wait E_0x57bfad35b330;
    %load/vec4 v0x57bfad390b90_0;
    %flag_set/vec4 8;
    %jmp/0xz  T_4.0, 8;
    %pushi/vec4 8, 0, 4;
    %assign/vec4 v0x57bfad390910_0, 0;
    %jmp T_4.1;
T_4.0 ;
    %load/vec4 v0x57bfad390af0_0;
    %flag_set/vec4 8;
    %jmp/0xz  T_4.2, 8;
    %load/vec4 v0x57bfad390910_0;
    %subi 1, 0, 4;
    %assign/vec4 v0x57bfad390910_0, 0;
T_4.2 ;
T_4.1 ;
    %jmp T_4;
    .thread T_4;
    .scope S_0x57bfad393290;
T_5 ;
    %wait E_0x57bfad393a40;
    %load/vec4 v0x57bfad3944b0_0;
    %flag_set/vec4 8;
    %jmp/0xz  T_5.0, 8;
    %pushi/vec4 0, 0, 3;
    %assign/vec4 v0x57bfad394030_0, 0;
    %jmp T_5.1;
T_5.0 ;
    %load/vec4 v0x57bfad394030_0;
    %dup/vec4;
    %pushi/vec4 0, 0, 3;
    %cmp/u;
    %jmp/1 T_5.2, 6;
    %dup/vec4;
    %pushi/vec4 1, 0, 3;
    %cmp/u;
    %jmp/1 T_5.3, 6;
    %dup/vec4;
    %pushi/vec4 2, 0, 3;
    %cmp/u;
    %jmp/1 T_5.4, 6;
    %dup/vec4;
    %pushi/vec4 3, 0, 3;
    %cmp/u;
    %jmp/1 T_5.5, 6;
    %dup/vec4;
    %pushi/vec4 4, 0, 3;
    %cmp/u;
    %jmp/1 T_5.6, 6;
    %dup/vec4;
    %pushi/vec4 5, 0, 3;
    %cmp/u;
    %jmp/1 T_5.7, 6;
    %dup/vec4;
    %pushi/vec4 6, 0, 3;
    %cmp/u;
    %jmp/1 T_5.8, 6;
    %dup/vec4;
    %pushi/vec4 7, 0, 3;
    %cmp/u;
    %jmp/1 T_5.9, 6;
    %pushi/vec4 0, 0, 3;
    %assign/vec4 v0x57bfad394030_0, 0;
    %jmp T_5.11;
T_5.2 ;
    %load/vec4 v0x57bfad393c70_0;
    %flag_set/vec4 8;
    %jmp/0 T_5.12, 8;
    %pushi/vec4 1, 0, 3;
    %jmp/1 T_5.13, 8;
T_5.12 ; End of true expr.
    %pushi/vec4 0, 0, 3;
    %jmp/0 T_5.13, 8;
 ; End of false expr.
    %blend;
T_5.13;
    %assign/vec4 v0x57bfad394030_0, 0;
    %jmp T_5.11;
T_5.3 ;
    %load/vec4 v0x57bfad394240_0;
    %flag_set/vec4 8;
    %jmp/0 T_5.14, 8;
    %pushi/vec4 7, 0, 3;
    %jmp/1 T_5.15, 8;
T_5.14 ; End of true expr.
    %pushi/vec4 2, 0, 3;
    %jmp/0 T_5.15, 8;
 ; End of false expr.
    %blend;
T_5.15;
    %assign/vec4 v0x57bfad394030_0, 0;
    %jmp T_5.11;
T_5.4 ;
    %pushi/vec4 3, 0, 3;
    %assign/vec4 v0x57bfad394030_0, 0;
    %jmp T_5.11;
T_5.5 ;
    %load/vec4 v0x57bfad393db0_0;
    %flag_set/vec4 8;
    %jmp/0 T_5.16, 8;
    %pushi/vec4 4, 0, 3;
    %jmp/1 T_5.17, 8;
T_5.16 ; End of true expr.
    %pushi/vec4 5, 0, 3;
    %jmp/0 T_5.17, 8;
 ; End of false expr.
    %blend;
T_5.17;
    %assign/vec4 v0x57bfad394030_0, 0;
    %jmp T_5.11;
T_5.6 ;
    %pushi/vec4 6, 0, 3;
    %assign/vec4 v0x57bfad394030_0, 0;
    %jmp T_5.11;
T_5.7 ;
    %pushi/vec4 6, 0, 3;
    %assign/vec4 v0x57bfad394030_0, 0;
    %jmp T_5.11;
T_5.8 ;
    %pushi/vec4 1, 0, 3;
    %assign/vec4 v0x57bfad394030_0, 0;
    %jmp T_5.11;
T_5.9 ;
    %pushi/vec4 0, 0, 3;
    %assign/vec4 v0x57bfad394030_0, 0;
    %jmp T_5.11;
T_5.11 ;
    %pop/vec4 1;
T_5.1 ;
    %jmp T_5;
    .thread T_5;
    .scope S_0x57bfad393290;
T_6 ;
    %wait E_0x57bfad332270;
    %pushi/vec4 0, 0, 1;
    %store/vec4 v0x57bfad393d10_0, 0, 1;
    %pushi/vec4 0, 0, 1;
    %store/vec4 v0x57bfad393f90_0, 0, 1;
    %pushi/vec4 0, 0, 1;
    %store/vec4 v0x57bfad394110_0, 0, 1;
    %pushi/vec4 0, 0, 1;
    %store/vec4 v0x57bfad393ea0_0, 0, 1;
    %pushi/vec4 0, 0, 1;
    %store/vec4 v0x57bfad393aa0_0, 0, 1;
    %pushi/vec4 0, 0, 1;
    %store/vec4 v0x57bfad393bb0_0, 0, 1;
    %load/vec4 v0x57bfad394030_0;
    %dup/vec4;
    %pushi/vec4 0, 0, 3;
    %cmp/u;
    %jmp/1 T_6.0, 6;
    %dup/vec4;
    %pushi/vec4 2, 0, 3;
    %cmp/u;
    %jmp/1 T_6.1, 6;
    %dup/vec4;
    %pushi/vec4 3, 0, 3;
    %cmp/u;
    %jmp/1 T_6.2, 6;
    %dup/vec4;
    %pushi/vec4 4, 0, 3;
    %cmp/u;
    %jmp/1 T_6.3, 6;
    %dup/vec4;
    %pushi/vec4 5, 0, 3;
    %cmp/u;
    %jmp/1 T_6.4, 6;
    %dup/vec4;
    %pushi/vec4 6, 0, 3;
    %cmp/u;
    %jmp/1 T_6.5, 6;
    %dup/vec4;
    %pushi/vec4 7, 0, 3;
    %cmp/u;
    %jmp/1 T_6.6, 6;
    %jmp T_6.8;
T_6.0 ;
    %pushi/vec4 1, 0, 1;
    %store/vec4 v0x57bfad393d10_0, 0, 1;
    %jmp T_6.8;
T_6.1 ;
    %pushi/vec4 1, 0, 1;
    %store/vec4 v0x57bfad393f90_0, 0, 1;
    %jmp T_6.8;
T_6.2 ;
    %jmp T_6.8;
T_6.3 ;
    %pushi/vec4 1, 0, 1;
    %store/vec4 v0x57bfad394110_0, 0, 1;
    %pushi/vec4 1, 0, 1;
    %store/vec4 v0x57bfad393ea0_0, 0, 1;
    %jmp T_6.8;
T_6.4 ;
    %pushi/vec4 1, 0, 1;
    %store/vec4 v0x57bfad393ea0_0, 0, 1;
    %jmp T_6.8;
T_6.5 ;
    %pushi/vec4 1, 0, 1;
    %store/vec4 v0x57bfad393aa0_0, 0, 1;
    %jmp T_6.8;
T_6.6 ;
    %pushi/vec4 1, 0, 1;
    %store/vec4 v0x57bfad393bb0_0, 0, 1;
    %jmp T_6.8;
T_6.8 ;
    %pop/vec4 1;
    %jmp T_6;
    .thread T_6, $push;
    .scope S_0x57bfad393290;
T_7 ;
    %wait E_0x57bfad332270;
    %load/vec4 v0x57bfad394030_0;
    %dup/vec4;
    %pushi/vec4 0, 0, 3;
    %cmp/u;
    %jmp/1 T_7.0, 6;
    %dup/vec4;
    %pushi/vec4 1, 0, 3;
    %cmp/u;
    %jmp/1 T_7.1, 6;
    %dup/vec4;
    %pushi/vec4 2, 0, 3;
    %cmp/u;
    %jmp/1 T_7.2, 6;
    %dup/vec4;
    %pushi/vec4 3, 0, 3;
    %cmp/u;
    %jmp/1 T_7.3, 6;
    %dup/vec4;
    %pushi/vec4 4, 0, 3;
    %cmp/u;
    %jmp/1 T_7.4, 6;
    %dup/vec4;
    %pushi/vec4 5, 0, 3;
    %cmp/u;
    %jmp/1 T_7.5, 6;
    %dup/vec4;
    %pushi/vec4 6, 0, 3;
    %cmp/u;
    %jmp/1 T_7.6, 6;
    %dup/vec4;
    %pushi/vec4 7, 0, 3;
    %cmp/u;
    %jmp/1 T_7.7, 6;
    %pushi/vec4 0, 0, 32; draw_string_vec4
    %pushi/vec4 0, 0, 32; draw_string_vec4
    %concat/vec4; draw_string_vec4
    %pushi/vec4 0, 0, 32; draw_string_vec4
    %concat/vec4; draw_string_vec4
    %pushi/vec4 7695979, 0, 32; draw_string_vec4
    %concat/vec4; draw_string_vec4
    %pushi/vec4 1852798830, 0, 32; draw_string_vec4
    %concat/vec4; draw_string_vec4
    %store/vec4 v0x57bfad3943d0_0, 0, 160;
    %jmp T_7.9;
T_7.0 ;
    %pushi/vec4 0, 0, 32; draw_string_vec4
    %pushi/vec4 0, 0, 32; draw_string_vec4
    %concat/vec4; draw_string_vec4
    %pushi/vec4 0, 0, 32; draw_string_vec4
    %concat/vec4; draw_string_vec4
    %pushi/vec4 83, 0, 32; draw_string_vec4
    %concat/vec4; draw_string_vec4
    %pushi/vec4 1413567060, 0, 32; draw_string_vec4
    %concat/vec4; draw_string_vec4
    %store/vec4 v0x57bfad3943d0_0, 0, 160;
    %jmp T_7.9;
T_7.1 ;
    %pushi/vec4 0, 0, 32; draw_string_vec4
    %pushi/vec4 0, 0, 32; draw_string_vec4
    %concat/vec4; draw_string_vec4
    %pushi/vec4 0, 0, 32; draw_string_vec4
    %concat/vec4; draw_string_vec4
    %pushi/vec4 17224, 0, 32; draw_string_vec4
    %concat/vec4; draw_string_vec4
    %pushi/vec4 1162038065, 0, 32; draw_string_vec4
    %concat/vec4; draw_string_vec4
    %store/vec4 v0x57bfad3943d0_0, 0, 160;
    %jmp T_7.9;
T_7.2 ;
    %pushi/vec4 0, 0, 32; draw_string_vec4
    %pushi/vec4 0, 0, 32; draw_string_vec4
    %concat/vec4; draw_string_vec4
    %pushi/vec4 0, 0, 32; draw_string_vec4
    %concat/vec4; draw_string_vec4
    %pushi/vec4 21320, 0, 32; draw_string_vec4
    %concat/vec4; draw_string_vec4
    %pushi/vec4 1229345841, 0, 32; draw_string_vec4
    %concat/vec4; draw_string_vec4
    %store/vec4 v0x57bfad3943d0_0, 0, 160;
    %jmp T_7.9;
T_7.3 ;
    %pushi/vec4 0, 0, 32; draw_string_vec4
    %pushi/vec4 0, 0, 32; draw_string_vec4
    %concat/vec4; draw_string_vec4
    %pushi/vec4 0, 0, 32; draw_string_vec4
    %concat/vec4; draw_string_vec4
    %pushi/vec4 17224, 0, 32; draw_string_vec4
    %concat/vec4; draw_string_vec4
    %pushi/vec4 1162038066, 0, 32; draw_string_vec4
    %concat/vec4; draw_string_vec4
    %store/vec4 v0x57bfad3943d0_0, 0, 160;
    %jmp T_7.9;
T_7.4 ;
    %pushi/vec4 0, 0, 32; draw_string_vec4
    %pushi/vec4 0, 0, 32; draw_string_vec4
    %concat/vec4; draw_string_vec4
    %pushi/vec4 0, 0, 32; draw_string_vec4
    %concat/vec4; draw_string_vec4
    %pushi/vec4 21840, 0, 32; draw_string_vec4
    %concat/vec4; draw_string_vec4
    %pushi/vec4 1145132101, 0, 32; draw_string_vec4
    %concat/vec4; draw_string_vec4
    %store/vec4 v0x57bfad3943d0_0, 0, 160;
    %jmp T_7.9;
T_7.5 ;
    %pushi/vec4 0, 0, 32; draw_string_vec4
    %pushi/vec4 0, 0, 32; draw_string_vec4
    %concat/vec4; draw_string_vec4
    %pushi/vec4 0, 0, 32; draw_string_vec4
    %concat/vec4; draw_string_vec4
    %pushi/vec4 21320, 0, 32; draw_string_vec4
    %concat/vec4; draw_string_vec4
    %pushi/vec4 1229345842, 0, 32; draw_string_vec4
    %concat/vec4; draw_string_vec4
    %store/vec4 v0x57bfad3943d0_0, 0, 160;
    %jmp T_7.9;
T_7.6 ;
    %pushi/vec4 0, 0, 32; draw_string_vec4
    %pushi/vec4 0, 0, 32; draw_string_vec4
    %concat/vec4; draw_string_vec4
    %pushi/vec4 0, 0, 32; draw_string_vec4
    %concat/vec4; draw_string_vec4
    %pushi/vec4 0, 0, 32; draw_string_vec4
    %concat/vec4; draw_string_vec4
    %pushi/vec4 4474179, 0, 32; draw_string_vec4
    %concat/vec4; draw_string_vec4
    %store/vec4 v0x57bfad3943d0_0, 0, 160;
    %jmp T_7.9;
T_7.7 ;
    %pushi/vec4 0, 0, 32; draw_string_vec4
    %pushi/vec4 0, 0, 32; draw_string_vec4
    %concat/vec4; draw_string_vec4
    %pushi/vec4 0, 0, 32; draw_string_vec4
    %concat/vec4; draw_string_vec4
    %pushi/vec4 70, 0, 32; draw_string_vec4
    %concat/vec4; draw_string_vec4
    %pushi/vec4 1229865292, 0, 32; draw_string_vec4
    %concat/vec4; draw_string_vec4
    %store/vec4 v0x57bfad3943d0_0, 0, 160;
    %jmp T_7.9;
T_7.9 ;
    %pop/vec4 1;
    %jmp T_7;
    .thread T_7, $push;
    .scope S_0x57bfad352140;
T_8 ;
    %pushi/vec4 0, 0, 1;
    %store/vec4 v0x57bfad395580_0, 0, 1;
T_8.0 ;
    %delay 20, 0;
    %load/vec4 v0x57bfad395580_0;
    %inv;
    %store/vec4 v0x57bfad395580_0, 0, 1;
    %jmp T_8.0;
    %end;
    .thread T_8;
    .scope S_0x57bfad352140;
T_9 ;
    %vpi_call 2 30 "$dumpfile", "RaizCuadrada_TB.vcd" {0 0 0};
    %vpi_call 2 31 "$dumpvars", 32'sb00000000000000000000000000000000, S_0x57bfad352140 {0 0 0};
    %pushi/vec4 1, 0, 1;
    %store/vec4 v0x57bfad395620_0, 0, 1;
    %pushi/vec4 0, 0, 1;
    %store/vec4 v0x57bfad3952f0_0, 0, 1;
    %pushi/vec4 0, 0, 16;
    %store/vec4 v0x57bfad3953b0_0, 0, 16;
    %wait E_0x57bfad35b330;
    %pushi/vec4 0, 0, 1;
    %store/vec4 v0x57bfad395620_0, 0, 1;
    %delay 40, 0;
    %pushi/vec4 0, 0, 16;
    %store/vec4 v0x57bfad36fb80_0, 0, 16;
    %fork TD_RaizCuadrada_TB.correr, S_0x57bfad3522d0;
    %join;
    %pushi/vec4 1, 0, 16;
    %store/vec4 v0x57bfad36fb80_0, 0, 16;
    %fork TD_RaizCuadrada_TB.correr, S_0x57bfad3522d0;
    %join;
    %pushi/vec4 9, 0, 16;
    %store/vec4 v0x57bfad36fb80_0, 0, 16;
    %fork TD_RaizCuadrada_TB.correr, S_0x57bfad3522d0;
    %join;
    %pushi/vec4 225, 0, 16;
    %store/vec4 v0x57bfad36fb80_0, 0, 16;
    %fork TD_RaizCuadrada_TB.correr, S_0x57bfad3522d0;
    %join;
    %pushi/vec4 255, 0, 16;
    %store/vec4 v0x57bfad36fb80_0, 0, 16;
    %fork TD_RaizCuadrada_TB.correr, S_0x57bfad3522d0;
    %join;
    %pushi/vec4 1000, 0, 16;
    %store/vec4 v0x57bfad36fb80_0, 0, 16;
    %fork TD_RaizCuadrada_TB.correr, S_0x57bfad3522d0;
    %join;
    %pushi/vec4 65535, 0, 16;
    %store/vec4 v0x57bfad36fb80_0, 0, 16;
    %fork TD_RaizCuadrada_TB.correr, S_0x57bfad3522d0;
    %join;
    %vpi_call 2 44 "$finish" {0 0 0};
    %end;
    .thread T_9;
# The file index is used to find the file name in the following table.
:file_names 13;
    "N/A";
    "<interactive>";
    "RaizCuadrada_TB.v";
    "RaizCuadrada.v";
    "CaminoDeDatos.v";
    "Comp1.v";
    "Comp2.v";
    "GeneradorT.v";
    "RegC.v";
    "RegRad.v";
    "RegRaiz.v";
    "RegResiduo.v";
    "Control.v";
