#! /usr/bin/vvp
:ivl_version "12.0 (stable)";
:ivl_delay_selection "TYPICAL";
:vpi_time_precision + 0;
:vpi_module "/usr/lib/x86_64-linux-gnu/ivl/system.vpi";
:vpi_module "/usr/lib/x86_64-linux-gnu/ivl/vhdl_sys.vpi";
:vpi_module "/usr/lib/x86_64-linux-gnu/ivl/vhdl_textio.vpi";
:vpi_module "/usr/lib/x86_64-linux-gnu/ivl/v2005_math.vpi";
:vpi_module "/usr/lib/x86_64-linux-gnu/ivl/va_math.vpi";
S_0x5a538ee26b40 .scope module, "Multiplicador_TB" "Multiplicador_TB" 2 1;
 .timescale 0 0;
v0x5a538ee5f520_0 .var "A", 7 0;
v0x5a538ee5f600_0 .var "B", 7 0;
v0x5a538ee5f6c0_0 .net "DONE", 0 0, v0x5a538ee5e120_0;  1 drivers
v0x5a538ee5f760_0 .var "INIT", 0 0;
v0x5a538ee5f850_0 .net "P", 15 0, L_0x5a538ee0d1c0;  1 drivers
v0x5a538ee5f940_0 .var "clk", 0 0;
v0x5a538ee5f9e0_0 .var "rst", 0 0;
S_0x5a538ee26cd0 .scope task, "correr" "correr" 2 19, 2 19 0, S_0x5a538ee26b40;
 .timescale 0 0;
v0x5a538ee3aa00_0 .var "a_val", 7 0;
v0x5a538ee0e110_0 .var "b_val", 7 0;
E_0x5a538ee371c0 .event anyedge, v0x5a538ee5e120_0;
E_0x5a538ee366f0 .event posedge, v0x5a538ee5b1c0_0;
TD_Multiplicador_TB.correr ;
    %load/vec4 v0x5a538ee3aa00_0;
    %store/vec4 v0x5a538ee5f520_0, 0, 8;
    %load/vec4 v0x5a538ee0e110_0;
    %store/vec4 v0x5a538ee5f600_0, 0, 8;
    %wait E_0x5a538ee366f0;
    %pushi/vec4 1, 0, 1;
    %store/vec4 v0x5a538ee5f9e0_0, 0, 1;
    %wait E_0x5a538ee366f0;
    %pushi/vec4 0, 0, 1;
    %store/vec4 v0x5a538ee5f9e0_0, 0, 1;
    %pushi/vec4 1, 0, 1;
    %store/vec4 v0x5a538ee5f760_0, 0, 1;
    %wait E_0x5a538ee366f0;
    %pushi/vec4 0, 0, 1;
    %store/vec4 v0x5a538ee5f760_0, 0, 1;
T_0.0 ;
    %load/vec4 v0x5a538ee5f6c0_0;
    %cmpi/ne 1, 0, 1;
    %jmp/0xz T_0.1, 6;
    %wait E_0x5a538ee371c0;
    %jmp T_0.0;
T_0.1 ;
    %delay 40, 0;
    %end;
S_0x5a538ee5a2b0 .scope module, "uut" "Multiplicador" 2 10, 3 1 0, S_0x5a538ee26b40;
 .timescale 0 0;
    .port_info 0 /INPUT 1 "clk";
    .port_info 1 /INPUT 1 "rst";
    .port_info 2 /INPUT 1 "INIT";
    .port_info 3 /INPUT 8 "A";
    .port_info 4 /INPUT 8 "B";
    .port_info 5 /OUTPUT 16 "P";
    .port_info 6 /OUTPUT 1 "DONE";
P_0x5a538ee0e890 .param/l "CW" 0 3 1, +C4<00000000000000000000000000000100>;
P_0x5a538ee0e8d0 .param/l "N" 0 3 1, +C4<00000000000000000000000000001000>;
v0x5a538ee5eb00_0 .net "A", 7 0, v0x5a538ee5f520_0;  1 drivers
v0x5a538ee5ebe0_0 .net "ADD", 0 0, v0x5a538ee5e010_0;  1 drivers
v0x5a538ee5eca0_0 .net "B", 7 0, v0x5a538ee5f600_0;  1 drivers
v0x5a538ee5ed90_0 .net "DONE", 0 0, v0x5a538ee5e120_0;  alias, 1 drivers
v0x5a538ee5ee30_0 .net "INIT", 0 0, v0x5a538ee5f760_0;  1 drivers
v0x5a538ee5ef20_0 .net "LD", 0 0, v0x5a538ee5e280_0;  1 drivers
v0x5a538ee5efc0_0 .net "LSB", 0 0, L_0x5a538ee5faf0;  1 drivers
v0x5a538ee5f060_0 .net "P", 15 0, L_0x5a538ee0d1c0;  alias, 1 drivers
v0x5a538ee5f150_0 .net "SHIFT", 0 0, v0x5a538ee5e460_0;  1 drivers
v0x5a538ee5f280_0 .net "ZERO", 0 0, L_0x5a538ee5fcf0;  1 drivers
v0x5a538ee5f320_0 .net "clk", 0 0, v0x5a538ee5f940_0;  1 drivers
v0x5a538ee5f3c0_0 .net "rst", 0 0, v0x5a538ee5f9e0_0;  1 drivers
S_0x5a538ee5a5b0 .scope module, "caminoDeDatos0" "CaminoDeDatos" 3 25, 4 2 0, S_0x5a538ee5a2b0;
 .timescale 0 0;
    .port_info 0 /INPUT 1 "clk";
    .port_info 1 /INPUT 8 "A";
    .port_info 2 /INPUT 8 "B";
    .port_info 3 /INPUT 1 "LD";
    .port_info 4 /INPUT 1 "ADD";
    .port_info 5 /INPUT 1 "SHIFT";
    .port_info 6 /OUTPUT 1 "LSB";
    .port_info 7 /OUTPUT 1 "ZERO";
    .port_info 8 /OUTPUT 16 "P";
P_0x5a538ee0e9b0 .param/l "CW" 0 4 2, +C4<00000000000000000000000000000100>;
P_0x5a538ee0e9f0 .param/l "N" 0 4 2, +C4<00000000000000000000000000001000>;
v0x5a538ee5cee0_0 .net "A", 7 0, v0x5a538ee5f520_0;  alias, 1 drivers
v0x5a538ee5cfc0_0 .net "ADD", 0 0, v0x5a538ee5e010_0;  alias, 1 drivers
v0x5a538ee5d060_0 .net "B", 7 0, v0x5a538ee5f600_0;  alias, 1 drivers
v0x5a538ee5d160_0 .net "LD", 0 0, v0x5a538ee5e280_0;  alias, 1 drivers
v0x5a538ee5d200_0 .net "LSB", 0 0, L_0x5a538ee5faf0;  alias, 1 drivers
v0x5a538ee5d2a0_0 .net "P", 15 0, L_0x5a538ee0d1c0;  alias, 1 drivers
v0x5a538ee5d370_0 .net "RegA_out", 15 0, L_0x5a538ee0dfb0;  1 drivers
v0x5a538ee5d460_0 .net "SHIFT", 0 0, v0x5a538ee5e460_0;  alias, 1 drivers
v0x5a538ee5d500_0 .net "ZERO", 0 0, L_0x5a538ee5fcf0;  alias, 1 drivers
v0x5a538ee5d630_0 .net "clk", 0 0, v0x5a538ee5f940_0;  alias, 1 drivers
v0x5a538ee5d760_0 .net "count", 3 0, v0x5a538ee5b290_0;  1 drivers
S_0x5a538ee5a9f0 .scope module, "comp0" "Comp" 4 58, 5 1 0, S_0x5a538ee5a5b0;
 .timescale 0 0;
    .port_info 0 /INPUT 4 "count";
    .port_info 1 /OUTPUT 1 "ZERO";
P_0x5a538ee5abf0 .param/l "CW" 0 5 1, +C4<00000000000000000000000000000100>;
v0x5a538ee0d360_0 .net "ZERO", 0 0, L_0x5a538ee5fcf0;  alias, 1 drivers
L_0x7f96d5d29018 .functor BUFT 1, C4<0000>, C4<0>, C4<0>, C4<0>;
v0x5a538ee0c680_0 .net/2u *"_ivl_0", 3 0, L_0x7f96d5d29018;  1 drivers
v0x5a538ee0ee10_0 .net "count", 3 0, v0x5a538ee5b290_0;  alias, 1 drivers
L_0x5a538ee5fcf0 .cmp/eq 4, v0x5a538ee5b290_0, L_0x7f96d5d29018;
S_0x5a538ee5ade0 .scope module, "counter0" "Counter" 4 51, 6 1 0, S_0x5a538ee5a5b0;
 .timescale 0 0;
    .port_info 0 /INPUT 1 "clk";
    .port_info 1 /INPUT 1 "Id";
    .port_info 2 /INPUT 1 "Dec";
    .port_info 3 /OUTPUT 4 "count";
P_0x5a538ee5a7e0 .param/l "CW" 0 6 1, +C4<00000000000000000000000000000100>;
P_0x5a538ee5a820 .param/l "N" 0 6 1, +C4<00000000000000000000000000001000>;
v0x5a538ee0ab90_0 .net "Dec", 0 0, v0x5a538ee5e460_0;  alias, 1 drivers
v0x5a538ee0aec0_0 .net "Id", 0 0, v0x5a538ee5e280_0;  alias, 1 drivers
v0x5a538ee5b1c0_0 .net "clk", 0 0, v0x5a538ee5f940_0;  alias, 1 drivers
v0x5a538ee5b290_0 .var "cnt", 3 0;
v0x5a538ee5b370_0 .net "count", 3 0, v0x5a538ee5b290_0;  alias, 1 drivers
S_0x5a538ee5b510 .scope module, "regA0" "RegA" 4 27, 7 1 0, S_0x5a538ee5a5b0;
 .timescale 0 0;
    .port_info 0 /INPUT 1 "clk";
    .port_info 1 /INPUT 1 "init_a";
    .port_info 2 /INPUT 1 "shift_l";
    .port_info 3 /INPUT 8 "A";
    .port_info 4 /OUTPUT 16 "RegA_out";
P_0x5a538ee5b6f0 .param/l "N" 0 7 1, +C4<00000000000000000000000000001000>;
L_0x5a538ee0dfb0 .functor BUFZ 16, v0x5a538ee5bb80_0, C4<0000000000000000>, C4<0000000000000000>, C4<0000000000000000>;
v0x5a538ee5b7f0_0 .net "A", 7 0, v0x5a538ee5f520_0;  alias, 1 drivers
v0x5a538ee5b8d0_0 .net "RegA_out", 15 0, L_0x5a538ee0dfb0;  alias, 1 drivers
v0x5a538ee5b9b0_0 .net "clk", 0 0, v0x5a538ee5f940_0;  alias, 1 drivers
v0x5a538ee5bab0_0 .net "init_a", 0 0, v0x5a538ee5e280_0;  alias, 1 drivers
v0x5a538ee5bb80_0 .var "regA", 15 0;
v0x5a538ee5bc70_0 .net "shift_l", 0 0, v0x5a538ee5e460_0;  alias, 1 drivers
S_0x5a538ee5bda0 .scope module, "regB0" "RegB" 4 35, 8 1 0, S_0x5a538ee5a5b0;
 .timescale 0 0;
    .port_info 0 /INPUT 1 "clk";
    .port_info 1 /INPUT 1 "init_b";
    .port_info 2 /INPUT 1 "shift_r";
    .port_info 3 /INPUT 8 "B";
    .port_info 4 /OUTPUT 1 "LSB";
P_0x5a538ee5bf80 .param/l "N" 0 8 1, +C4<00000000000000000000000000001000>;
v0x5a538ee5c050_0 .net "B", 7 0, v0x5a538ee5f600_0;  alias, 1 drivers
v0x5a538ee5c150_0 .net "LSB", 0 0, L_0x5a538ee5faf0;  alias, 1 drivers
v0x5a538ee5c210_0 .net "clk", 0 0, v0x5a538ee5f940_0;  alias, 1 drivers
v0x5a538ee5c330_0 .net "init_b", 0 0, v0x5a538ee5e280_0;  alias, 1 drivers
v0x5a538ee5c420_0 .var "regB", 7 0;
v0x5a538ee5c530_0 .net "shift_r", 0 0, v0x5a538ee5e460_0;  alias, 1 drivers
L_0x5a538ee5faf0 .part v0x5a538ee5c420_0, 0, 1;
S_0x5a538ee5c6c0 .scope module, "suma0" "Suma" 4 43, 9 1 0, S_0x5a538ee5a5b0;
 .timescale 0 0;
    .port_info 0 /INPUT 1 "clk";
    .port_info 1 /INPUT 1 "add";
    .port_info 2 /INPUT 1 "rst";
    .port_info 3 /INPUT 16 "RegA_in";
    .port_info 4 /OUTPUT 16 "P";
P_0x5a538ee5c8f0 .param/l "N" 0 9 1, +C4<00000000000000000000000000001000>;
L_0x5a538ee0d1c0 .functor BUFZ 16, v0x5a538ee5ca90_0, C4<0000000000000000>, C4<0000000000000000>, C4<0000000000000000>;
v0x5a538ee5c990_0 .net "P", 15 0, L_0x5a538ee0d1c0;  alias, 1 drivers
v0x5a538ee5ca90_0 .var "P_reg", 15 0;
v0x5a538ee5cb70_0 .net "RegA_in", 15 0, L_0x5a538ee0dfb0;  alias, 1 drivers
v0x5a538ee5cc10_0 .net "add", 0 0, v0x5a538ee5e010_0;  alias, 1 drivers
v0x5a538ee5ccb0_0 .net "clk", 0 0, v0x5a538ee5f940_0;  alias, 1 drivers
v0x5a538ee5cda0_0 .net "rst", 0 0, v0x5a538ee5e280_0;  alias, 1 drivers
S_0x5a538ee5d8c0 .scope module, "control0" "Control" 3 37, 10 1 0, S_0x5a538ee5a2b0;
 .timescale 0 0;
    .port_info 0 /INPUT 1 "clk";
    .port_info 1 /INPUT 1 "rst";
    .port_info 2 /INPUT 1 "INIT";
    .port_info 3 /INPUT 1 "ZERO";
    .port_info 4 /INPUT 1 "LSB";
    .port_info 5 /OUTPUT 1 "LD";
    .port_info 6 /OUTPUT 1 "ADD";
    .port_info 7 /OUTPUT 1 "SHIFT";
    .port_info 8 /OUTPUT 1 "DONE";
P_0x5a538ee5da70 .param/l "AddSt" 0 10 25, C4<011>;
P_0x5a538ee5dab0 .param/l "Check1" 0 10 23, C4<001>;
P_0x5a538ee5daf0 .param/l "Check2" 0 10 24, C4<010>;
P_0x5a538ee5db30 .param/l "Final" 0 10 27, C4<101>;
P_0x5a538ee5db70 .param/l "ShiftSt" 0 10 26, C4<100>;
P_0x5a538ee5dbb0 .param/l "Start" 0 10 22, C4<000>;
v0x5a538ee5e010_0 .var "ADD", 0 0;
v0x5a538ee5e120_0 .var "DONE", 0 0;
v0x5a538ee5e1e0_0 .net "INIT", 0 0, v0x5a538ee5f760_0;  alias, 1 drivers
v0x5a538ee5e280_0 .var "LD", 0 0;
v0x5a538ee5e320_0 .net "LSB", 0 0, L_0x5a538ee5faf0;  alias, 1 drivers
v0x5a538ee5e460_0 .var "SHIFT", 0 0;
v0x5a538ee5e590_0 .var "STATE", 2 0;
v0x5a538ee5e670_0 .net "ZERO", 0 0, L_0x5a538ee5fcf0;  alias, 1 drivers
v0x5a538ee5e710_0 .net "clk", 0 0, v0x5a538ee5f940_0;  alias, 1 drivers
v0x5a538ee5e840_0 .var "estado_nombre", 160 1;
v0x5a538ee5e920_0 .net "rst", 0 0, v0x5a538ee5f9e0_0;  alias, 1 drivers
E_0x5a538ee375c0 .event anyedge, v0x5a538ee5e590_0;
E_0x5a538edfe350 .event posedge, v0x5a538ee5e920_0, v0x5a538ee5b1c0_0;
    .scope S_0x5a538ee5b510;
T_1 ;
    %wait E_0x5a538ee366f0;
    %load/vec4 v0x5a538ee5bab0_0;
    %flag_set/vec4 8;
    %jmp/0xz  T_1.0, 8;
    %pushi/vec4 0, 0, 8;
    %load/vec4 v0x5a538ee5b7f0_0;
    %concat/vec4; draw_concat_vec4
    %assign/vec4 v0x5a538ee5bb80_0, 0;
    %jmp T_1.1;
T_1.0 ;
    %load/vec4 v0x5a538ee5bc70_0;
    %flag_set/vec4 8;
    %jmp/0xz  T_1.2, 8;
    %load/vec4 v0x5a538ee5bb80_0;
    %ix/load 4, 1, 0;
    %flag_set/imm 4, 0;
    %shiftl 4;
    %assign/vec4 v0x5a538ee5bb80_0, 0;
T_1.2 ;
T_1.1 ;
    %jmp T_1;
    .thread T_1;
    .scope S_0x5a538ee5bda0;
T_2 ;
    %wait E_0x5a538ee366f0;
    %load/vec4 v0x5a538ee5c330_0;
    %flag_set/vec4 8;
    %jmp/0xz  T_2.0, 8;
    %load/vec4 v0x5a538ee5c050_0;
    %assign/vec4 v0x5a538ee5c420_0, 0;
    %jmp T_2.1;
T_2.0 ;
    %load/vec4 v0x5a538ee5c530_0;
    %flag_set/vec4 8;
    %jmp/0xz  T_2.2, 8;
    %load/vec4 v0x5a538ee5c420_0;
    %ix/load 4, 1, 0;
    %flag_set/imm 4, 0;
    %shiftr 4;
    %assign/vec4 v0x5a538ee5c420_0, 0;
T_2.2 ;
T_2.1 ;
    %jmp T_2;
    .thread T_2;
    .scope S_0x5a538ee5c6c0;
T_3 ;
    %wait E_0x5a538ee366f0;
    %load/vec4 v0x5a538ee5cda0_0;
    %flag_set/vec4 8;
    %jmp/0xz  T_3.0, 8;
    %pushi/vec4 0, 0, 16;
    %assign/vec4 v0x5a538ee5ca90_0, 0;
    %jmp T_3.1;
T_3.0 ;
    %load/vec4 v0x5a538ee5cc10_0;
    %flag_set/vec4 8;
    %jmp/0xz  T_3.2, 8;
    %load/vec4 v0x5a538ee5ca90_0;
    %load/vec4 v0x5a538ee5cb70_0;
    %add;
    %assign/vec4 v0x5a538ee5ca90_0, 0;
T_3.2 ;
T_3.1 ;
    %jmp T_3;
    .thread T_3;
    .scope S_0x5a538ee5ade0;
T_4 ;
    %wait E_0x5a538ee366f0;
    %load/vec4 v0x5a538ee0aec0_0;
    %flag_set/vec4 8;
    %jmp/0xz  T_4.0, 8;
    %pushi/vec4 8, 0, 4;
    %assign/vec4 v0x5a538ee5b290_0, 0;
    %jmp T_4.1;
T_4.0 ;
    %load/vec4 v0x5a538ee0ab90_0;
    %flag_set/vec4 8;
    %jmp/0xz  T_4.2, 8;
    %load/vec4 v0x5a538ee5b290_0;
    %subi 1, 0, 4;
    %assign/vec4 v0x5a538ee5b290_0, 0;
T_4.2 ;
T_4.1 ;
    %jmp T_4;
    .thread T_4;
    .scope S_0x5a538ee5d8c0;
T_5 ;
    %wait E_0x5a538edfe350;
    %load/vec4 v0x5a538ee5e920_0;
    %flag_set/vec4 8;
    %jmp/0xz  T_5.0, 8;
    %pushi/vec4 0, 0, 3;
    %assign/vec4 v0x5a538ee5e590_0, 0;
    %jmp T_5.1;
T_5.0 ;
    %load/vec4 v0x5a538ee5e590_0;
    %dup/vec4;
    %pushi/vec4 0, 0, 3;
    %cmp/u;
    %jmp/1 T_5.2, 6;
    %dup/vec4;
    %pushi/vec4 1, 0, 3;
    %cmp/u;
    %jmp/1 T_5.3, 6;
    %dup/vec4;
    %pushi/vec4 2, 0, 3;
    %cmp/u;
    %jmp/1 T_5.4, 6;
    %dup/vec4;
    %pushi/vec4 3, 0, 3;
    %cmp/u;
    %jmp/1 T_5.5, 6;
    %dup/vec4;
    %pushi/vec4 4, 0, 3;
    %cmp/u;
    %jmp/1 T_5.6, 6;
    %dup/vec4;
    %pushi/vec4 5, 0, 3;
    %cmp/u;
    %jmp/1 T_5.7, 6;
    %pushi/vec4 0, 0, 3;
    %assign/vec4 v0x5a538ee5e590_0, 0;
    %jmp T_5.9;
T_5.2 ;
    %load/vec4 v0x5a538ee5e1e0_0;
    %flag_set/vec4 8;
    %jmp/0xz  T_5.10, 8;
    %pushi/vec4 1, 0, 3;
    %assign/vec4 v0x5a538ee5e590_0, 0;
    %jmp T_5.11;
T_5.10 ;
    %pushi/vec4 0, 0, 3;
    %assign/vec4 v0x5a538ee5e590_0, 0;
T_5.11 ;
    %jmp T_5.9;
T_5.3 ;
    %load/vec4 v0x5a538ee5e670_0;
    %flag_set/vec4 8;
    %jmp/0xz  T_5.12, 8;
    %pushi/vec4 5, 0, 3;
    %assign/vec4 v0x5a538ee5e590_0, 0;
    %jmp T_5.13;
T_5.12 ;
    %pushi/vec4 2, 0, 3;
    %assign/vec4 v0x5a538ee5e590_0, 0;
T_5.13 ;
    %jmp T_5.9;
T_5.4 ;
    %load/vec4 v0x5a538ee5e320_0;
    %flag_set/vec4 8;
    %jmp/0xz  T_5.14, 8;
    %pushi/vec4 3, 0, 3;
    %assign/vec4 v0x5a538ee5e590_0, 0;
    %jmp T_5.15;
T_5.14 ;
    %pushi/vec4 4, 0, 3;
    %assign/vec4 v0x5a538ee5e590_0, 0;
T_5.15 ;
    %jmp T_5.9;
T_5.5 ;
    %pushi/vec4 4, 0, 3;
    %assign/vec4 v0x5a538ee5e590_0, 0;
    %jmp T_5.9;
T_5.6 ;
    %pushi/vec4 1, 0, 3;
    %assign/vec4 v0x5a538ee5e590_0, 0;
    %jmp T_5.9;
T_5.7 ;
    %pushi/vec4 0, 0, 3;
    %assign/vec4 v0x5a538ee5e590_0, 0;
    %jmp T_5.9;
T_5.9 ;
    %pop/vec4 1;
T_5.1 ;
    %jmp T_5;
    .thread T_5;
    .scope S_0x5a538ee5d8c0;
T_6 ;
    %wait E_0x5a538ee375c0;
    %load/vec4 v0x5a538ee5e590_0;
    %dup/vec4;
    %pushi/vec4 0, 0, 3;
    %cmp/u;
    %jmp/1 T_6.0, 6;
    %dup/vec4;
    %pushi/vec4 1, 0, 3;
    %cmp/u;
    %jmp/1 T_6.1, 6;
    %dup/vec4;
    %pushi/vec4 2, 0, 3;
    %cmp/u;
    %jmp/1 T_6.2, 6;
    %dup/vec4;
    %pushi/vec4 3, 0, 3;
    %cmp/u;
    %jmp/1 T_6.3, 6;
    %dup/vec4;
    %pushi/vec4 4, 0, 3;
    %cmp/u;
    %jmp/1 T_6.4, 6;
    %dup/vec4;
    %pushi/vec4 5, 0, 3;
    %cmp/u;
    %jmp/1 T_6.5, 6;
    %pushi/vec4 0, 0, 1;
    %store/vec4 v0x5a538ee5e280_0, 0, 1;
    %pushi/vec4 0, 0, 1;
    %store/vec4 v0x5a538ee5e010_0, 0, 1;
    %pushi/vec4 0, 0, 1;
    %store/vec4 v0x5a538ee5e460_0, 0, 1;
    %pushi/vec4 0, 0, 1;
    %store/vec4 v0x5a538ee5e120_0, 0, 1;
    %jmp T_6.7;
T_6.0 ;
    %pushi/vec4 1, 0, 1;
    %store/vec4 v0x5a538ee5e280_0, 0, 1;
    %pushi/vec4 0, 0, 1;
    %store/vec4 v0x5a538ee5e010_0, 0, 1;
    %pushi/vec4 0, 0, 1;
    %store/vec4 v0x5a538ee5e460_0, 0, 1;
    %pushi/vec4 0, 0, 1;
    %store/vec4 v0x5a538ee5e120_0, 0, 1;
    %jmp T_6.7;
T_6.1 ;
    %pushi/vec4 0, 0, 1;
    %store/vec4 v0x5a538ee5e280_0, 0, 1;
    %pushi/vec4 0, 0, 1;
    %store/vec4 v0x5a538ee5e010_0, 0, 1;
    %pushi/vec4 0, 0, 1;
    %store/vec4 v0x5a538ee5e460_0, 0, 1;
    %pushi/vec4 0, 0, 1;
    %store/vec4 v0x5a538ee5e120_0, 0, 1;
    %jmp T_6.7;
T_6.2 ;
    %pushi/vec4 0, 0, 1;
    %store/vec4 v0x5a538ee5e280_0, 0, 1;
    %pushi/vec4 0, 0, 1;
    %store/vec4 v0x5a538ee5e010_0, 0, 1;
    %pushi/vec4 0, 0, 1;
    %store/vec4 v0x5a538ee5e460_0, 0, 1;
    %pushi/vec4 0, 0, 1;
    %store/vec4 v0x5a538ee5e120_0, 0, 1;
    %jmp T_6.7;
T_6.3 ;
    %pushi/vec4 0, 0, 1;
    %store/vec4 v0x5a538ee5e280_0, 0, 1;
    %pushi/vec4 1, 0, 1;
    %store/vec4 v0x5a538ee5e010_0, 0, 1;
    %pushi/vec4 0, 0, 1;
    %store/vec4 v0x5a538ee5e460_0, 0, 1;
    %pushi/vec4 0, 0, 1;
    %store/vec4 v0x5a538ee5e120_0, 0, 1;
    %jmp T_6.7;
T_6.4 ;
    %pushi/vec4 0, 0, 1;
    %store/vec4 v0x5a538ee5e280_0, 0, 1;
    %pushi/vec4 0, 0, 1;
    %store/vec4 v0x5a538ee5e010_0, 0, 1;
    %pushi/vec4 1, 0, 1;
    %store/vec4 v0x5a538ee5e460_0, 0, 1;
    %pushi/vec4 0, 0, 1;
    %store/vec4 v0x5a538ee5e120_0, 0, 1;
    %jmp T_6.7;
T_6.5 ;
    %pushi/vec4 0, 0, 1;
    %store/vec4 v0x5a538ee5e280_0, 0, 1;
    %pushi/vec4 0, 0, 1;
    %store/vec4 v0x5a538ee5e010_0, 0, 1;
    %pushi/vec4 0, 0, 1;
    %store/vec4 v0x5a538ee5e460_0, 0, 1;
    %pushi/vec4 1, 0, 1;
    %store/vec4 v0x5a538ee5e120_0, 0, 1;
    %jmp T_6.7;
T_6.7 ;
    %pop/vec4 1;
    %jmp T_6;
    .thread T_6, $push;
    .scope S_0x5a538ee5d8c0;
T_7 ;
    %wait E_0x5a538ee375c0;
    %load/vec4 v0x5a538ee5e590_0;
    %dup/vec4;
    %pushi/vec4 0, 0, 3;
    %cmp/u;
    %jmp/1 T_7.0, 6;
    %dup/vec4;
    %pushi/vec4 1, 0, 3;
    %cmp/u;
    %jmp/1 T_7.1, 6;
    %dup/vec4;
    %pushi/vec4 2, 0, 3;
    %cmp/u;
    %jmp/1 T_7.2, 6;
    %dup/vec4;
    %pushi/vec4 3, 0, 3;
    %cmp/u;
    %jmp/1 T_7.3, 6;
    %dup/vec4;
    %pushi/vec4 4, 0, 3;
    %cmp/u;
    %jmp/1 T_7.4, 6;
    %dup/vec4;
    %pushi/vec4 5, 0, 3;
    %cmp/u;
    %jmp/1 T_7.5, 6;
    %pushi/vec4 0, 0, 32; draw_string_vec4
    %pushi/vec4 0, 0, 32; draw_string_vec4
    %concat/vec4; draw_string_vec4
    %pushi/vec4 0, 0, 32; draw_string_vec4
    %concat/vec4; draw_string_vec4
    %pushi/vec4 7695979, 0, 32; draw_string_vec4
    %concat/vec4; draw_string_vec4
    %pushi/vec4 1852798830, 0, 32; draw_string_vec4
    %concat/vec4; draw_string_vec4
    %store/vec4 v0x5a538ee5e840_0, 0, 160;
    %jmp T_7.7;
T_7.0 ;
    %pushi/vec4 0, 0, 32; draw_string_vec4
    %pushi/vec4 0, 0, 32; draw_string_vec4
    %concat/vec4; draw_string_vec4
    %pushi/vec4 0, 0, 32; draw_string_vec4
    %concat/vec4; draw_string_vec4
    %pushi/vec4 83, 0, 32; draw_string_vec4
    %concat/vec4; draw_string_vec4
    %pushi/vec4 1413567060, 0, 32; draw_string_vec4
    %concat/vec4; draw_string_vec4
    %store/vec4 v0x5a538ee5e840_0, 0, 160;
    %jmp T_7.7;
T_7.1 ;
    %pushi/vec4 0, 0, 32; draw_string_vec4
    %pushi/vec4 0, 0, 32; draw_string_vec4
    %concat/vec4; draw_string_vec4
    %pushi/vec4 0, 0, 32; draw_string_vec4
    %concat/vec4; draw_string_vec4
    %pushi/vec4 17224, 0, 32; draw_string_vec4
    %concat/vec4; draw_string_vec4
    %pushi/vec4 1162038065, 0, 32; draw_string_vec4
    %concat/vec4; draw_string_vec4
    %store/vec4 v0x5a538ee5e840_0, 0, 160;
    %jmp T_7.7;
T_7.2 ;
    %pushi/vec4 0, 0, 32; draw_string_vec4
    %pushi/vec4 0, 0, 32; draw_string_vec4
    %concat/vec4; draw_string_vec4
    %pushi/vec4 0, 0, 32; draw_string_vec4
    %concat/vec4; draw_string_vec4
    %pushi/vec4 17224, 0, 32; draw_string_vec4
    %concat/vec4; draw_string_vec4
    %pushi/vec4 1162038066, 0, 32; draw_string_vec4
    %concat/vec4; draw_string_vec4
    %store/vec4 v0x5a538ee5e840_0, 0, 160;
    %jmp T_7.7;
T_7.3 ;
    %pushi/vec4 0, 0, 32; draw_string_vec4
    %pushi/vec4 0, 0, 32; draw_string_vec4
    %concat/vec4; draw_string_vec4
    %pushi/vec4 0, 0, 32; draw_string_vec4
    %concat/vec4; draw_string_vec4
    %pushi/vec4 0, 0, 32; draw_string_vec4
    %concat/vec4; draw_string_vec4
    %pushi/vec4 4277316, 0, 32; draw_string_vec4
    %concat/vec4; draw_string_vec4
    %store/vec4 v0x5a538ee5e840_0, 0, 160;
    %jmp T_7.7;
T_7.4 ;
    %pushi/vec4 0, 0, 32; draw_string_vec4
    %pushi/vec4 0, 0, 32; draw_string_vec4
    %concat/vec4; draw_string_vec4
    %pushi/vec4 0, 0, 32; draw_string_vec4
    %concat/vec4; draw_string_vec4
    %pushi/vec4 83, 0, 32; draw_string_vec4
    %concat/vec4; draw_string_vec4
    %pushi/vec4 1212761684, 0, 32; draw_string_vec4
    %concat/vec4; draw_string_vec4
    %store/vec4 v0x5a538ee5e840_0, 0, 160;
    %jmp T_7.7;
T_7.5 ;
    %pushi/vec4 0, 0, 32; draw_string_vec4
    %pushi/vec4 0, 0, 32; draw_string_vec4
    %concat/vec4; draw_string_vec4
    %pushi/vec4 0, 0, 32; draw_string_vec4
    %concat/vec4; draw_string_vec4
    %pushi/vec4 70, 0, 32; draw_string_vec4
    %concat/vec4; draw_string_vec4
    %pushi/vec4 1229865292, 0, 32; draw_string_vec4
    %concat/vec4; draw_string_vec4
    %store/vec4 v0x5a538ee5e840_0, 0, 160;
    %jmp T_7.7;
T_7.7 ;
    %pop/vec4 1;
    %jmp T_7;
    .thread T_7, $push;
    .scope S_0x5a538ee26b40;
T_8 ;
    %pushi/vec4 0, 0, 1;
    %store/vec4 v0x5a538ee5f940_0, 0, 1;
T_8.0 ;
    %delay 20, 0;
    %load/vec4 v0x5a538ee5f940_0;
    %inv;
    %store/vec4 v0x5a538ee5f940_0, 0, 1;
    %jmp T_8.0;
    %end;
    .thread T_8;
    .scope S_0x5a538ee26b40;
T_9 ;
    %vpi_call 2 32 "$dumpfile", "Multiplicador_TB.vcd" {0 0 0};
    %vpi_call 2 33 "$dumpvars", 32'sb00000000000000000000000000000000, S_0x5a538ee26b40 {0 0 0};
    %pushi/vec4 1, 0, 1;
    %store/vec4 v0x5a538ee5f9e0_0, 0, 1;
    %pushi/vec4 0, 0, 1;
    %store/vec4 v0x5a538ee5f760_0, 0, 1;
    %pushi/vec4 0, 0, 8;
    %store/vec4 v0x5a538ee5f520_0, 0, 8;
    %pushi/vec4 0, 0, 8;
    %store/vec4 v0x5a538ee5f600_0, 0, 8;
    %wait E_0x5a538ee366f0;
    %pushi/vec4 0, 0, 1;
    %store/vec4 v0x5a538ee5f9e0_0, 0, 1;
    %delay 40, 0;
    %pushi/vec4 0, 0, 8;
    %store/vec4 v0x5a538ee3aa00_0, 0, 8;
    %pushi/vec4 25, 0, 8;
    %store/vec4 v0x5a538ee0e110_0, 0, 8;
    %fork TD_Multiplicador_TB.correr, S_0x5a538ee26cd0;
    %join;
    %pushi/vec4 5, 0, 8;
    %store/vec4 v0x5a538ee3aa00_0, 0, 8;
    %pushi/vec4 6, 0, 8;
    %store/vec4 v0x5a538ee0e110_0, 0, 8;
    %fork TD_Multiplicador_TB.correr, S_0x5a538ee26cd0;
    %join;
    %pushi/vec4 255, 0, 8;
    %store/vec4 v0x5a538ee3aa00_0, 0, 8;
    %pushi/vec4 255, 0, 8;
    %store/vec4 v0x5a538ee0e110_0, 0, 8;
    %fork TD_Multiplicador_TB.correr, S_0x5a538ee26cd0;
    %join;
    %pushi/vec4 100, 0, 8;
    %store/vec4 v0x5a538ee3aa00_0, 0, 8;
    %pushi/vec4 3, 0, 8;
    %store/vec4 v0x5a538ee0e110_0, 0, 8;
    %fork TD_Multiplicador_TB.correr, S_0x5a538ee26cd0;
    %join;
    %pushi/vec4 1, 0, 8;
    %store/vec4 v0x5a538ee3aa00_0, 0, 8;
    %pushi/vec4 1, 0, 8;
    %store/vec4 v0x5a538ee0e110_0, 0, 8;
    %fork TD_Multiplicador_TB.correr, S_0x5a538ee26cd0;
    %join;
    %vpi_call 2 44 "$finish" {0 0 0};
    %end;
    .thread T_9;
# The file index is used to find the file name in the following table.
:file_names 11;
    "N/A";
    "<interactive>";
    "Multiplicador_TB.v";
    "Multiplicador.v";
    "CaminoDeDatos.v";
    "Comp.v";
    "Counter.v";
    "RegA.v";
    "RegB.v";
    "Suma.v";
    "Control.v";
