#! /usr/bin/vvp
:ivl_version "12.0 (stable)";
:ivl_delay_selection "TYPICAL";
:vpi_time_precision + 0;
:vpi_module "/usr/lib/x86_64-linux-gnu/ivl/system.vpi";
:vpi_module "/usr/lib/x86_64-linux-gnu/ivl/vhdl_sys.vpi";
:vpi_module "/usr/lib/x86_64-linux-gnu/ivl/vhdl_textio.vpi";
:vpi_module "/usr/lib/x86_64-linux-gnu/ivl/v2005_math.vpi";
:vpi_module "/usr/lib/x86_64-linux-gnu/ivl/va_math.vpi";
S_0x5a0ef70023a0 .scope module, "Division_TB" "Division_TB" 2 1;
 .timescale 0 0;
v0x5a0ef7039830_0 .net "Cociente", 7 0, L_0x5a0ef7013410;  1 drivers
v0x5a0ef7039910_0 .net "DONE", 0 0, v0x5a0ef7037f50_0;  1 drivers
v0x5a0ef70399d0_0 .var "Dividendo", 7 0;
v0x5a0ef7039a70_0 .var "Divisor", 7 0;
v0x5a0ef7039ba0_0 .var "INIT", 0 0;
v0x5a0ef7039c40_0 .net "Residuo", 8 0, v0x5a0ef7036760_0;  1 drivers
v0x5a0ef7039d90_0 .var "clk", 0 0;
v0x5a0ef7039e30_0 .var "rst", 0 0;
S_0x5a0ef7002530 .scope task, "correr" "correr" 2 21, 2 21 0, S_0x5a0ef70023a0;
 .timescale 0 0;
v0x5a0ef70175a0_0 .var "dividendo_val", 7 0;
v0x5a0ef7013610_0 .var "divisor_val", 7 0;
E_0x5a0ef6ffb450 .event anyedge, v0x5a0ef7037f50_0;
E_0x5a0ef6ffa310 .event posedge, v0x5a0ef7034fc0_0;
TD_Division_TB.correr ;
    %load/vec4 v0x5a0ef70175a0_0;
    %store/vec4 v0x5a0ef70399d0_0, 0, 8;
    %load/vec4 v0x5a0ef7013610_0;
    %store/vec4 v0x5a0ef7039a70_0, 0, 8;
    %wait E_0x5a0ef6ffa310;
    %pushi/vec4 1, 0, 1;
    %store/vec4 v0x5a0ef7039e30_0, 0, 1;
    %wait E_0x5a0ef6ffa310;
    %pushi/vec4 0, 0, 1;
    %store/vec4 v0x5a0ef7039e30_0, 0, 1;
    %pushi/vec4 1, 0, 1;
    %store/vec4 v0x5a0ef7039ba0_0, 0, 1;
    %wait E_0x5a0ef6ffa310;
    %pushi/vec4 0, 0, 1;
    %store/vec4 v0x5a0ef7039ba0_0, 0, 1;
T_0.0 ;
    %load/vec4 v0x5a0ef7039910_0;
    %cmpi/ne 1, 0, 1;
    %jmp/0xz T_0.1, 6;
    %wait E_0x5a0ef6ffb450;
    %jmp T_0.0;
T_0.1 ;
    %delay 40, 0;
    %end;
S_0x5a0ef7032d80 .scope module, "uut" "Division" 2 11, 3 1 0, S_0x5a0ef70023a0;
 .timescale 0 0;
    .port_info 0 /INPUT 1 "clk";
    .port_info 1 /INPUT 1 "rst";
    .port_info 2 /INPUT 1 "INIT";
    .port_info 3 /INPUT 8 "Divisor";
    .port_info 4 /INPUT 8 "Dividendo";
    .port_info 5 /OUTPUT 9 "Residuo";
    .port_info 6 /OUTPUT 8 "Cociente";
    .port_info 7 /OUTPUT 1 "DONE";
P_0x5a0ef700cbb0 .param/l "CW" 0 3 1, +C4<00000000000000000000000000000100>;
P_0x5a0ef700cbf0 .param/l "N" 0 3 1, +C4<00000000000000000000000000001000>;
v0x5a0ef7038bf0_0 .net "Cociente", 7 0, L_0x5a0ef7013410;  alias, 1 drivers
v0x5a0ef7038cd0_0 .net "DEC", 0 0, v0x5a0ef7037e40_0;  1 drivers
v0x5a0ef7038d90_0 .net "DONE", 0 0, v0x5a0ef7037f50_0;  alias, 1 drivers
v0x5a0ef7038e30_0 .net "Dividendo", 7 0, v0x5a0ef70399d0_0;  1 drivers
v0x5a0ef7038f20_0 .net "Divisor", 7 0, v0x5a0ef7039a70_0;  1 drivers
v0x5a0ef7039010_0 .net "INIT", 0 0, v0x5a0ef7039ba0_0;  1 drivers
v0x5a0ef70390b0_0 .net "LD", 0 0, v0x5a0ef70380b0_0;  1 drivers
v0x5a0ef7039150_0 .net "RESIDUOCOMP", 0 0, L_0x5a0ef704a500;  1 drivers
v0x5a0ef70391f0_0 .net "Residuo", 8 0, v0x5a0ef7036760_0;  alias, 1 drivers
v0x5a0ef7039320_0 .net "SETCOCIENTE", 0 0, v0x5a0ef70382d0_0;  1 drivers
v0x5a0ef70393c0_0 .net "SETRESIDUO", 0 0, v0x5a0ef70383c0_0;  1 drivers
v0x5a0ef7039460_0 .net "SHIFT", 0 0, v0x5a0ef70384b0_0;  1 drivers
v0x5a0ef7039590_0 .net "ZERO", 0 0, L_0x5a0ef704a6d0;  1 drivers
v0x5a0ef7039630_0 .net "clk", 0 0, v0x5a0ef7039d90_0;  1 drivers
v0x5a0ef70396d0_0 .net "rst", 0 0, v0x5a0ef7039e30_0;  1 drivers
S_0x5a0ef7033140 .scope module, "caminoDeDatos0" "CaminoDeDatos" 3 28, 4 1 0, S_0x5a0ef7032d80;
 .timescale 0 0;
    .port_info 0 /INPUT 1 "clk";
    .port_info 1 /INPUT 8 "Divisor";
    .port_info 2 /INPUT 8 "Dividendo";
    .port_info 3 /INPUT 1 "LD";
    .port_info 4 /INPUT 1 "SETCOCIENTE";
    .port_info 5 /INPUT 1 "SETRESIDUO";
    .port_info 6 /INPUT 1 "SHIFT";
    .port_info 7 /INPUT 1 "DEC";
    .port_info 8 /OUTPUT 1 "RESIDUOCOMP";
    .port_info 9 /OUTPUT 1 "ZERO";
    .port_info 10 /OUTPUT 9 "Residuo";
    .port_info 11 /OUTPUT 8 "Cociente";
P_0x5a0ef700ccd0 .param/l "CW" 0 4 1, +C4<00000000000000000000000000000100>;
P_0x5a0ef700cd10 .param/l "N" 0 4 1, +C4<00000000000000000000000000001000>;
v0x5a0ef7036900_0 .net "Cociente", 7 0, L_0x5a0ef7013410;  alias, 1 drivers
v0x5a0ef70369e0_0 .net "DEC", 0 0, v0x5a0ef7037e40_0;  alias, 1 drivers
v0x5a0ef7036ab0_0 .net "Dividendo", 7 0, v0x5a0ef70399d0_0;  alias, 1 drivers
v0x5a0ef7036bb0_0 .net "Divisor", 7 0, v0x5a0ef7039a70_0;  alias, 1 drivers
v0x5a0ef7036ca0_0 .net "LD", 0 0, v0x5a0ef70380b0_0;  alias, 1 drivers
v0x5a0ef7036d90_0 .net "RESIDUOCOMP", 0 0, L_0x5a0ef704a500;  alias, 1 drivers
v0x5a0ef7036e30_0 .net "Residuo", 8 0, v0x5a0ef7036760_0;  alias, 1 drivers
v0x5a0ef7036f20_0 .net "SETCOCIENTE", 0 0, v0x5a0ef70382d0_0;  alias, 1 drivers
v0x5a0ef7036fc0_0 .net "SETRESIDUO", 0 0, v0x5a0ef70383c0_0;  alias, 1 drivers
v0x5a0ef7037060_0 .net "SHIFT", 0 0, v0x5a0ef70384b0_0;  alias, 1 drivers
v0x5a0ef7037100_0 .net "ZERO", 0 0, L_0x5a0ef704a6d0;  alias, 1 drivers
v0x5a0ef70371a0_0 .net "clk", 0 0, v0x5a0ef7039d90_0;  alias, 1 drivers
v0x5a0ef7037240_0 .net "cociente_msb", 0 0, L_0x5a0ef7039f80;  1 drivers
v0x5a0ef7037330_0 .net "count", 3 0, v0x5a0ef7035080_0;  1 drivers
v0x5a0ef7037420_0 .net "divisorComp", 8 0, L_0x5a0ef704a190;  1 drivers
S_0x5a0ef7033580 .scope module, "comp1_0" "Comp1" 4 58, 5 1 0, S_0x5a0ef7033140;
 .timescale 0 0;
    .port_info 0 /INPUT 9 "Residuo";
    .port_info 1 /INPUT 8 "Divisor";
    .port_info 2 /OUTPUT 1 "RESIDUOCOMP";
P_0x5a0ef7033780 .param/l "N" 0 5 1, +C4<00000000000000000000000000001000>;
v0x5a0ef6fdb6d0_0 .net "Divisor", 7 0, v0x5a0ef7039a70_0;  alias, 1 drivers
v0x5a0ef6fd9250_0 .net "RESIDUOCOMP", 0 0, L_0x5a0ef704a500;  alias, 1 drivers
v0x5a0ef700d110_0 .net "Residuo", 8 0, v0x5a0ef7036760_0;  alias, 1 drivers
L_0x7c8768a9d0a8 .functor BUFT 1, C4<0>, C4<0>, C4<0>, C4<0>;
v0x5a0ef6fd6d90_0 .net/2u *"_ivl_0", 0 0, L_0x7c8768a9d0a8;  1 drivers
v0x5a0ef6fd7120_0 .net *"_ivl_2", 8 0, L_0x5a0ef704a2d0;  1 drivers
v0x5a0ef7033a30_0 .net *"_ivl_4", 0 0, L_0x5a0ef704a3c0;  1 drivers
L_0x7c8768a9d0f0 .functor BUFT 1, C4<1>, C4<0>, C4<0>, C4<0>;
v0x5a0ef7033af0_0 .net/2u *"_ivl_6", 0 0, L_0x7c8768a9d0f0;  1 drivers
L_0x7c8768a9d138 .functor BUFT 1, C4<0>, C4<0>, C4<0>, C4<0>;
v0x5a0ef7033bd0_0 .net/2u *"_ivl_8", 0 0, L_0x7c8768a9d138;  1 drivers
L_0x5a0ef704a2d0 .concat [ 8 1 0 0], v0x5a0ef7039a70_0, L_0x7c8768a9d0a8;
L_0x5a0ef704a3c0 .cmp/ge 9, v0x5a0ef7036760_0, L_0x5a0ef704a2d0;
L_0x5a0ef704a500 .functor MUXZ 1, L_0x7c8768a9d138, L_0x7c8768a9d0f0, L_0x5a0ef704a3c0, C4<>;
S_0x5a0ef7033d30 .scope module, "comp2_0" "Comp2" 4 71, 6 1 0, S_0x5a0ef7033140;
 .timescale 0 0;
    .port_info 0 /INPUT 4 "count";
    .port_info 1 /OUTPUT 1 "ZERO";
P_0x5a0ef7033f10 .param/l "CW" 0 6 1, +C4<00000000000000000000000000000100>;
v0x5a0ef7033fb0_0 .net "ZERO", 0 0, L_0x5a0ef704a6d0;  alias, 1 drivers
L_0x7c8768a9d180 .functor BUFT 1, C4<0000>, C4<0>, C4<0>, C4<0>;
v0x5a0ef7034090_0 .net/2u *"_ivl_0", 3 0, L_0x7c8768a9d180;  1 drivers
v0x5a0ef7034170_0 .net "count", 3 0, v0x5a0ef7035080_0;  alias, 1 drivers
L_0x5a0ef704a6d0 .cmp/eq 4, v0x5a0ef7035080_0, L_0x7c8768a9d180;
S_0x5a0ef70342c0 .scope module, "complement0" "Complement" 4 43, 7 1 0, S_0x5a0ef7033140;
 .timescale 0 0;
    .port_info 0 /INPUT 8 "Divisor";
    .port_info 1 /OUTPUT 9 "DivisorComp";
P_0x5a0ef70344d0 .param/l "N" 0 7 1, +C4<00000000000000000000000000001000>;
L_0x5a0ef700cff0 .functor NOT 9, L_0x5a0ef703a040, C4<000000000>, C4<000000000>, C4<000000000>;
v0x5a0ef70345a0_0 .net "Divisor", 7 0, v0x5a0ef7039a70_0;  alias, 1 drivers
v0x5a0ef7034690_0 .net "DivisorComp", 8 0, L_0x5a0ef704a190;  alias, 1 drivers
L_0x7c8768a9d018 .functor BUFT 1, C4<0>, C4<0>, C4<0>, C4<0>;
v0x5a0ef7034750_0 .net/2u *"_ivl_0", 0 0, L_0x7c8768a9d018;  1 drivers
v0x5a0ef7034840_0 .net *"_ivl_2", 8 0, L_0x5a0ef703a040;  1 drivers
v0x5a0ef7034920_0 .net *"_ivl_4", 8 0, L_0x5a0ef700cff0;  1 drivers
L_0x7c8768a9d060 .functor BUFT 1, C4<000000001>, C4<0>, C4<0>, C4<0>;
v0x5a0ef7034a50_0 .net/2u *"_ivl_6", 8 0, L_0x7c8768a9d060;  1 drivers
L_0x5a0ef703a040 .concat [ 8 1 0 0], v0x5a0ef7039a70_0, L_0x7c8768a9d018;
L_0x5a0ef704a190 .arith/sum 9, L_0x5a0ef700cff0, L_0x7c8768a9d060;
S_0x5a0ef7034b90 .scope module, "counter0" "Counter" 4 64, 8 1 0, S_0x5a0ef7033140;
 .timescale 0 0;
    .port_info 0 /INPUT 1 "clk";
    .port_info 1 /INPUT 1 "ld";
    .port_info 2 /INPUT 1 "Dec";
    .port_info 3 /OUTPUT 4 "count";
P_0x5a0ef7033370 .param/l "CW" 0 8 1, +C4<00000000000000000000000000000100>;
P_0x5a0ef70333b0 .param/l "N" 0 8 1, +C4<00000000000000000000000000001000>;
v0x5a0ef7034f00_0 .net "Dec", 0 0, v0x5a0ef7037e40_0;  alias, 1 drivers
v0x5a0ef7034fc0_0 .net "clk", 0 0, v0x5a0ef7039d90_0;  alias, 1 drivers
v0x5a0ef7035080_0 .var "cnt", 3 0;
v0x5a0ef7035170_0 .net "count", 3 0, v0x5a0ef7035080_0;  alias, 1 drivers
v0x5a0ef7035260_0 .net "ld", 0 0, v0x5a0ef70380b0_0;  alias, 1 drivers
S_0x5a0ef70353d0 .scope module, "regCociente0" "RegCociente" 4 33, 9 1 0, S_0x5a0ef7033140;
 .timescale 0 0;
    .port_info 0 /INPUT 1 "clk";
    .port_info 1 /INPUT 1 "LD";
    .port_info 2 /INPUT 1 "SETCOCIENTE";
    .port_info 3 /INPUT 1 "SHIFT";
    .port_info 4 /INPUT 8 "Dividendo";
    .port_info 5 /OUTPUT 8 "Cociente";
    .port_info 6 /OUTPUT 1 "MSB";
P_0x5a0ef7035600 .param/l "N" 0 9 1, +C4<00000000000000000000000000001000>;
L_0x5a0ef7013410 .functor BUFZ 8, v0x5a0ef7035c40_0, C4<00000000>, C4<00000000>, C4<00000000>;
v0x5a0ef70356a0_0 .net "Cociente", 7 0, L_0x5a0ef7013410;  alias, 1 drivers
v0x5a0ef70357a0_0 .net "Dividendo", 7 0, v0x5a0ef70399d0_0;  alias, 1 drivers
v0x5a0ef7035880_0 .net "LD", 0 0, v0x5a0ef70380b0_0;  alias, 1 drivers
v0x5a0ef7035950_0 .net "MSB", 0 0, L_0x5a0ef7039f80;  alias, 1 drivers
v0x5a0ef70359f0_0 .net "SETCOCIENTE", 0 0, v0x5a0ef70382d0_0;  alias, 1 drivers
v0x5a0ef7035ae0_0 .net "SHIFT", 0 0, v0x5a0ef70384b0_0;  alias, 1 drivers
v0x5a0ef7035ba0_0 .net "clk", 0 0, v0x5a0ef7039d90_0;  alias, 1 drivers
v0x5a0ef7035c40_0 .var "reg_cociente", 7 0;
L_0x5a0ef7039f80 .part v0x5a0ef7035c40_0, 7, 1;
S_0x5a0ef7035de0 .scope module, "regResiduo0" "RegResiduo" 4 48, 10 1 0, S_0x5a0ef7033140;
 .timescale 0 0;
    .port_info 0 /INPUT 1 "clk";
    .port_info 1 /INPUT 1 "LD";
    .port_info 2 /INPUT 1 "SETRESIDUO";
    .port_info 3 /INPUT 1 "SHIFT";
    .port_info 4 /INPUT 1 "ShiftIn";
    .port_info 5 /INPUT 9 "DivisorComp";
    .port_info 6 /OUTPUT 9 "Residuo";
P_0x5a0ef7035fc0 .param/l "N" 0 10 1, +C4<00000000000000000000000000001000>;
v0x5a0ef7036140_0 .net "DivisorComp", 8 0, L_0x5a0ef704a190;  alias, 1 drivers
v0x5a0ef7036250_0 .net "LD", 0 0, v0x5a0ef70380b0_0;  alias, 1 drivers
v0x5a0ef7036340_0 .net "Residuo", 8 0, v0x5a0ef7036760_0;  alias, 1 drivers
v0x5a0ef7036410_0 .net "SETRESIDUO", 0 0, v0x5a0ef70383c0_0;  alias, 1 drivers
v0x5a0ef70364b0_0 .net "SHIFT", 0 0, v0x5a0ef70384b0_0;  alias, 1 drivers
v0x5a0ef70365a0_0 .net "ShiftIn", 0 0, L_0x5a0ef7039f80;  alias, 1 drivers
v0x5a0ef7036670_0 .net "clk", 0 0, v0x5a0ef7039d90_0;  alias, 1 drivers
v0x5a0ef7036760_0 .var "reg_residuo", 8 0;
S_0x5a0ef7037630 .scope module, "control0" "Control" 3 43, 11 1 0, S_0x5a0ef7032d80;
 .timescale 0 0;
    .port_info 0 /INPUT 1 "clk";
    .port_info 1 /INPUT 1 "rst";
    .port_info 2 /INPUT 1 "INIT";
    .port_info 3 /INPUT 1 "ZERO";
    .port_info 4 /INPUT 1 "RESIDUOCOMP";
    .port_info 5 /OUTPUT 1 "SETCOCIENTE";
    .port_info 6 /OUTPUT 1 "SETRESIDUO";
    .port_info 7 /OUTPUT 1 "LD";
    .port_info 8 /OUTPUT 1 "SHIFT";
    .port_info 9 /OUTPUT 1 "DEC";
    .port_info 10 /OUTPUT 1 "DONE";
P_0x5a0ef7037830 .param/l "Check1" 0 11 27, C4<001>;
P_0x5a0ef7037870 .param/l "Check2" 0 11 29, C4<011>;
P_0x5a0ef70378b0 .param/l "Counterdec" 0 11 32, C4<110>;
P_0x5a0ef70378f0 .param/l "End" 0 11 33, C4<111>;
P_0x5a0ef7037930 .param/l "Setco" 0 11 30, C4<100>;
P_0x5a0ef7037970 .param/l "Setcodi" 0 11 31, C4<101>;
P_0x5a0ef70379b0 .param/l "Shift" 0 11 28, C4<010>;
P_0x5a0ef70379f0 .param/l "Start" 0 11 26, C4<000>;
v0x5a0ef7037e40_0 .var "DEC", 0 0;
v0x5a0ef7037f50_0 .var "DONE", 0 0;
v0x5a0ef7038010_0 .net "INIT", 0 0, v0x5a0ef7039ba0_0;  alias, 1 drivers
v0x5a0ef70380b0_0 .var "LD", 0 0;
v0x5a0ef70381e0_0 .net "RESIDUOCOMP", 0 0, L_0x5a0ef704a500;  alias, 1 drivers
v0x5a0ef70382d0_0 .var "SETCOCIENTE", 0 0;
v0x5a0ef70383c0_0 .var "SETRESIDUO", 0 0;
v0x5a0ef70384b0_0 .var "SHIFT", 0 0;
v0x5a0ef7038550_0 .var "STATE", 2 0;
v0x5a0ef70386c0_0 .net "ZERO", 0 0, L_0x5a0ef704a6d0;  alias, 1 drivers
v0x5a0ef7038760_0 .net "clk", 0 0, v0x5a0ef7039d90_0;  alias, 1 drivers
v0x5a0ef7038890_0 .var "estado_nombre", 160 1;
v0x5a0ef7038970_0 .net "rst", 0 0, v0x5a0ef7039e30_0;  alias, 1 drivers
E_0x5a0ef6ffbea0 .event anyedge, v0x5a0ef7038550_0;
E_0x5a0ef7037de0 .event posedge, v0x5a0ef7038970_0, v0x5a0ef7034fc0_0;
    .scope S_0x5a0ef70353d0;
T_1 ;
    %wait E_0x5a0ef6ffa310;
    %load/vec4 v0x5a0ef7035880_0;
    %flag_set/vec4 8;
    %jmp/0xz  T_1.0, 8;
    %load/vec4 v0x5a0ef70357a0_0;
    %assign/vec4 v0x5a0ef7035c40_0, 0;
    %jmp T_1.1;
T_1.0 ;
    %load/vec4 v0x5a0ef70359f0_0;
    %flag_set/vec4 8;
    %jmp/0xz  T_1.2, 8;
    %load/vec4 v0x5a0ef7035c40_0;
    %parti/s 7, 1, 2;
    %concati/vec4 1, 0, 1;
    %assign/vec4 v0x5a0ef7035c40_0, 0;
    %jmp T_1.3;
T_1.2 ;
    %load/vec4 v0x5a0ef7035ae0_0;
    %flag_set/vec4 8;
    %jmp/0xz  T_1.4, 8;
    %load/vec4 v0x5a0ef7035c40_0;
    %parti/s 7, 0, 2;
    %concati/vec4 0, 0, 1;
    %assign/vec4 v0x5a0ef7035c40_0, 0;
T_1.4 ;
T_1.3 ;
T_1.1 ;
    %jmp T_1;
    .thread T_1;
    .scope S_0x5a0ef7035de0;
T_2 ;
    %wait E_0x5a0ef6ffa310;
    %load/vec4 v0x5a0ef7036250_0;
    %flag_set/vec4 8;
    %jmp/0xz  T_2.0, 8;
    %pushi/vec4 0, 0, 9;
    %assign/vec4 v0x5a0ef7036760_0, 0;
    %jmp T_2.1;
T_2.0 ;
    %load/vec4 v0x5a0ef7036410_0;
    %flag_set/vec4 8;
    %jmp/0xz  T_2.2, 8;
    %load/vec4 v0x5a0ef7036760_0;
    %load/vec4 v0x5a0ef7036140_0;
    %add;
    %assign/vec4 v0x5a0ef7036760_0, 0;
    %jmp T_2.3;
T_2.2 ;
    %load/vec4 v0x5a0ef70364b0_0;
    %flag_set/vec4 8;
    %jmp/0xz  T_2.4, 8;
    %load/vec4 v0x5a0ef7036760_0;
    %parti/s 8, 0, 2;
    %load/vec4 v0x5a0ef70365a0_0;
    %concat/vec4; draw_concat_vec4
    %assign/vec4 v0x5a0ef7036760_0, 0;
T_2.4 ;
T_2.3 ;
T_2.1 ;
    %jmp T_2;
    .thread T_2;
    .scope S_0x5a0ef7034b90;
T_3 ;
    %wait E_0x5a0ef6ffa310;
    %load/vec4 v0x5a0ef7035260_0;
    %flag_set/vec4 8;
    %jmp/0xz  T_3.0, 8;
    %pushi/vec4 8, 0, 4;
    %assign/vec4 v0x5a0ef7035080_0, 0;
    %jmp T_3.1;
T_3.0 ;
    %load/vec4 v0x5a0ef7034f00_0;
    %flag_set/vec4 8;
    %jmp/0xz  T_3.2, 8;
    %load/vec4 v0x5a0ef7035080_0;
    %subi 1, 0, 4;
    %assign/vec4 v0x5a0ef7035080_0, 0;
T_3.2 ;
T_3.1 ;
    %jmp T_3;
    .thread T_3;
    .scope S_0x5a0ef7037630;
T_4 ;
    %wait E_0x5a0ef7037de0;
    %load/vec4 v0x5a0ef7038970_0;
    %flag_set/vec4 8;
    %jmp/0xz  T_4.0, 8;
    %pushi/vec4 0, 0, 3;
    %assign/vec4 v0x5a0ef7038550_0, 0;
    %jmp T_4.1;
T_4.0 ;
    %load/vec4 v0x5a0ef7038550_0;
    %dup/vec4;
    %pushi/vec4 0, 0, 3;
    %cmp/u;
    %jmp/1 T_4.2, 6;
    %dup/vec4;
    %pushi/vec4 1, 0, 3;
    %cmp/u;
    %jmp/1 T_4.3, 6;
    %dup/vec4;
    %pushi/vec4 2, 0, 3;
    %cmp/u;
    %jmp/1 T_4.4, 6;
    %dup/vec4;
    %pushi/vec4 3, 0, 3;
    %cmp/u;
    %jmp/1 T_4.5, 6;
    %dup/vec4;
    %pushi/vec4 4, 0, 3;
    %cmp/u;
    %jmp/1 T_4.6, 6;
    %dup/vec4;
    %pushi/vec4 5, 0, 3;
    %cmp/u;
    %jmp/1 T_4.7, 6;
    %dup/vec4;
    %pushi/vec4 6, 0, 3;
    %cmp/u;
    %jmp/1 T_4.8, 6;
    %dup/vec4;
    %pushi/vec4 7, 0, 3;
    %cmp/u;
    %jmp/1 T_4.9, 6;
    %pushi/vec4 0, 0, 3;
    %assign/vec4 v0x5a0ef7038550_0, 0;
    %jmp T_4.11;
T_4.2 ;
    %load/vec4 v0x5a0ef7038010_0;
    %flag_set/vec4 8;
    %jmp/0xz  T_4.12, 8;
    %pushi/vec4 1, 0, 3;
    %assign/vec4 v0x5a0ef7038550_0, 0;
    %jmp T_4.13;
T_4.12 ;
    %pushi/vec4 0, 0, 3;
    %assign/vec4 v0x5a0ef7038550_0, 0;
T_4.13 ;
    %jmp T_4.11;
T_4.3 ;
    %load/vec4 v0x5a0ef70386c0_0;
    %flag_set/vec4 8;
    %jmp/0xz  T_4.14, 8;
    %pushi/vec4 7, 0, 3;
    %assign/vec4 v0x5a0ef7038550_0, 0;
    %jmp T_4.15;
T_4.14 ;
    %pushi/vec4 2, 0, 3;
    %assign/vec4 v0x5a0ef7038550_0, 0;
T_4.15 ;
    %jmp T_4.11;
T_4.4 ;
    %pushi/vec4 3, 0, 3;
    %assign/vec4 v0x5a0ef7038550_0, 0;
    %jmp T_4.11;
T_4.5 ;
    %load/vec4 v0x5a0ef70381e0_0;
    %flag_set/vec4 8;
    %jmp/0xz  T_4.16, 8;
    %pushi/vec4 5, 0, 3;
    %assign/vec4 v0x5a0ef7038550_0, 0;
    %jmp T_4.17;
T_4.16 ;
    %pushi/vec4 4, 0, 3;
    %assign/vec4 v0x5a0ef7038550_0, 0;
T_4.17 ;
    %jmp T_4.11;
T_4.6 ;
    %pushi/vec4 6, 0, 3;
    %assign/vec4 v0x5a0ef7038550_0, 0;
    %jmp T_4.11;
T_4.7 ;
    %pushi/vec4 6, 0, 3;
    %assign/vec4 v0x5a0ef7038550_0, 0;
    %jmp T_4.11;
T_4.8 ;
    %pushi/vec4 1, 0, 3;
    %assign/vec4 v0x5a0ef7038550_0, 0;
    %jmp T_4.11;
T_4.9 ;
    %pushi/vec4 0, 0, 3;
    %assign/vec4 v0x5a0ef7038550_0, 0;
    %jmp T_4.11;
T_4.11 ;
    %pop/vec4 1;
T_4.1 ;
    %jmp T_4;
    .thread T_4;
    .scope S_0x5a0ef7037630;
T_5 ;
    %wait E_0x5a0ef6ffbea0;
    %load/vec4 v0x5a0ef7038550_0;
    %dup/vec4;
    %pushi/vec4 0, 0, 3;
    %cmp/u;
    %jmp/1 T_5.0, 6;
    %dup/vec4;
    %pushi/vec4 1, 0, 3;
    %cmp/u;
    %jmp/1 T_5.1, 6;
    %dup/vec4;
    %pushi/vec4 2, 0, 3;
    %cmp/u;
    %jmp/1 T_5.2, 6;
    %dup/vec4;
    %pushi/vec4 3, 0, 3;
    %cmp/u;
    %jmp/1 T_5.3, 6;
    %dup/vec4;
    %pushi/vec4 4, 0, 3;
    %cmp/u;
    %jmp/1 T_5.4, 6;
    %dup/vec4;
    %pushi/vec4 5, 0, 3;
    %cmp/u;
    %jmp/1 T_5.5, 6;
    %dup/vec4;
    %pushi/vec4 6, 0, 3;
    %cmp/u;
    %jmp/1 T_5.6, 6;
    %dup/vec4;
    %pushi/vec4 7, 0, 3;
    %cmp/u;
    %jmp/1 T_5.7, 6;
    %pushi/vec4 0, 0, 1;
    %store/vec4 v0x5a0ef70382d0_0, 0, 1;
    %pushi/vec4 0, 0, 1;
    %store/vec4 v0x5a0ef70383c0_0, 0, 1;
    %pushi/vec4 0, 0, 1;
    %store/vec4 v0x5a0ef70380b0_0, 0, 1;
    %pushi/vec4 0, 0, 1;
    %store/vec4 v0x5a0ef70384b0_0, 0, 1;
    %pushi/vec4 0, 0, 1;
    %store/vec4 v0x5a0ef7037e40_0, 0, 1;
    %pushi/vec4 0, 0, 1;
    %store/vec4 v0x5a0ef7037f50_0, 0, 1;
    %jmp T_5.9;
T_5.0 ;
    %pushi/vec4 0, 0, 1;
    %store/vec4 v0x5a0ef70382d0_0, 0, 1;
    %pushi/vec4 0, 0, 1;
    %store/vec4 v0x5a0ef70383c0_0, 0, 1;
    %pushi/vec4 1, 0, 1;
    %store/vec4 v0x5a0ef70380b0_0, 0, 1;
    %pushi/vec4 0, 0, 1;
    %store/vec4 v0x5a0ef70384b0_0, 0, 1;
    %pushi/vec4 0, 0, 1;
    %store/vec4 v0x5a0ef7037e40_0, 0, 1;
    %pushi/vec4 0, 0, 1;
    %store/vec4 v0x5a0ef7037f50_0, 0, 1;
    %jmp T_5.9;
T_5.1 ;
    %pushi/vec4 0, 0, 1;
    %store/vec4 v0x5a0ef70382d0_0, 0, 1;
    %pushi/vec4 0, 0, 1;
    %store/vec4 v0x5a0ef70383c0_0, 0, 1;
    %pushi/vec4 0, 0, 1;
    %store/vec4 v0x5a0ef70380b0_0, 0, 1;
    %pushi/vec4 0, 0, 1;
    %store/vec4 v0x5a0ef70384b0_0, 0, 1;
    %pushi/vec4 0, 0, 1;
    %store/vec4 v0x5a0ef7037e40_0, 0, 1;
    %pushi/vec4 0, 0, 1;
    %store/vec4 v0x5a0ef7037f50_0, 0, 1;
    %jmp T_5.9;
T_5.2 ;
    %pushi/vec4 0, 0, 1;
    %store/vec4 v0x5a0ef70382d0_0, 0, 1;
    %pushi/vec4 0, 0, 1;
    %store/vec4 v0x5a0ef70383c0_0, 0, 1;
    %pushi/vec4 0, 0, 1;
    %store/vec4 v0x5a0ef70380b0_0, 0, 1;
    %pushi/vec4 1, 0, 1;
    %store/vec4 v0x5a0ef70384b0_0, 0, 1;
    %pushi/vec4 0, 0, 1;
    %store/vec4 v0x5a0ef7037e40_0, 0, 1;
    %pushi/vec4 0, 0, 1;
    %store/vec4 v0x5a0ef7037f50_0, 0, 1;
    %jmp T_5.9;
T_5.3 ;
    %pushi/vec4 0, 0, 1;
    %store/vec4 v0x5a0ef70382d0_0, 0, 1;
    %pushi/vec4 0, 0, 1;
    %store/vec4 v0x5a0ef70383c0_0, 0, 1;
    %pushi/vec4 0, 0, 1;
    %store/vec4 v0x5a0ef70380b0_0, 0, 1;
    %pushi/vec4 0, 0, 1;
    %store/vec4 v0x5a0ef70384b0_0, 0, 1;
    %pushi/vec4 0, 0, 1;
    %store/vec4 v0x5a0ef7037e40_0, 0, 1;
    %pushi/vec4 0, 0, 1;
    %store/vec4 v0x5a0ef7037f50_0, 0, 1;
    %jmp T_5.9;
T_5.4 ;
    %pushi/vec4 0, 0, 1;
    %store/vec4 v0x5a0ef70382d0_0, 0, 1;
    %pushi/vec4 0, 0, 1;
    %store/vec4 v0x5a0ef70383c0_0, 0, 1;
    %pushi/vec4 0, 0, 1;
    %store/vec4 v0x5a0ef70380b0_0, 0, 1;
    %pushi/vec4 0, 0, 1;
    %store/vec4 v0x5a0ef70384b0_0, 0, 1;
    %pushi/vec4 0, 0, 1;
    %store/vec4 v0x5a0ef7037e40_0, 0, 1;
    %pushi/vec4 0, 0, 1;
    %store/vec4 v0x5a0ef7037f50_0, 0, 1;
    %jmp T_5.9;
T_5.5 ;
    %pushi/vec4 1, 0, 1;
    %store/vec4 v0x5a0ef70382d0_0, 0, 1;
    %pushi/vec4 1, 0, 1;
    %store/vec4 v0x5a0ef70383c0_0, 0, 1;
    %pushi/vec4 0, 0, 1;
    %store/vec4 v0x5a0ef70380b0_0, 0, 1;
    %pushi/vec4 0, 0, 1;
    %store/vec4 v0x5a0ef70384b0_0, 0, 1;
    %pushi/vec4 0, 0, 1;
    %store/vec4 v0x5a0ef7037e40_0, 0, 1;
    %pushi/vec4 0, 0, 1;
    %store/vec4 v0x5a0ef7037f50_0, 0, 1;
    %jmp T_5.9;
T_5.6 ;
    %pushi/vec4 0, 0, 1;
    %store/vec4 v0x5a0ef70382d0_0, 0, 1;
    %pushi/vec4 0, 0, 1;
    %store/vec4 v0x5a0ef70383c0_0, 0, 1;
    %pushi/vec4 0, 0, 1;
    %store/vec4 v0x5a0ef70380b0_0, 0, 1;
    %pushi/vec4 0, 0, 1;
    %store/vec4 v0x5a0ef70384b0_0, 0, 1;
    %pushi/vec4 1, 0, 1;
    %store/vec4 v0x5a0ef7037e40_0, 0, 1;
    %pushi/vec4 0, 0, 1;
    %store/vec4 v0x5a0ef7037f50_0, 0, 1;
    %jmp T_5.9;
T_5.7 ;
    %pushi/vec4 0, 0, 1;
    %store/vec4 v0x5a0ef70382d0_0, 0, 1;
    %pushi/vec4 0, 0, 1;
    %store/vec4 v0x5a0ef70383c0_0, 0, 1;
    %pushi/vec4 0, 0, 1;
    %store/vec4 v0x5a0ef70380b0_0, 0, 1;
    %pushi/vec4 0, 0, 1;
    %store/vec4 v0x5a0ef70384b0_0, 0, 1;
    %pushi/vec4 0, 0, 1;
    %store/vec4 v0x5a0ef7037e40_0, 0, 1;
    %pushi/vec4 1, 0, 1;
    %store/vec4 v0x5a0ef7037f50_0, 0, 1;
    %jmp T_5.9;
T_5.9 ;
    %pop/vec4 1;
    %jmp T_5;
    .thread T_5, $push;
    .scope S_0x5a0ef7037630;
T_6 ;
    %wait E_0x5a0ef6ffbea0;
    %load/vec4 v0x5a0ef7038550_0;
    %dup/vec4;
    %pushi/vec4 0, 0, 3;
    %cmp/u;
    %jmp/1 T_6.0, 6;
    %dup/vec4;
    %pushi/vec4 1, 0, 3;
    %cmp/u;
    %jmp/1 T_6.1, 6;
    %dup/vec4;
    %pushi/vec4 2, 0, 3;
    %cmp/u;
    %jmp/1 T_6.2, 6;
    %dup/vec4;
    %pushi/vec4 3, 0, 3;
    %cmp/u;
    %jmp/1 T_6.3, 6;
    %dup/vec4;
    %pushi/vec4 4, 0, 3;
    %cmp/u;
    %jmp/1 T_6.4, 6;
    %dup/vec4;
    %pushi/vec4 5, 0, 3;
    %cmp/u;
    %jmp/1 T_6.5, 6;
    %dup/vec4;
    %pushi/vec4 6, 0, 3;
    %cmp/u;
    %jmp/1 T_6.6, 6;
    %dup/vec4;
    %pushi/vec4 7, 0, 3;
    %cmp/u;
    %jmp/1 T_6.7, 6;
    %pushi/vec4 0, 0, 32; draw_string_vec4
    %pushi/vec4 0, 0, 32; draw_string_vec4
    %concat/vec4; draw_string_vec4
    %pushi/vec4 0, 0, 32; draw_string_vec4
    %concat/vec4; draw_string_vec4
    %pushi/vec4 7695979, 0, 32; draw_string_vec4
    %concat/vec4; draw_string_vec4
    %pushi/vec4 1852798830, 0, 32; draw_string_vec4
    %concat/vec4; draw_string_vec4
    %store/vec4 v0x5a0ef7038890_0, 0, 160;
    %jmp T_6.9;
T_6.0 ;
    %pushi/vec4 0, 0, 32; draw_string_vec4
    %pushi/vec4 0, 0, 32; draw_string_vec4
    %concat/vec4; draw_string_vec4
    %pushi/vec4 0, 0, 32; draw_string_vec4
    %concat/vec4; draw_string_vec4
    %pushi/vec4 83, 0, 32; draw_string_vec4
    %concat/vec4; draw_string_vec4
    %pushi/vec4 1413567060, 0, 32; draw_string_vec4
    %concat/vec4; draw_string_vec4
    %store/vec4 v0x5a0ef7038890_0, 0, 160;
    %jmp T_6.9;
T_6.1 ;
    %pushi/vec4 0, 0, 32; draw_string_vec4
    %pushi/vec4 0, 0, 32; draw_string_vec4
    %concat/vec4; draw_string_vec4
    %pushi/vec4 0, 0, 32; draw_string_vec4
    %concat/vec4; draw_string_vec4
    %pushi/vec4 17224, 0, 32; draw_string_vec4
    %concat/vec4; draw_string_vec4
    %pushi/vec4 1162038065, 0, 32; draw_string_vec4
    %concat/vec4; draw_string_vec4
    %store/vec4 v0x5a0ef7038890_0, 0, 160;
    %jmp T_6.9;
T_6.2 ;
    %pushi/vec4 0, 0, 32; draw_string_vec4
    %pushi/vec4 0, 0, 32; draw_string_vec4
    %concat/vec4; draw_string_vec4
    %pushi/vec4 0, 0, 32; draw_string_vec4
    %concat/vec4; draw_string_vec4
    %pushi/vec4 83, 0, 32; draw_string_vec4
    %concat/vec4; draw_string_vec4
    %pushi/vec4 1212761684, 0, 32; draw_string_vec4
    %concat/vec4; draw_string_vec4
    %store/vec4 v0x5a0ef7038890_0, 0, 160;
    %jmp T_6.9;
T_6.3 ;
    %pushi/vec4 0, 0, 32; draw_string_vec4
    %pushi/vec4 0, 0, 32; draw_string_vec4
    %concat/vec4; draw_string_vec4
    %pushi/vec4 0, 0, 32; draw_string_vec4
    %concat/vec4; draw_string_vec4
    %pushi/vec4 17224, 0, 32; draw_string_vec4
    %concat/vec4; draw_string_vec4
    %pushi/vec4 1162038066, 0, 32; draw_string_vec4
    %concat/vec4; draw_string_vec4
    %store/vec4 v0x5a0ef7038890_0, 0, 160;
    %jmp T_6.9;
T_6.4 ;
    %pushi/vec4 0, 0, 32; draw_string_vec4
    %pushi/vec4 0, 0, 32; draw_string_vec4
    %concat/vec4; draw_string_vec4
    %pushi/vec4 0, 0, 32; draw_string_vec4
    %concat/vec4; draw_string_vec4
    %pushi/vec4 83, 0, 32; draw_string_vec4
    %concat/vec4; draw_string_vec4
    %pushi/vec4 1163150159, 0, 32; draw_string_vec4
    %concat/vec4; draw_string_vec4
    %store/vec4 v0x5a0ef7038890_0, 0, 160;
    %jmp T_6.9;
T_6.5 ;
    %pushi/vec4 0, 0, 32; draw_string_vec4
    %pushi/vec4 0, 0, 32; draw_string_vec4
    %concat/vec4; draw_string_vec4
    %pushi/vec4 0, 0, 32; draw_string_vec4
    %concat/vec4; draw_string_vec4
    %pushi/vec4 5457236, 0, 32; draw_string_vec4
    %concat/vec4; draw_string_vec4
    %pushi/vec4 1129268297, 0, 32; draw_string_vec4
    %concat/vec4; draw_string_vec4
    %store/vec4 v0x5a0ef7038890_0, 0, 160;
    %jmp T_6.9;
T_6.6 ;
    %pushi/vec4 0, 0, 32; draw_string_vec4
    %pushi/vec4 0, 0, 32; draw_string_vec4
    %concat/vec4; draw_string_vec4
    %pushi/vec4 17231, 0, 32; draw_string_vec4
    %concat/vec4; draw_string_vec4
    %pushi/vec4 1431196741, 0, 32; draw_string_vec4
    %concat/vec4; draw_string_vec4
    %pushi/vec4 1380205891, 0, 32; draw_string_vec4
    %concat/vec4; draw_string_vec4
    %store/vec4 v0x5a0ef7038890_0, 0, 160;
    %jmp T_6.9;
T_6.7 ;
    %pushi/vec4 0, 0, 32; draw_string_vec4
    %pushi/vec4 0, 0, 32; draw_string_vec4
    %concat/vec4; draw_string_vec4
    %pushi/vec4 0, 0, 32; draw_string_vec4
    %concat/vec4; draw_string_vec4
    %pushi/vec4 0, 0, 32; draw_string_vec4
    %concat/vec4; draw_string_vec4
    %pushi/vec4 4542020, 0, 32; draw_string_vec4
    %concat/vec4; draw_string_vec4
    %store/vec4 v0x5a0ef7038890_0, 0, 160;
    %jmp T_6.9;
T_6.9 ;
    %pop/vec4 1;
    %jmp T_6;
    .thread T_6, $push;
    .scope S_0x5a0ef70023a0;
T_7 ;
    %pushi/vec4 0, 0, 1;
    %store/vec4 v0x5a0ef7039d90_0, 0, 1;
T_7.0 ;
    %delay 20, 0;
    %load/vec4 v0x5a0ef7039d90_0;
    %inv;
    %store/vec4 v0x5a0ef7039d90_0, 0, 1;
    %jmp T_7.0;
    %end;
    .thread T_7;
    .scope S_0x5a0ef70023a0;
T_8 ;
    %vpi_call 2 34 "$dumpfile", "Division_TB.vcd" {0 0 0};
    %vpi_call 2 35 "$dumpvars", 32'sb00000000000000000000000000000000, S_0x5a0ef70023a0 {0 0 0};
    %pushi/vec4 1, 0, 1;
    %store/vec4 v0x5a0ef7039e30_0, 0, 1;
    %pushi/vec4 0, 0, 1;
    %store/vec4 v0x5a0ef7039ba0_0, 0, 1;
    %pushi/vec4 0, 0, 8;
    %store/vec4 v0x5a0ef7039a70_0, 0, 8;
    %pushi/vec4 0, 0, 8;
    %store/vec4 v0x5a0ef70399d0_0, 0, 8;
    %wait E_0x5a0ef6ffa310;
    %pushi/vec4 0, 0, 1;
    %store/vec4 v0x5a0ef7039e30_0, 0, 1;
    %delay 40, 0;
    %pushi/vec4 20, 0, 8;
    %store/vec4 v0x5a0ef70175a0_0, 0, 8;
    %pushi/vec4 5, 0, 8;
    %store/vec4 v0x5a0ef7013610_0, 0, 8;
    %fork TD_Division_TB.correr, S_0x5a0ef7002530;
    %join;
    %pushi/vec4 7, 0, 8;
    %store/vec4 v0x5a0ef70175a0_0, 0, 8;
    %pushi/vec4 2, 0, 8;
    %store/vec4 v0x5a0ef7013610_0, 0, 8;
    %fork TD_Division_TB.correr, S_0x5a0ef7002530;
    %join;
    %pushi/vec4 255, 0, 8;
    %store/vec4 v0x5a0ef70175a0_0, 0, 8;
    %pushi/vec4 3, 0, 8;
    %store/vec4 v0x5a0ef7013610_0, 0, 8;
    %fork TD_Division_TB.correr, S_0x5a0ef7002530;
    %join;
    %pushi/vec4 100, 0, 8;
    %store/vec4 v0x5a0ef70175a0_0, 0, 8;
    %pushi/vec4 7, 0, 8;
    %store/vec4 v0x5a0ef7013610_0, 0, 8;
    %fork TD_Division_TB.correr, S_0x5a0ef7002530;
    %join;
    %pushi/vec4 0, 0, 8;
    %store/vec4 v0x5a0ef70175a0_0, 0, 8;
    %pushi/vec4 9, 0, 8;
    %store/vec4 v0x5a0ef7013610_0, 0, 8;
    %fork TD_Division_TB.correr, S_0x5a0ef7002530;
    %join;
    %pushi/vec4 9, 0, 8;
    %store/vec4 v0x5a0ef70175a0_0, 0, 8;
    %pushi/vec4 200, 0, 8;
    %store/vec4 v0x5a0ef7013610_0, 0, 8;
    %fork TD_Division_TB.correr, S_0x5a0ef7002530;
    %join;
    %vpi_call 2 47 "$finish" {0 0 0};
    %end;
    .thread T_8;
# The file index is used to find the file name in the following table.
:file_names 12;
    "N/A";
    "<interactive>";
    "Division_TB.v";
    "Division.v";
    "CaminoDeDatos.v";
    "Comp1.v";
    "Comp2.v";
    "Complement.v";
    "Counter.v";
    "RegCociente.v";
    "RegResiduo.v";
    "Control.v";
