#! /usr/bin/vvp
:ivl_version "12.0 (stable)";
:ivl_delay_selection "TYPICAL";
:vpi_time_precision + 0;
:vpi_module "/usr/lib/x86_64-linux-gnu/ivl/system.vpi";
:vpi_module "/usr/lib/x86_64-linux-gnu/ivl/vhdl_sys.vpi";
:vpi_module "/usr/lib/x86_64-linux-gnu/ivl/vhdl_textio.vpi";
:vpi_module "/usr/lib/x86_64-linux-gnu/ivl/v2005_math.vpi";
:vpi_module "/usr/lib/x86_64-linux-gnu/ivl/va_math.vpi";
S_0x5ac332026440 .scope module, "ConversorBCD_TB" "ConversorBCD_TB" 2 1;
 .timescale 0 0;
v0x5ac3320531a0_0 .net "BCD", 19 0, L_0x5ac3320536f0;  1 drivers
v0x5ac332053280_0 .var "Binario", 15 0;
v0x5ac332053340_0 .net "DONE", 0 0, v0x5ac33204f6b0_0;  1 drivers
v0x5ac3320533e0_0 .var "INIT", 0 0;
v0x5ac332053480_0 .var "clk", 0 0;
v0x5ac332053520_0 .var "rst", 0 0;
S_0x5ac3320265d0 .scope task, "prueba" "prueba" 2 25, 2 25 0, S_0x5ac332026440;
 .timescale 0 0;
v0x5ac33200f9b0_0 .var "numero", 15 0;
E_0x5ac33201a050 .event anyedge, v0x5ac33204f6b0_0;
E_0x5ac33201a2a0 .event posedge, v0x5ac33204fb80_0;
TD_ConversorBCD_TB.prueba ;
    %pushi/vec4 1, 0, 1;
    %store/vec4 v0x5ac332053520_0, 0, 1;
    %pushi/vec4 0, 0, 1;
    %store/vec4 v0x5ac3320533e0_0, 0, 1;
    %load/vec4 v0x5ac33200f9b0_0;
    %store/vec4 v0x5ac332053280_0, 0, 16;
    %wait E_0x5ac33201a2a0;
    %pushi/vec4 0, 0, 1;
    %store/vec4 v0x5ac332053520_0, 0, 1;
    %pushi/vec4 1, 0, 1;
    %store/vec4 v0x5ac3320533e0_0, 0, 1;
    %wait E_0x5ac33201a2a0;
    %pushi/vec4 0, 0, 1;
    %store/vec4 v0x5ac3320533e0_0, 0, 1;
T_0.0 ;
    %load/vec4 v0x5ac332053340_0;
    %cmpi/ne 1, 0, 1;
    %jmp/0xz T_0.1, 6;
    %wait E_0x5ac33201a050;
    %jmp T_0.0;
T_0.1 ;
    %delay 40, 0;
    %end;
S_0x5ac33204ed70 .scope module, "uut" "ConversorBCD" 2 11, 3 1 0, S_0x5ac332026440;
 .timescale 0 0;
    .port_info 0 /INPUT 1 "clk";
    .port_info 1 /INPUT 1 "rst";
    .port_info 2 /INPUT 1 "INIT";
    .port_info 3 /INPUT 16 "Binario";
    .port_info 4 /OUTPUT 20 "BCD";
    .port_info 5 /OUTPUT 1 "DONE";
v0x5ac3320527b0_0 .net "ADD", 0 0, v0x5ac332009060_0;  1 drivers
v0x5ac332052870_0 .net "BCD", 19 0, L_0x5ac3320536f0;  alias, 1 drivers
v0x5ac332052930_0 .net "Binario", 15 0, v0x5ac332053280_0;  1 drivers
v0x5ac3320529d0_0 .net "DEC", 0 0, v0x5ac332006fd0_0;  1 drivers
v0x5ac332052a70_0 .net "DONE", 0 0, v0x5ac33204f6b0_0;  alias, 1 drivers
v0x5ac332052b60_0 .net "INIT", 0 0, v0x5ac3320533e0_0;  1 drivers
v0x5ac332052c00_0 .net "LD", 0 0, v0x5ac33204f940_0;  1 drivers
v0x5ac332052d30_0 .net "SHIFT", 0 0, v0x5ac33204fa00_0;  1 drivers
v0x5ac332052dd0_0 .net "ZERO", 0 0, L_0x5ac3320535c0;  1 drivers
v0x5ac332052f00_0 .net "clk", 0 0, v0x5ac332053480_0;  1 drivers
v0x5ac332053030_0 .net "rst", 0 0, v0x5ac332053520_0;  1 drivers
S_0x5ac33204ef20 .scope module, "CONTROL" "Control" 3 17, 4 1 0, S_0x5ac33204ed70;
 .timescale 0 0;
    .port_info 0 /INPUT 1 "clk";
    .port_info 1 /INPUT 1 "rst";
    .port_info 2 /INPUT 1 "INIT";
    .port_info 3 /INPUT 1 "ZERO";
    .port_info 4 /OUTPUT 1 "ADD";
    .port_info 5 /OUTPUT 1 "LD";
    .port_info 6 /OUTPUT 1 "SHIFT";
    .port_info 7 /OUTPUT 1 "DEC";
    .port_info 8 /OUTPUT 1 "DONE";
P_0x5ac33204f0b0 .param/l "ADDSTATE" 0 4 19, C4<011>;
P_0x5ac33204f0f0 .param/l "CHECK1" 0 4 17, C4<001>;
P_0x5ac33204f130 .param/l "CHECK2" 0 4 18, C4<010>;
P_0x5ac33204f170 .param/l "FINAL" 0 4 21, C4<101>;
P_0x5ac33204f1b0 .param/l "SHIFTDEC" 0 4 20, C4<100>;
P_0x5ac33204f1f0 .param/l "START" 0 4 16, C4<000>;
v0x5ac332009060_0 .var "ADD", 0 0;
v0x5ac332006fd0_0 .var "DEC", 0 0;
v0x5ac33204f6b0_0 .var "DONE", 0 0;
v0x5ac33204f750_0 .var "Estado", 2 0;
v0x5ac33204f830_0 .net "INIT", 0 0, v0x5ac3320533e0_0;  alias, 1 drivers
v0x5ac33204f940_0 .var "LD", 0 0;
v0x5ac33204fa00_0 .var "SHIFT", 0 0;
v0x5ac33204fac0_0 .net "ZERO", 0 0, L_0x5ac3320535c0;  alias, 1 drivers
v0x5ac33204fb80_0 .net "clk", 0 0, v0x5ac332053480_0;  alias, 1 drivers
v0x5ac33204fc40_0 .net "rst", 0 0, v0x5ac332053520_0;  alias, 1 drivers
E_0x5ac3320199b0 .event anyedge, v0x5ac33204f750_0;
S_0x5ac33204fe20 .scope module, "DATOS" "CaminoDeDatos" 3 29, 5 1 0, S_0x5ac33204ed70;
 .timescale 0 0;
    .port_info 0 /INPUT 1 "clk";
    .port_info 1 /INPUT 1 "rst";
    .port_info 2 /INPUT 1 "ADD";
    .port_info 3 /INPUT 1 "LD";
    .port_info 4 /INPUT 1 "SHIFT";
    .port_info 5 /INPUT 1 "DEC";
    .port_info 6 /INPUT 16 "Binario";
    .port_info 7 /OUTPUT 20 "BCD";
    .port_info 8 /OUTPUT 1 "ZERO";
v0x5ac332051b60_0 .net "ADD", 0 0, v0x5ac332009060_0;  alias, 1 drivers
v0x5ac332051c70_0 .net "BCD", 19 0, L_0x5ac3320536f0;  alias, 1 drivers
v0x5ac332051d50_0 .net "BCDCorregido", 19 0, v0x5ac332050800_0;  1 drivers
v0x5ac332051e40_0 .net "Bin", 35 0, v0x5ac332050e80_0;  1 drivers
v0x5ac332051f50_0 .net "Binario", 15 0, v0x5ac332053280_0;  alias, 1 drivers
v0x5ac332052060_0 .net "C", 4 0, v0x5ac3320515f0_0;  1 drivers
v0x5ac332052150_0 .net "DEC", 0 0, v0x5ac332006fd0_0;  alias, 1 drivers
v0x5ac332052240_0 .net "LD", 0 0, v0x5ac33204f940_0;  alias, 1 drivers
v0x5ac3320522e0_0 .net "SHIFT", 0 0, v0x5ac33204fa00_0;  alias, 1 drivers
v0x5ac332052410_0 .net "ZERO", 0 0, L_0x5ac3320535c0;  alias, 1 drivers
v0x5ac332052500_0 .net "clk", 0 0, v0x5ac332053480_0;  alias, 1 drivers
v0x5ac3320525a0_0 .net "rst", 0 0, v0x5ac332053520_0;  alias, 1 drivers
L_0x5ac3320536f0 .part v0x5ac332050e80_0, 16, 20;
S_0x5ac332050100 .scope module, "COMPARADOR" "Comp" 5 42, 6 1 0, S_0x5ac33204fe20;
 .timescale 0 0;
    .port_info 0 /INPUT 5 "C";
    .port_info 1 /OUTPUT 1 "ZERO";
v0x5ac332050300_0 .net "C", 4 0, v0x5ac3320515f0_0;  alias, 1 drivers
v0x5ac332050400_0 .net "ZERO", 0 0, L_0x5ac3320535c0;  alias, 1 drivers
L_0x7f50df954018 .functor BUFT 1, C4<00000>, C4<0>, C4<0>, C4<0>;
v0x5ac3320504c0_0 .net/2u *"_ivl_0", 4 0, L_0x7f50df954018;  1 drivers
L_0x5ac3320535c0 .cmp/eq 5, v0x5ac3320515f0_0, L_0x7f50df954018;
S_0x5ac3320505a0 .scope module, "CORRECCION" "CorreccionBCD" 5 29, 7 1 0, S_0x5ac33204fe20;
 .timescale 0 0;
    .port_info 0 /INPUT 36 "Bin";
    .port_info 1 /OUTPUT 20 "BCDCorregido";
v0x5ac332050800_0 .var "BCDCorregido", 19 0;
v0x5ac332050900_0 .net "Bin", 35 0, v0x5ac332050e80_0;  alias, 1 drivers
E_0x5ac332050780 .event anyedge, v0x5ac332050900_0, v0x5ac332050800_0;
S_0x5ac332050a40 .scope module, "REGBIN" "RegBin" 5 18, 8 1 0, S_0x5ac33204fe20;
 .timescale 0 0;
    .port_info 0 /INPUT 1 "clk";
    .port_info 1 /INPUT 1 "rst";
    .port_info 2 /INPUT 1 "ADD";
    .port_info 3 /INPUT 1 "SHIFT";
    .port_info 4 /INPUT 1 "LD";
    .port_info 5 /INPUT 16 "Binario";
    .port_info 6 /INPUT 20 "BCDCorregido";
    .port_info 7 /OUTPUT 36 "Bin";
v0x5ac332050d40_0 .net "ADD", 0 0, v0x5ac332009060_0;  alias, 1 drivers
v0x5ac332050de0_0 .net "BCDCorregido", 19 0, v0x5ac332050800_0;  alias, 1 drivers
v0x5ac332050e80_0 .var "Bin", 35 0;
v0x5ac332050f80_0 .net "Binario", 15 0, v0x5ac332053280_0;  alias, 1 drivers
v0x5ac332051020_0 .net "LD", 0 0, v0x5ac33204f940_0;  alias, 1 drivers
v0x5ac332051110_0 .net "SHIFT", 0 0, v0x5ac33204fa00_0;  alias, 1 drivers
v0x5ac3320511e0_0 .net "clk", 0 0, v0x5ac332053480_0;  alias, 1 drivers
v0x5ac3320512b0_0 .net "rst", 0 0, v0x5ac332053520_0;  alias, 1 drivers
S_0x5ac332051430 .scope module, "REGC" "RegC" 5 34, 9 1 0, S_0x5ac33204fe20;
 .timescale 0 0;
    .port_info 0 /INPUT 1 "clk";
    .port_info 1 /INPUT 1 "rst";
    .port_info 2 /INPUT 1 "LD";
    .port_info 3 /INPUT 1 "DEC";
    .port_info 4 /OUTPUT 5 "C";
v0x5ac3320515f0_0 .var "C", 4 0;
v0x5ac332051700_0 .net "DEC", 0 0, v0x5ac332006fd0_0;  alias, 1 drivers
v0x5ac3320517d0_0 .net "LD", 0 0, v0x5ac33204f940_0;  alias, 1 drivers
v0x5ac3320518f0_0 .net "clk", 0 0, v0x5ac332053480_0;  alias, 1 drivers
v0x5ac3320519e0_0 .net "rst", 0 0, v0x5ac332053520_0;  alias, 1 drivers
    .scope S_0x5ac33204ef20;
T_1 ;
    %wait E_0x5ac33201a2a0;
    %load/vec4 v0x5ac33204fc40_0;
    %flag_set/vec4 8;
    %jmp/0xz  T_1.0, 8;
    %pushi/vec4 0, 0, 3;
    %assign/vec4 v0x5ac33204f750_0, 0;
    %jmp T_1.1;
T_1.0 ;
    %load/vec4 v0x5ac33204f750_0;
    %dup/vec4;
    %pushi/vec4 0, 0, 3;
    %cmp/u;
    %jmp/1 T_1.2, 6;
    %dup/vec4;
    %pushi/vec4 1, 0, 3;
    %cmp/u;
    %jmp/1 T_1.3, 6;
    %dup/vec4;
    %pushi/vec4 2, 0, 3;
    %cmp/u;
    %jmp/1 T_1.4, 6;
    %dup/vec4;
    %pushi/vec4 3, 0, 3;
    %cmp/u;
    %jmp/1 T_1.5, 6;
    %dup/vec4;
    %pushi/vec4 4, 0, 3;
    %cmp/u;
    %jmp/1 T_1.6, 6;
    %dup/vec4;
    %pushi/vec4 5, 0, 3;
    %cmp/u;
    %jmp/1 T_1.7, 6;
    %pushi/vec4 0, 0, 3;
    %assign/vec4 v0x5ac33204f750_0, 0;
    %jmp T_1.9;
T_1.2 ;
    %load/vec4 v0x5ac33204f830_0;
    %flag_set/vec4 8;
    %jmp/0xz  T_1.10, 8;
    %pushi/vec4 1, 0, 3;
    %assign/vec4 v0x5ac33204f750_0, 0;
    %jmp T_1.11;
T_1.10 ;
    %pushi/vec4 0, 0, 3;
    %assign/vec4 v0x5ac33204f750_0, 0;
T_1.11 ;
    %jmp T_1.9;
T_1.3 ;
    %load/vec4 v0x5ac33204fac0_0;
    %flag_set/vec4 8;
    %jmp/0xz  T_1.12, 8;
    %pushi/vec4 5, 0, 3;
    %assign/vec4 v0x5ac33204f750_0, 0;
    %jmp T_1.13;
T_1.12 ;
    %pushi/vec4 2, 0, 3;
    %assign/vec4 v0x5ac33204f750_0, 0;
T_1.13 ;
    %jmp T_1.9;
T_1.4 ;
    %pushi/vec4 3, 0, 3;
    %assign/vec4 v0x5ac33204f750_0, 0;
    %jmp T_1.9;
T_1.5 ;
    %pushi/vec4 4, 0, 3;
    %assign/vec4 v0x5ac33204f750_0, 0;
    %jmp T_1.9;
T_1.6 ;
    %pushi/vec4 1, 0, 3;
    %assign/vec4 v0x5ac33204f750_0, 0;
    %jmp T_1.9;
T_1.7 ;
    %pushi/vec4 0, 0, 3;
    %assign/vec4 v0x5ac33204f750_0, 0;
    %jmp T_1.9;
T_1.9 ;
    %pop/vec4 1;
T_1.1 ;
    %jmp T_1;
    .thread T_1;
    .scope S_0x5ac33204ef20;
T_2 ;
    %wait E_0x5ac3320199b0;
    %load/vec4 v0x5ac33204f750_0;
    %dup/vec4;
    %pushi/vec4 0, 0, 3;
    %cmp/u;
    %jmp/1 T_2.0, 6;
    %dup/vec4;
    %pushi/vec4 1, 0, 3;
    %cmp/u;
    %jmp/1 T_2.1, 6;
    %dup/vec4;
    %pushi/vec4 2, 0, 3;
    %cmp/u;
    %jmp/1 T_2.2, 6;
    %dup/vec4;
    %pushi/vec4 3, 0, 3;
    %cmp/u;
    %jmp/1 T_2.3, 6;
    %dup/vec4;
    %pushi/vec4 4, 0, 3;
    %cmp/u;
    %jmp/1 T_2.4, 6;
    %dup/vec4;
    %pushi/vec4 5, 0, 3;
    %cmp/u;
    %jmp/1 T_2.5, 6;
    %pushi/vec4 0, 0, 1;
    %store/vec4 v0x5ac332009060_0, 0, 1;
    %pushi/vec4 0, 0, 1;
    %store/vec4 v0x5ac33204f940_0, 0, 1;
    %pushi/vec4 0, 0, 1;
    %store/vec4 v0x5ac33204fa00_0, 0, 1;
    %pushi/vec4 0, 0, 1;
    %store/vec4 v0x5ac332006fd0_0, 0, 1;
    %pushi/vec4 0, 0, 1;
    %store/vec4 v0x5ac33204f6b0_0, 0, 1;
    %jmp T_2.7;
T_2.0 ;
    %pushi/vec4 0, 0, 1;
    %store/vec4 v0x5ac332009060_0, 0, 1;
    %pushi/vec4 1, 0, 1;
    %store/vec4 v0x5ac33204f940_0, 0, 1;
    %pushi/vec4 0, 0, 1;
    %store/vec4 v0x5ac33204fa00_0, 0, 1;
    %pushi/vec4 0, 0, 1;
    %store/vec4 v0x5ac332006fd0_0, 0, 1;
    %pushi/vec4 0, 0, 1;
    %store/vec4 v0x5ac33204f6b0_0, 0, 1;
    %jmp T_2.7;
T_2.1 ;
    %pushi/vec4 0, 0, 1;
    %store/vec4 v0x5ac332009060_0, 0, 1;
    %pushi/vec4 0, 0, 1;
    %store/vec4 v0x5ac33204f940_0, 0, 1;
    %pushi/vec4 0, 0, 1;
    %store/vec4 v0x5ac33204fa00_0, 0, 1;
    %pushi/vec4 0, 0, 1;
    %store/vec4 v0x5ac332006fd0_0, 0, 1;
    %pushi/vec4 0, 0, 1;
    %store/vec4 v0x5ac33204f6b0_0, 0, 1;
    %jmp T_2.7;
T_2.2 ;
    %pushi/vec4 0, 0, 1;
    %store/vec4 v0x5ac332009060_0, 0, 1;
    %pushi/vec4 0, 0, 1;
    %store/vec4 v0x5ac33204f940_0, 0, 1;
    %pushi/vec4 0, 0, 1;
    %store/vec4 v0x5ac33204fa00_0, 0, 1;
    %pushi/vec4 0, 0, 1;
    %store/vec4 v0x5ac332006fd0_0, 0, 1;
    %pushi/vec4 0, 0, 1;
    %store/vec4 v0x5ac33204f6b0_0, 0, 1;
    %jmp T_2.7;
T_2.3 ;
    %pushi/vec4 1, 0, 1;
    %store/vec4 v0x5ac332009060_0, 0, 1;
    %pushi/vec4 0, 0, 1;
    %store/vec4 v0x5ac33204f940_0, 0, 1;
    %pushi/vec4 0, 0, 1;
    %store/vec4 v0x5ac33204fa00_0, 0, 1;
    %pushi/vec4 0, 0, 1;
    %store/vec4 v0x5ac332006fd0_0, 0, 1;
    %pushi/vec4 0, 0, 1;
    %store/vec4 v0x5ac33204f6b0_0, 0, 1;
    %jmp T_2.7;
T_2.4 ;
    %pushi/vec4 0, 0, 1;
    %store/vec4 v0x5ac332009060_0, 0, 1;
    %pushi/vec4 0, 0, 1;
    %store/vec4 v0x5ac33204f940_0, 0, 1;
    %pushi/vec4 1, 0, 1;
    %store/vec4 v0x5ac33204fa00_0, 0, 1;
    %pushi/vec4 1, 0, 1;
    %store/vec4 v0x5ac332006fd0_0, 0, 1;
    %pushi/vec4 0, 0, 1;
    %store/vec4 v0x5ac33204f6b0_0, 0, 1;
    %jmp T_2.7;
T_2.5 ;
    %pushi/vec4 0, 0, 1;
    %store/vec4 v0x5ac332009060_0, 0, 1;
    %pushi/vec4 0, 0, 1;
    %store/vec4 v0x5ac33204f940_0, 0, 1;
    %pushi/vec4 0, 0, 1;
    %store/vec4 v0x5ac33204fa00_0, 0, 1;
    %pushi/vec4 0, 0, 1;
    %store/vec4 v0x5ac332006fd0_0, 0, 1;
    %pushi/vec4 1, 0, 1;
    %store/vec4 v0x5ac33204f6b0_0, 0, 1;
    %jmp T_2.7;
T_2.7 ;
    %pop/vec4 1;
    %jmp T_2;
    .thread T_2, $push;
    .scope S_0x5ac332050a40;
T_3 ;
    %wait E_0x5ac33201a2a0;
    %load/vec4 v0x5ac3320512b0_0;
    %flag_set/vec4 8;
    %jmp/0xz  T_3.0, 8;
    %pushi/vec4 0, 0, 36;
    %assign/vec4 v0x5ac332050e80_0, 0;
    %jmp T_3.1;
T_3.0 ;
    %load/vec4 v0x5ac332051020_0;
    %flag_set/vec4 8;
    %jmp/0xz  T_3.2, 8;
    %pushi/vec4 0, 0, 20;
    %load/vec4 v0x5ac332050f80_0;
    %concat/vec4; draw_concat_vec4
    %assign/vec4 v0x5ac332050e80_0, 0;
    %jmp T_3.3;
T_3.2 ;
    %load/vec4 v0x5ac332050d40_0;
    %flag_set/vec4 8;
    %jmp/0xz  T_3.4, 8;
    %load/vec4 v0x5ac332050de0_0;
    %ix/load 4, 16, 0;
    %ix/load 5, 0, 0;
    %flag_set/imm 4, 0;
    %assign/vec4/off/d v0x5ac332050e80_0, 4, 5;
    %jmp T_3.5;
T_3.4 ;
    %load/vec4 v0x5ac332051110_0;
    %flag_set/vec4 8;
    %jmp/0xz  T_3.6, 8;
    %load/vec4 v0x5ac332050e80_0;
    %ix/load 4, 1, 0;
    %flag_set/imm 4, 0;
    %shiftl 4;
    %assign/vec4 v0x5ac332050e80_0, 0;
T_3.6 ;
T_3.5 ;
T_3.3 ;
T_3.1 ;
    %jmp T_3;
    .thread T_3;
    .scope S_0x5ac3320505a0;
T_4 ;
    %wait E_0x5ac332050780;
    %load/vec4 v0x5ac332050900_0;
    %parti/s 20, 16, 6;
    %store/vec4 v0x5ac332050800_0, 0, 20;
    %load/vec4 v0x5ac332050800_0;
    %parti/s 4, 0, 2;
    %pad/u 32;
    %cmpi/u 5, 0, 32;
    %flag_inv 5; GE is !LT
    %jmp/0xz  T_4.0, 5;
    %load/vec4 v0x5ac332050800_0;
    %parti/s 4, 0, 2;
    %addi 3, 0, 4;
    %ix/load 4, 0, 0;
    %flag_set/imm 4, 0;
    %store/vec4 v0x5ac332050800_0, 4, 4;
T_4.0 ;
    %load/vec4 v0x5ac332050800_0;
    %parti/s 4, 4, 4;
    %pad/u 32;
    %cmpi/u 5, 0, 32;
    %flag_inv 5; GE is !LT
    %jmp/0xz  T_4.2, 5;
    %load/vec4 v0x5ac332050800_0;
    %parti/s 4, 4, 4;
    %addi 3, 0, 4;
    %ix/load 4, 4, 0;
    %flag_set/imm 4, 0;
    %store/vec4 v0x5ac332050800_0, 4, 4;
T_4.2 ;
    %load/vec4 v0x5ac332050800_0;
    %parti/s 4, 8, 5;
    %pad/u 32;
    %cmpi/u 5, 0, 32;
    %flag_inv 5; GE is !LT
    %jmp/0xz  T_4.4, 5;
    %load/vec4 v0x5ac332050800_0;
    %parti/s 4, 8, 5;
    %addi 3, 0, 4;
    %ix/load 4, 8, 0;
    %flag_set/imm 4, 0;
    %store/vec4 v0x5ac332050800_0, 4, 4;
T_4.4 ;
    %load/vec4 v0x5ac332050800_0;
    %parti/s 4, 12, 5;
    %pad/u 32;
    %cmpi/u 5, 0, 32;
    %flag_inv 5; GE is !LT
    %jmp/0xz  T_4.6, 5;
    %load/vec4 v0x5ac332050800_0;
    %parti/s 4, 12, 5;
    %addi 3, 0, 4;
    %ix/load 4, 12, 0;
    %flag_set/imm 4, 0;
    %store/vec4 v0x5ac332050800_0, 4, 4;
T_4.6 ;
    %load/vec4 v0x5ac332050800_0;
    %parti/s 4, 16, 6;
    %pad/u 32;
    %cmpi/u 5, 0, 32;
    %flag_inv 5; GE is !LT
    %jmp/0xz  T_4.8, 5;
    %load/vec4 v0x5ac332050800_0;
    %parti/s 4, 16, 6;
    %addi 3, 0, 4;
    %ix/load 4, 16, 0;
    %flag_set/imm 4, 0;
    %store/vec4 v0x5ac332050800_0, 4, 4;
T_4.8 ;
    %jmp T_4;
    .thread T_4, $push;
    .scope S_0x5ac332051430;
T_5 ;
    %wait E_0x5ac33201a2a0;
    %load/vec4 v0x5ac3320519e0_0;
    %flag_set/vec4 8;
    %jmp/0xz  T_5.0, 8;
    %pushi/vec4 16, 0, 5;
    %assign/vec4 v0x5ac3320515f0_0, 0;
    %jmp T_5.1;
T_5.0 ;
    %load/vec4 v0x5ac3320517d0_0;
    %flag_set/vec4 8;
    %jmp/0xz  T_5.2, 8;
    %pushi/vec4 16, 0, 5;
    %assign/vec4 v0x5ac3320515f0_0, 0;
    %jmp T_5.3;
T_5.2 ;
    %load/vec4 v0x5ac332051700_0;
    %flag_set/vec4 8;
    %jmp/0xz  T_5.4, 8;
    %load/vec4 v0x5ac3320515f0_0;
    %subi 1, 0, 5;
    %assign/vec4 v0x5ac3320515f0_0, 0;
T_5.4 ;
T_5.3 ;
T_5.1 ;
    %jmp T_5;
    .thread T_5;
    .scope S_0x5ac332026440;
T_6 ;
    %pushi/vec4 0, 0, 1;
    %store/vec4 v0x5ac332053480_0, 0, 1;
T_6.0 ;
    %delay 20, 0;
    %load/vec4 v0x5ac332053480_0;
    %inv;
    %store/vec4 v0x5ac332053480_0, 0, 1;
    %jmp T_6.0;
    %end;
    .thread T_6;
    .scope S_0x5ac332026440;
T_7 ;
    %vpi_call 2 46 "$dumpfile", "ConversorBCD_TB.vcd" {0 0 0};
    %vpi_call 2 47 "$dumpvars", 32'sb00000000000000000000000000000000, S_0x5ac332026440 {0 0 0};
    %pushi/vec4 0, 0, 16;
    %store/vec4 v0x5ac33200f9b0_0, 0, 16;
    %fork TD_ConversorBCD_TB.prueba, S_0x5ac3320265d0;
    %join;
    %pushi/vec4 9, 0, 16;
    %store/vec4 v0x5ac33200f9b0_0, 0, 16;
    %fork TD_ConversorBCD_TB.prueba, S_0x5ac3320265d0;
    %join;
    %pushi/vec4 25, 0, 16;
    %store/vec4 v0x5ac33200f9b0_0, 0, 16;
    %fork TD_ConversorBCD_TB.prueba, S_0x5ac3320265d0;
    %join;
    %pushi/vec4 1234, 0, 16;
    %store/vec4 v0x5ac33200f9b0_0, 0, 16;
    %fork TD_ConversorBCD_TB.prueba, S_0x5ac3320265d0;
    %join;
    %pushi/vec4 12345, 0, 16;
    %store/vec4 v0x5ac33200f9b0_0, 0, 16;
    %fork TD_ConversorBCD_TB.prueba, S_0x5ac3320265d0;
    %join;
    %pushi/vec4 65535, 0, 16;
    %store/vec4 v0x5ac33200f9b0_0, 0, 16;
    %fork TD_ConversorBCD_TB.prueba, S_0x5ac3320265d0;
    %join;
    %vpi_call 2 56 "$finish" {0 0 0};
    %end;
    .thread T_7;
# The file index is used to find the file name in the following table.
:file_names 10;
    "N/A";
    "<interactive>";
    "ConversorBCD_TB.v";
    "ConversorBCD.v";
    "Control.v";
    "CaminoDeDatos.v";
    "Comp.v";
    "CorreccionBCD.v";
    "RegBin.v";
    "RegC.v";
