#! /usr/bin/vvp
:ivl_version "12.0 (stable)";
:ivl_delay_selection "TYPICAL";
:vpi_time_precision + 0;
:vpi_module "/usr/lib/x86_64-linux-gnu/ivl/system.vpi";
:vpi_module "/usr/lib/x86_64-linux-gnu/ivl/vhdl_sys.vpi";
:vpi_module "/usr/lib/x86_64-linux-gnu/ivl/vhdl_textio.vpi";
:vpi_module "/usr/lib/x86_64-linux-gnu/ivl/v2005_math.vpi";
:vpi_module "/usr/lib/x86_64-linux-gnu/ivl/va_math.vpi";
S_0x63bdcf874760 .scope module, "Control_TB" "Control_TB" 2 1;
 .timescale 0 0;
v0x63bdcf8da780_0 .net "Cargar", 0 0, v0x63bdcf8a5250_0;  1 drivers
v0x63bdcf8da840_0 .var "Cero", 0 0;
v0x63bdcf8da8e0_0 .net "Corrimiento", 0 0, v0x63bdcf8a58b0_0;  1 drivers
v0x63bdcf8da980_0 .net "DONE", 0 0, v0x63bdcf8a5bc0_0;  1 drivers
v0x63bdcf8daa20_0 .net "Decremento", 0 0, v0x63bdcf8a5dd0_0;  1 drivers
v0x63bdcf8daac0_0 .var "INIT", 0 0;
v0x63bdcf8dab90_0 .net "Incremento", 0 0, v0x63bdcf8a0110_0;  1 drivers
v0x63bdcf8dac60_0 .var "LBS", 0 0;
v0x63bdcf8dad30_0 .var "clk", 0 0;
v0x63bdcf8dae00_0 .var "rst", 0 0;
E_0x63bdcf8b5610 .event posedge, v0x63bdcf8da380_0;
S_0x63bdcf8b2bc0 .scope module, "uut" "Control" 2 13, 3 1 0, S_0x63bdcf874760;
 .timescale 0 0;
    .port_info 0 /INPUT 1 "clk";
    .port_info 1 /INPUT 1 "rst";
    .port_info 2 /INPUT 1 "INIT";
    .port_info 3 /INPUT 1 "Cero";
    .port_info 4 /INPUT 1 "LBS";
    .port_info 5 /OUTPUT 1 "Cargar";
    .port_info 6 /OUTPUT 1 "Corrimiento";
    .port_info 7 /OUTPUT 1 "Decremento";
    .port_info 8 /OUTPUT 1 "Incremento";
    .port_info 9 /OUTPUT 1 "DONE";
P_0x63bdcf8b2da0 .param/l "Chequeo1" 0 3 26, C4<001>;
P_0x63bdcf8b2de0 .param/l "Chequeo2" 0 3 27, C4<010>;
P_0x63bdcf8b2e20 .param/l "Final" 0 3 30, C4<101>;
P_0x63bdcf8b2e60 .param/l "IncCarga" 0 3 28, C4<011>;
P_0x63bdcf8b2ea0 .param/l "Inicio" 0 3 25, C4<000>;
P_0x63bdcf8b2ee0 .param/l "ShiftDec" 0 3 29, C4<100>;
v0x63bdcf8a5250_0 .var "Cargar", 0 0;
v0x63bdcf8a5560_0 .net "Cero", 0 0, v0x63bdcf8da840_0;  1 drivers
v0x63bdcf8a58b0_0 .var "Corrimiento", 0 0;
v0x63bdcf8a5bc0_0 .var "DONE", 0 0;
v0x63bdcf8a5dd0_0 .var "Decremento", 0 0;
v0x63bdcf8a6120_0 .net "INIT", 0 0, v0x63bdcf8daac0_0;  1 drivers
v0x63bdcf8a0110_0 .var "Incremento", 0 0;
v0x63bdcf8da1e0_0 .net "LBS", 0 0, v0x63bdcf8dac60_0;  1 drivers
v0x63bdcf8da2a0_0 .var "STATE", 2 0;
v0x63bdcf8da380_0 .net "clk", 0 0, v0x63bdcf8dad30_0;  1 drivers
v0x63bdcf8da440_0 .var "estado_nombre", 160 1;
v0x63bdcf8da520_0 .net "rst", 0 0, v0x63bdcf8dae00_0;  1 drivers
E_0x63bdcf8b3bf0 .event anyedge, v0x63bdcf8da2a0_0;
E_0x63bdcf8bef30 .event posedge, v0x63bdcf8da520_0, v0x63bdcf8da380_0;
    .scope S_0x63bdcf8b2bc0;
T_0 ;
    %wait E_0x63bdcf8bef30;
    %load/vec4 v0x63bdcf8da520_0;
    %flag_set/vec4 8;
    %jmp/0xz  T_0.0, 8;
    %pushi/vec4 0, 0, 3;
    %assign/vec4 v0x63bdcf8da2a0_0, 0;
    %jmp T_0.1;
T_0.0 ;
    %load/vec4 v0x63bdcf8da2a0_0;
    %dup/vec4;
    %pushi/vec4 0, 0, 3;
    %cmp/u;
    %jmp/1 T_0.2, 6;
    %dup/vec4;
    %pushi/vec4 1, 0, 3;
    %cmp/u;
    %jmp/1 T_0.3, 6;
    %dup/vec4;
    %pushi/vec4 2, 0, 3;
    %cmp/u;
    %jmp/1 T_0.4, 6;
    %dup/vec4;
    %pushi/vec4 3, 0, 3;
    %cmp/u;
    %jmp/1 T_0.5, 6;
    %dup/vec4;
    %pushi/vec4 4, 0, 3;
    %cmp/u;
    %jmp/1 T_0.6, 6;
    %dup/vec4;
    %pushi/vec4 5, 0, 3;
    %cmp/u;
    %jmp/1 T_0.7, 6;
    %pushi/vec4 0, 0, 3;
    %assign/vec4 v0x63bdcf8da2a0_0, 0;
    %jmp T_0.9;
T_0.2 ;
    %load/vec4 v0x63bdcf8a6120_0;
    %flag_set/vec4 8;
    %jmp/0xz  T_0.10, 8;
    %pushi/vec4 1, 0, 3;
    %assign/vec4 v0x63bdcf8da2a0_0, 0;
    %jmp T_0.11;
T_0.10 ;
    %pushi/vec4 0, 0, 3;
    %assign/vec4 v0x63bdcf8da2a0_0, 0;
T_0.11 ;
    %jmp T_0.9;
T_0.3 ;
    %load/vec4 v0x63bdcf8a5560_0;
    %flag_set/vec4 8;
    %jmp/0xz  T_0.12, 8;
    %pushi/vec4 5, 0, 3;
    %assign/vec4 v0x63bdcf8da2a0_0, 0;
    %jmp T_0.13;
T_0.12 ;
    %pushi/vec4 2, 0, 3;
    %assign/vec4 v0x63bdcf8da2a0_0, 0;
T_0.13 ;
    %jmp T_0.9;
T_0.4 ;
    %load/vec4 v0x63bdcf8da1e0_0;
    %flag_set/vec4 8;
    %jmp/0xz  T_0.14, 8;
    %pushi/vec4 3, 0, 3;
    %assign/vec4 v0x63bdcf8da2a0_0, 0;
    %jmp T_0.15;
T_0.14 ;
    %pushi/vec4 4, 0, 3;
    %assign/vec4 v0x63bdcf8da2a0_0, 0;
T_0.15 ;
    %jmp T_0.9;
T_0.5 ;
    %pushi/vec4 4, 0, 3;
    %assign/vec4 v0x63bdcf8da2a0_0, 0;
    %jmp T_0.9;
T_0.6 ;
    %pushi/vec4 1, 0, 3;
    %assign/vec4 v0x63bdcf8da2a0_0, 0;
    %jmp T_0.9;
T_0.7 ;
    %pushi/vec4 0, 0, 3;
    %assign/vec4 v0x63bdcf8da2a0_0, 0;
    %jmp T_0.9;
T_0.9 ;
    %pop/vec4 1;
T_0.1 ;
    %jmp T_0;
    .thread T_0;
    .scope S_0x63bdcf8b2bc0;
T_1 ;
    %wait E_0x63bdcf8b3bf0;
    %load/vec4 v0x63bdcf8da2a0_0;
    %dup/vec4;
    %pushi/vec4 0, 0, 3;
    %cmp/u;
    %jmp/1 T_1.0, 6;
    %dup/vec4;
    %pushi/vec4 1, 0, 3;
    %cmp/u;
    %jmp/1 T_1.1, 6;
    %dup/vec4;
    %pushi/vec4 2, 0, 3;
    %cmp/u;
    %jmp/1 T_1.2, 6;
    %dup/vec4;
    %pushi/vec4 3, 0, 3;
    %cmp/u;
    %jmp/1 T_1.3, 6;
    %dup/vec4;
    %pushi/vec4 4, 0, 3;
    %cmp/u;
    %jmp/1 T_1.4, 6;
    %dup/vec4;
    %pushi/vec4 5, 0, 3;
    %cmp/u;
    %jmp/1 T_1.5, 6;
    %pushi/vec4 0, 0, 1;
    %store/vec4 v0x63bdcf8a5250_0, 0, 1;
    %pushi/vec4 0, 0, 1;
    %store/vec4 v0x63bdcf8a58b0_0, 0, 1;
    %pushi/vec4 0, 0, 1;
    %store/vec4 v0x63bdcf8a5dd0_0, 0, 1;
    %pushi/vec4 0, 0, 1;
    %store/vec4 v0x63bdcf8a0110_0, 0, 1;
    %pushi/vec4 0, 0, 1;
    %store/vec4 v0x63bdcf8a5bc0_0, 0, 1;
    %jmp T_1.7;
T_1.0 ;
    %pushi/vec4 1, 0, 1;
    %store/vec4 v0x63bdcf8a5250_0, 0, 1;
    %pushi/vec4 0, 0, 1;
    %store/vec4 v0x63bdcf8a58b0_0, 0, 1;
    %pushi/vec4 0, 0, 1;
    %store/vec4 v0x63bdcf8a5dd0_0, 0, 1;
    %pushi/vec4 0, 0, 1;
    %store/vec4 v0x63bdcf8a0110_0, 0, 1;
    %pushi/vec4 0, 0, 1;
    %store/vec4 v0x63bdcf8a5bc0_0, 0, 1;
    %jmp T_1.7;
T_1.1 ;
    %pushi/vec4 0, 0, 1;
    %store/vec4 v0x63bdcf8a5250_0, 0, 1;
    %pushi/vec4 0, 0, 1;
    %store/vec4 v0x63bdcf8a58b0_0, 0, 1;
    %pushi/vec4 0, 0, 1;
    %store/vec4 v0x63bdcf8a5dd0_0, 0, 1;
    %pushi/vec4 0, 0, 1;
    %store/vec4 v0x63bdcf8a0110_0, 0, 1;
    %pushi/vec4 0, 0, 1;
    %store/vec4 v0x63bdcf8a5bc0_0, 0, 1;
    %jmp T_1.7;
T_1.2 ;
    %pushi/vec4 0, 0, 1;
    %store/vec4 v0x63bdcf8a5250_0, 0, 1;
    %pushi/vec4 0, 0, 1;
    %store/vec4 v0x63bdcf8a58b0_0, 0, 1;
    %pushi/vec4 0, 0, 1;
    %store/vec4 v0x63bdcf8a5dd0_0, 0, 1;
    %pushi/vec4 0, 0, 1;
    %store/vec4 v0x63bdcf8a0110_0, 0, 1;
    %pushi/vec4 0, 0, 1;
    %store/vec4 v0x63bdcf8a5bc0_0, 0, 1;
    %jmp T_1.7;
T_1.3 ;
    %pushi/vec4 0, 0, 1;
    %store/vec4 v0x63bdcf8a5250_0, 0, 1;
    %pushi/vec4 0, 0, 1;
    %store/vec4 v0x63bdcf8a58b0_0, 0, 1;
    %pushi/vec4 0, 0, 1;
    %store/vec4 v0x63bdcf8a5dd0_0, 0, 1;
    %pushi/vec4 1, 0, 1;
    %store/vec4 v0x63bdcf8a0110_0, 0, 1;
    %pushi/vec4 0, 0, 1;
    %store/vec4 v0x63bdcf8a5bc0_0, 0, 1;
    %jmp T_1.7;
T_1.4 ;
    %pushi/vec4 0, 0, 1;
    %store/vec4 v0x63bdcf8a5250_0, 0, 1;
    %pushi/vec4 1, 0, 1;
    %store/vec4 v0x63bdcf8a58b0_0, 0, 1;
    %pushi/vec4 1, 0, 1;
    %store/vec4 v0x63bdcf8a5dd0_0, 0, 1;
    %pushi/vec4 0, 0, 1;
    %store/vec4 v0x63bdcf8a0110_0, 0, 1;
    %pushi/vec4 0, 0, 1;
    %store/vec4 v0x63bdcf8a5bc0_0, 0, 1;
    %jmp T_1.7;
T_1.5 ;
    %pushi/vec4 0, 0, 1;
    %store/vec4 v0x63bdcf8a5250_0, 0, 1;
    %pushi/vec4 0, 0, 1;
    %store/vec4 v0x63bdcf8a58b0_0, 0, 1;
    %pushi/vec4 0, 0, 1;
    %store/vec4 v0x63bdcf8a5dd0_0, 0, 1;
    %pushi/vec4 0, 0, 1;
    %store/vec4 v0x63bdcf8a0110_0, 0, 1;
    %pushi/vec4 1, 0, 1;
    %store/vec4 v0x63bdcf8a5bc0_0, 0, 1;
    %jmp T_1.7;
T_1.7 ;
    %pop/vec4 1;
    %jmp T_1;
    .thread T_1, $push;
    .scope S_0x63bdcf8b2bc0;
T_2 ;
    %wait E_0x63bdcf8b3bf0;
    %load/vec4 v0x63bdcf8da2a0_0;
    %dup/vec4;
    %pushi/vec4 0, 0, 3;
    %cmp/u;
    %jmp/1 T_2.0, 6;
    %dup/vec4;
    %pushi/vec4 1, 0, 3;
    %cmp/u;
    %jmp/1 T_2.1, 6;
    %dup/vec4;
    %pushi/vec4 2, 0, 3;
    %cmp/u;
    %jmp/1 T_2.2, 6;
    %dup/vec4;
    %pushi/vec4 3, 0, 3;
    %cmp/u;
    %jmp/1 T_2.3, 6;
    %dup/vec4;
    %pushi/vec4 4, 0, 3;
    %cmp/u;
    %jmp/1 T_2.4, 6;
    %dup/vec4;
    %pushi/vec4 5, 0, 3;
    %cmp/u;
    %jmp/1 T_2.5, 6;
    %pushi/vec4 0, 0, 32; draw_string_vec4
    %pushi/vec4 0, 0, 32; draw_string_vec4
    %concat/vec4; draw_string_vec4
    %pushi/vec4 0, 0, 32; draw_string_vec4
    %concat/vec4; draw_string_vec4
    %pushi/vec4 7695979, 0, 32; draw_string_vec4
    %concat/vec4; draw_string_vec4
    %pushi/vec4 1852798830, 0, 32; draw_string_vec4
    %concat/vec4; draw_string_vec4
    %store/vec4 v0x63bdcf8da440_0, 0, 160;
    %jmp T_2.7;
T_2.0 ;
    %pushi/vec4 0, 0, 32; draw_string_vec4
    %pushi/vec4 0, 0, 32; draw_string_vec4
    %concat/vec4; draw_string_vec4
    %pushi/vec4 0, 0, 32; draw_string_vec4
    %concat/vec4; draw_string_vec4
    %pushi/vec4 18766, 0, 32; draw_string_vec4
    %concat/vec4; draw_string_vec4
    %pushi/vec4 1229146447, 0, 32; draw_string_vec4
    %concat/vec4; draw_string_vec4
    %store/vec4 v0x63bdcf8da440_0, 0, 160;
    %jmp T_2.7;
T_2.1 ;
    %pushi/vec4 0, 0, 32; draw_string_vec4
    %pushi/vec4 0, 0, 32; draw_string_vec4
    %concat/vec4; draw_string_vec4
    %pushi/vec4 0, 0, 32; draw_string_vec4
    %concat/vec4; draw_string_vec4
    %pushi/vec4 1128809809, 0, 32; draw_string_vec4
    %concat/vec4; draw_string_vec4
    %pushi/vec4 1430605617, 0, 32; draw_string_vec4
    %concat/vec4; draw_string_vec4
    %store/vec4 v0x63bdcf8da440_0, 0, 160;
    %jmp T_2.7;
T_2.2 ;
    %pushi/vec4 0, 0, 32; draw_string_vec4
    %pushi/vec4 0, 0, 32; draw_string_vec4
    %concat/vec4; draw_string_vec4
    %pushi/vec4 0, 0, 32; draw_string_vec4
    %concat/vec4; draw_string_vec4
    %pushi/vec4 1128809809, 0, 32; draw_string_vec4
    %concat/vec4; draw_string_vec4
    %pushi/vec4 1430605618, 0, 32; draw_string_vec4
    %concat/vec4; draw_string_vec4
    %store/vec4 v0x63bdcf8da440_0, 0, 160;
    %jmp T_2.7;
T_2.3 ;
    %pushi/vec4 0, 0, 32; draw_string_vec4
    %pushi/vec4 0, 0, 32; draw_string_vec4
    %concat/vec4; draw_string_vec4
    %pushi/vec4 73, 0, 32; draw_string_vec4
    %concat/vec4; draw_string_vec4
    %pushi/vec4 1313038147, 0, 32; draw_string_vec4
    %concat/vec4; draw_string_vec4
    %pushi/vec4 1095911233, 0, 32; draw_string_vec4
    %concat/vec4; draw_string_vec4
    %store/vec4 v0x63bdcf8da440_0, 0, 160;
    %jmp T_2.7;
T_2.4 ;
    %pushi/vec4 0, 0, 32; draw_string_vec4
    %pushi/vec4 0, 0, 32; draw_string_vec4
    %concat/vec4; draw_string_vec4
    %pushi/vec4 83, 0, 32; draw_string_vec4
    %concat/vec4; draw_string_vec4
    %pushi/vec4 1212761684, 0, 32; draw_string_vec4
    %concat/vec4; draw_string_vec4
    %pushi/vec4 1598309699, 0, 32; draw_string_vec4
    %concat/vec4; draw_string_vec4
    %store/vec4 v0x63bdcf8da440_0, 0, 160;
    %jmp T_2.7;
T_2.5 ;
    %pushi/vec4 0, 0, 32; draw_string_vec4
    %pushi/vec4 0, 0, 32; draw_string_vec4
    %concat/vec4; draw_string_vec4
    %pushi/vec4 0, 0, 32; draw_string_vec4
    %concat/vec4; draw_string_vec4
    %pushi/vec4 70, 0, 32; draw_string_vec4
    %concat/vec4; draw_string_vec4
    %pushi/vec4 1229865292, 0, 32; draw_string_vec4
    %concat/vec4; draw_string_vec4
    %store/vec4 v0x63bdcf8da440_0, 0, 160;
    %jmp T_2.7;
T_2.7 ;
    %pop/vec4 1;
    %jmp T_2;
    .thread T_2, $push;
    .scope S_0x63bdcf874760;
T_3 ;
    %pushi/vec4 0, 0, 1;
    %store/vec4 v0x63bdcf8dad30_0, 0, 1;
T_3.0 ;
    %delay 20, 0;
    %load/vec4 v0x63bdcf8dad30_0;
    %inv;
    %store/vec4 v0x63bdcf8dad30_0, 0, 1;
    %jmp T_3.0;
    %end;
    .thread T_3;
    .scope S_0x63bdcf874760;
T_4 ;
    %vpi_call 2 25 "$dumpfile", "Control_TB.vcd" {0 0 0};
    %vpi_call 2 26 "$dumpvars", 32'sb00000000000000000000000000000000, S_0x63bdcf874760 {0 0 0};
    %pushi/vec4 1, 0, 1;
    %store/vec4 v0x63bdcf8dae00_0, 0, 1;
    %pushi/vec4 0, 0, 1;
    %store/vec4 v0x63bdcf8daac0_0, 0, 1;
    %pushi/vec4 0, 0, 1;
    %store/vec4 v0x63bdcf8da840_0, 0, 1;
    %pushi/vec4 0, 0, 1;
    %store/vec4 v0x63bdcf8dac60_0, 0, 1;
    %wait E_0x63bdcf8b5610;
    %pushi/vec4 0, 0, 1;
    %store/vec4 v0x63bdcf8dae00_0, 0, 1;
    %wait E_0x63bdcf8b5610;
    %pushi/vec4 1, 0, 1;
    %store/vec4 v0x63bdcf8daac0_0, 0, 1;
    %wait E_0x63bdcf8b5610;
    %pushi/vec4 0, 0, 1;
    %store/vec4 v0x63bdcf8daac0_0, 0, 1;
    %wait E_0x63bdcf8b5610;
    %pushi/vec4 1, 0, 1;
    %store/vec4 v0x63bdcf8da840_0, 0, 1;
    %wait E_0x63bdcf8b5610;
    %pushi/vec4 0, 0, 1;
    %store/vec4 v0x63bdcf8da840_0, 0, 1;
    %delay 40, 0;
    %wait E_0x63bdcf8b5610;
    %pushi/vec4 1, 0, 1;
    %store/vec4 v0x63bdcf8dae00_0, 0, 1;
    %wait E_0x63bdcf8b5610;
    %pushi/vec4 0, 0, 1;
    %store/vec4 v0x63bdcf8dae00_0, 0, 1;
    %pushi/vec4 1, 0, 1;
    %store/vec4 v0x63bdcf8daac0_0, 0, 1;
    %wait E_0x63bdcf8b5610;
    %pushi/vec4 0, 0, 1;
    %store/vec4 v0x63bdcf8daac0_0, 0, 1;
    %wait E_0x63bdcf8b5610;
    %pushi/vec4 1, 0, 1;
    %store/vec4 v0x63bdcf8dac60_0, 0, 1;
    %wait E_0x63bdcf8b5610;
    %pushi/vec4 0, 0, 1;
    %store/vec4 v0x63bdcf8dac60_0, 0, 1;
    %wait E_0x63bdcf8b5610;
    %wait E_0x63bdcf8b5610;
    %pushi/vec4 0, 0, 1;
    %store/vec4 v0x63bdcf8dac60_0, 0, 1;
    %wait E_0x63bdcf8b5610;
    %pushi/vec4 1, 0, 1;
    %store/vec4 v0x63bdcf8da840_0, 0, 1;
    %wait E_0x63bdcf8b5610;
    %pushi/vec4 0, 0, 1;
    %store/vec4 v0x63bdcf8da840_0, 0, 1;
    %delay 40, 0;
    %vpi_call 2 67 "$finish" {0 0 0};
    %end;
    .thread T_4;
# The file index is used to find the file name in the following table.
:file_names 4;
    "N/A";
    "<interactive>";
    "Control_TB.v";
    "Control.v";
